******************************************************************************
                  TI ARM Linker PC v18.12.4                    
******************************************************************************
>> Linked Sat Jan 15 11:43:30 2022

OUTPUT FILE NAME:   <blinky.out>
ENTRY POINT SYMBOL: "_c_int00_noargs"  address: 20004e91


MEMORY CONFIGURATION

         name            origin    length      used     unused   attr    fill
----------------------  --------  ---------  --------  --------  ----  --------
  SRAM_CODE             20004000   00019000  00001364  00017c9c  RW X
  SRAM_DATA             2001d000   00023000  00000823  000227dd  RW X


SEGMENT ALLOCATION MAP

run origin  load origin   length   init length attrs members
----------  ----------- ---------- ----------- ----- -------
20004000    20004000    00001368   00001368    r-x
  20004000    20004000    00000400   00000400    r-- .intvecs
  20004400    20004400    00000c90   00000c90    r-x .text
  20005090    20005090    00000294   00000294    r-- .const
  20005328    20005328    00000040   00000040    r-- .cinit
2001d000    2001d000    00000023   00000000    rw-
  2001d000    2001d000    00000020   00000000    rw- .data
  2001d020    2001d020    00000003   00000000    rw- .bss
2003f800    2003f800    00000800   00000000    rw-
  2003f800    2003f800    00000800   00000000    rw- .stack


SECTION ALLOCATION MAP

 output                                  attributes/
section   page    origin      length       input sections
--------  ----  ----------  ----------   ----------------
.intvecs   0    20004000    00000400     
                  20004000    00000400     startup_ccs.obj (.intvecs)

.init_array 
*          0    20004000    00000000     UNINITIALIZED

.text      0    20004400    00000c90     
                  20004400    00000398     gpio_if.obj (.text)
                  20004798    00000178     driverlib.a : prcm.obj (.text:PRCMCC3200MCUInit)
                  20004910    000000a8                 : interrupt.obj (.text:IntEnable)
                  200049b8    0000009c     rtsv7M4_T_le_v4SPD16_eabi.lib : memcpy_t2.asm.obj (.text)
                  20004a54    00000090     main.obj (.text)
                  20004ae4    00000088     driverlib.a : pin.obj (.text:PinConfigSet)
                  20004b6c    00000082                 : gpio.obj (.text:GPIOIntTypeSet)
                  20004bee    00000068     rtsv7M4_T_le_v4SPD16_eabi.lib : copy_decompress_lzss.c.obj (.text:decompress:lzss:__TI_decompress_lzss)
                  20004c56    00000002     --HOLE-- [fill = 0]
                  20004c58    00000058     driverlib.a : prcm.obj (.text:PRCMPeripheralReset)
                  20004cb0    00000054                 : interrupt.obj (.text:IntPrioritySet)
                  20004d04    0000004c     pinmux.obj (.text)
                  20004d50    00000048     driverlib.a : gpio.obj (.text:GPIOGetIntNumber)
                  20004d98    00000044     rtsv7M4_T_le_v4SPD16_eabi.lib : autoinit.c.obj (.text:__TI_auto_init_nobinit_nopinit:__TI_auto_init_nobinit_nopinit)
                  20004ddc    00000040     driverlib.a : pin.obj (.text:PinModeSet)
                  20004e1c    0000003c                 : prcm.obj (.text:PRCMPeripheralClkEnable)
                  20004e58    00000036                 : gpio.obj (.text:GPIODirModeSet)
                  20004e8e    00000002     --HOLE-- [fill = 0]
                  20004e90    00000034     rtsv7M4_T_le_v4SPD16_eabi.lib : boot_cortex_m.c.obj (.text:_c_int00_noargs:_c_int00_noargs)
                  20004ec4    00000030     driverlib.a : pin.obj (.text:PinTypeGPIO)
                  20004ef4    0000002c                 : prcm.obj (.text:PRCMSysResetCauseGet)
                  20004f20    00000028                 : prcm.obj (.text:PRCMPeripheralClkDisable)
                  20004f48    00000020                 : gpio.obj (.text:GPIOPinWrite)
                  20004f68    00000020                 : interrupt.obj (.text:IntRegister)
                  20004f88    0000001e                 : gpio.obj (.text:GPIOIntRegister)
                  20004fa6    0000001c     rtsv7M4_T_le_v4SPD16_eabi.lib : copy_zero_init.c.obj (.text:decompress:ZI:__TI_zero_init_nomemset:__TI_zero_init_nomemset)
                  20004fc2    0000001a     driverlib.a : gpio.obj (.text:GPIOIntEnable)
                  20004fdc    00000018                 : gpio.obj (.text:GPIOPinRead)
                  20004ff4    00000016                 : prcm.obj (.text:PRCMHIBRegRead)
                  2000500a    00000016                 : prcm.obj (.text:PRCMHIBRegWrite)
                  20005020    00000014                 : cpu.obj (.text:CPUcpsie)
                  20005034    00000014                 : gpio.obj (.text:GPIOIntClear)
                  20005048    00000014                 : interrupt.obj (.text:IntVTableBaseSet)
                  2000505c    0000000e     rtsv7M4_T_le_v4SPD16_eabi.lib : copy_decompress_none.c.obj (.text:decompress:none:__TI_decompress_none)
                  2000506a    0000000e     startup_ccs.obj (.text)
                  20005078    0000000a     driverlib.a : interrupt.obj (.text:IntMasterEnable)
                  20005082    00000006                 : utils.obj (.text:UtilsDelay)
                  20005088    00000004     rtsv7M4_T_le_v4SPD16_eabi.lib : pre_init.c.obj (.text:_system_pre_init)
                  2000508c    00000004                                   : exit.c.obj (.text:abort:abort)

.const     0    20005090    00000294     
                  20005090    00000100     driverlib.a : pin.obj (.const:g_ulPinToPadMap)
                  20005190    000000d4                 : interrupt.obj (.const:g_pulRegs)
                  20005264    000000a8                 : prcm.obj (.const:PRCM_PeriphRegsList)
                  2000530c    00000018                 : interrupt.obj (.const:g_pulEnRegs)

.cinit     0    20005328    00000040     
                  20005328    00000017     (.cinit..data.load) [load image, compression = lzss]
                  2000533f    00000001     --HOLE-- [fill = 0]
                  20005340    0000000c     (__TI_handler_table)
                  2000534c    00000004     --HOLE-- [fill = 0]
                  20005350    00000008     (.cinit..bss.load) [load image, compression = zero_init]
                  20005358    00000010     (__TI_cinit_table)

.data      0    2001d000    00000020     UNINITIALIZED
                  2001d000    00000014     gpio_if.obj (.data:ulReg)
                  2001d014    0000000c     gpio_if.obj (.data)

.bss       0    2001d020    00000003     UNINITIALIZED
                  2001d020    00000001     (.common:g_ucLED1Pin)
                  2001d021    00000001     (.common:g_ucLED2Pin)
                  2001d022    00000001     (.common:g_ucLED3Pin)

.stack     0    2003f800    00000800     UNINITIALIZED
                  2003f800    00000004     rtsv7M4_T_le_v4SPD16_eabi.lib : boot_cortex_m.c.obj (.stack)
                  2003f804    000007fc     --HOLE--

MODULE SUMMARY

       Module                       code   ro data   rw data
       ------                       ----   -------   -------
    .\
       startup_ccs.obj              14     1024      0      
       gpio_if.obj                  920    0         35     
       main.obj                     144    0         0      
       pinmux.obj                   76     0         0      
    +--+----------------------------+------+---------+---------+
       Total:                       1154   1024      35     
                                                            
    C:/ti/CC3200SDK_1.4.0/cc3200-sdk/driverlib/ccs/Release/driverlib.a
       prcm.obj                     652    168       0      
       interrupt.obj                314    236       0      
       pin.obj                      248    256       0      
       gpio.obj                     388    0         0      
       cpu.obj                      20     0         0      
       utils.obj                    6      0         0      
    +--+----------------------------+------+---------+---------+
       Total:                       1628   660       0      
                                                            
    C:\ti\ccs930\ccs\tools\compiler\ti-cgt-arm_18.12.4.LTS\lib\rtsv7M4_T_le_v4SPD16_eabi.lib
       memcpy_t2.asm.obj            156    0         0      
       copy_decompress_lzss.c.obj   104    0         0      
       autoinit.c.obj               68     0         0      
       boot_cortex_m.c.obj          52     0         0      
       copy_zero_init.c.obj         28     0         0      
       copy_decompress_none.c.obj   14     0         0      
       exit.c.obj                   4      0         0      
       pre_init.c.obj               4      0         0      
    +--+----------------------------+------+---------+---------+
       Total:                       430    0         0      
                                                            
       Stack:                       0      0         2048   
       Linker Generated:            0      59        0      
    +--+----------------------------+------+---------+---------+
       Grand Total:                 3212   1743      2083   


LINKER GENERATED COPY TABLES

__TI_cinit_table @ 20005358 records: 2, size/record: 8, table size: 16
	.data: load addr=20005328, load size=00000017 bytes, run addr=2001d000, run size=00000020 bytes, compression=lzss
	.bss: load addr=20005350, load size=00000008 bytes, run addr=2001d020, run size=00000003 bytes, compression=zero_init


LINKER GENERATED HANDLER TABLE

__TI_handler_table @ 20005340 records: 3, size/record: 4, table size: 12
	index: 0, handler: __TI_decompress_lzss
	index: 1, handler: __TI_decompress_none
	index: 2, handler: __TI_zero_init


GLOBAL SYMBOLS: SORTED ALPHABETICALLY BY Name 

address   name                          
-------   ----                          
2000508d  C$$EXIT                       
20005021  CPUcpsie                      
20004e59  GPIODirModeSet                
20005035  GPIOIntClear                  
20004fc3  GPIOIntEnable                 
20004f89  GPIOIntRegister               
20004b6d  GPIOIntTypeSet                
20004fdd  GPIOPinRead                   
20004f49  GPIOPinWrite                  
200046c1  GPIO_IF_ConfigureNIntEnable   
2000474d  GPIO_IF_Get                   
2000467b  GPIO_IF_GetPortNPin           
2000443d  GPIO_IF_LedConfigure          
2000452f  GPIO_IF_LedOff                
2000447b  GPIO_IF_LedOn                 
200045e3  GPIO_IF_LedStatus             
2000464d  GPIO_IF_LedToggle             
20004709  GPIO_IF_Set                   
20004911  IntEnable                     
20005079  IntMasterEnable               
20004cb1  IntPrioritySet                
20004f69  IntRegister                   
20005049  IntVTableBaseSet              
20004a55  LEDBlinkyRoutine              
20004799  PRCMCC3200MCUInit             
20004ff5  PRCMHIBRegRead                
2000500b  PRCMHIBRegWrite               
20004f21  PRCMPeripheralClkDisable      
20004e1d  PRCMPeripheralClkEnable       
20004c59  PRCMPeripheralReset           
20004ef5  PRCMSysResetCauseGet          
20004ae5  PinConfigSet                  
20004ddd  PinModeSet                    
20004d05  PinMuxConfig                  
20004ec5  PinTypeGPIO                   
2000506b  ResetISR                      
20005083  UtilsDelay                    
20040000  __STACK_END                   
00000800  __STACK_SIZE                  
20005358  __TI_CINIT_Base               
20005368  __TI_CINIT_Limit              
20005340  __TI_Handler_Table_Base       
2000534c  __TI_Handler_Table_Limit      
20004d99  __TI_auto_init_nobinit_nopinit
20004bef  __TI_decompress_lzss          
2000505d  __TI_decompress_none          
ffffffff  __TI_pprof_out_hndl           
ffffffff  __TI_prof_data_size           
ffffffff  __TI_prof_data_start          
20005328  __TI_static_base__            
20004fa7  __TI_zero_init_nomemset       
200049b9  __aeabi_memcpy                
200049b9  __aeabi_memcpy4               
200049b9  __aeabi_memcpy8               
ffffffff  __binit__                     
ffffffff  __c_args__                    
UNDEFED   __mpu_init                    
2003f800  __stack                       
20004e91  _c_int00_noargs               
UNDEFED   _system_post_cinit            
20005089  _system_pre_init              
2000508d  abort                         
ffffffff  binit                         
20004000  g_pfnVectors                  
2001d020  g_ucLED1Pin                   
2001d021  g_ucLED2Pin                   
2001d022  g_ucLED3Pin                   
2001d014  g_uiLED1Port                  
2001d018  g_uiLED2Port                  
2001d01c  g_uiLED3Port                  
20004abf  main                          
200049b9  memcpy                        


GLOBAL SYMBOLS: SORTED BY Symbol Address 

address   name                          
-------   ----                          
00000800  __STACK_SIZE                  
20004000  g_pfnVectors                  
2000443d  GPIO_IF_LedConfigure          
2000447b  GPIO_IF_LedOn                 
2000452f  GPIO_IF_LedOff                
200045e3  GPIO_IF_LedStatus             
2000464d  GPIO_IF_LedToggle             
2000467b  GPIO_IF_GetPortNPin           
200046c1  GPIO_IF_ConfigureNIntEnable   
20004709  GPIO_IF_Set                   
2000474d  GPIO_IF_Get                   
20004799  PRCMCC3200MCUInit             
20004911  IntEnable                     
200049b9  __aeabi_memcpy                
200049b9  __aeabi_memcpy4               
200049b9  __aeabi_memcpy8               
200049b9  memcpy                        
20004a55  LEDBlinkyRoutine              
20004abf  main                          
20004ae5  PinConfigSet                  
20004b6d  GPIOIntTypeSet                
20004bef  __TI_decompress_lzss          
20004c59  PRCMPeripheralReset           
20004cb1  IntPrioritySet                
20004d05  PinMuxConfig                  
20004d99  __TI_auto_init_nobinit_nopinit
20004ddd  PinModeSet                    
20004e1d  PRCMPeripheralClkEnable       
20004e59  GPIODirModeSet                
20004e91  _c_int00_noargs               
20004ec5  PinTypeGPIO                   
20004ef5  PRCMSysResetCauseGet          
20004f21  PRCMPeripheralClkDisable      
20004f49  GPIOPinWrite                  
20004f69  IntRegister                   
20004f89  GPIOIntRegister               
20004fa7  __TI_zero_init_nomemset       
20004fc3  GPIOIntEnable                 
20004fdd  GPIOPinRead                   
20004ff5  PRCMHIBRegRead                
2000500b  PRCMHIBRegWrite               
20005021  CPUcpsie                      
20005035  GPIOIntClear                  
20005049  IntVTableBaseSet              
2000505d  __TI_decompress_none          
2000506b  ResetISR                      
20005079  IntMasterEnable               
20005083  UtilsDelay                    
20005089  _system_pre_init              
2000508d  C$$EXIT                       
2000508d  abort                         
20005328  __TI_static_base__            
20005340  __TI_Handler_Table_Base       
2000534c  __TI_Handler_Table_Limit      
20005358  __TI_CINIT_Base               
20005368  __TI_CINIT_Limit              
2001d014  g_uiLED1Port                  
2001d018  g_uiLED2Port                  
2001d01c  g_uiLED3Port                  
2001d020  g_ucLED1Pin                   
2001d021  g_ucLED2Pin                   
2001d022  g_ucLED3Pin                   
2003f800  __stack                       
20040000  __STACK_END                   
ffffffff  __TI_pprof_out_hndl           
ffffffff  __TI_prof_data_size           
ffffffff  __TI_prof_data_start          
ffffffff  __binit__                     
ffffffff  __c_args__                    
ffffffff  binit                         
UNDEFED   __mpu_init                    
UNDEFED   _system_post_cinit            

[72 symbols]
