<?xml version="1.0" encoding="ISO-8859-1" ?>
<link_info>
   <banner>TI ARM Linker PC v18.12.4.LTS</banner>
   <copyright>Copyright (c) 1996-2018 Texas Instruments Incorporated</copyright>
   <link_time>0x62232195</link_time>
   <link_errors>0x0</link_errors>
   <output_file>timer.out</output_file>
   <entry_point>
      <name>_c_int00_noargs</name>
      <address>0x200098b1</address>
   </entry_point>
   <input_file_list>
      <input_file id="fl-2">
         <path>.\</path>
         <kind>object</kind>
         <file>Adafruit_GFX.obj</file>
         <name>Adafruit_GFX.obj</name>
      </input_file>
      <input_file id="fl-3">
         <path>.\</path>
         <kind>object</kind>
         <file>Adafruit_OLED.obj</file>
         <name>Adafruit_OLED.obj</name>
      </input_file>
      <input_file id="fl-4">
         <path>.\</path>
         <kind>object</kind>
         <file>gpio_if.obj</file>
         <name>gpio_if.obj</name>
      </input_file>
      <input_file id="fl-5">
         <path>.\</path>
         <kind>object</kind>
         <file>main.obj</file>
         <name>main.obj</name>
      </input_file>
      <input_file id="fl-6">
         <path>.\</path>
         <kind>object</kind>
         <file>pin_mux_config.obj</file>
         <name>pin_mux_config.obj</name>
      </input_file>
      <input_file id="fl-7">
         <path>.\</path>
         <kind>object</kind>
         <file>startup_ccs.obj</file>
         <name>startup_ccs.obj</name>
      </input_file>
      <input_file id="fl-8">
         <path>.\</path>
         <kind>object</kind>
         <file>test.obj</file>
         <name>test.obj</name>
      </input_file>
      <input_file id="fl-9">
         <path>.\</path>
         <kind>object</kind>
         <file>timer_if.obj</file>
         <name>timer_if.obj</name>
      </input_file>
      <input_file id="fl-a">
         <path>.\</path>
         <kind>object</kind>
         <file>uart_if.obj</file>
         <name>uart_if.obj</name>
      </input_file>
      <input_file id="fl-f">
         <kind>object</kind>
         <file>&lt;internal&gt;</file>
         <name>&lt;internal&gt;</name>
      </input_file>
      <input_file id="fl-10">
         <path>C:\ti\CC3200SDK_1.3.0\cc3200-sdk\driverlib\ccs\Release\</path>
         <kind>archive</kind>
         <file>driverlib.a</file>
         <name>gpio.obj</name>
      </input_file>
      <input_file id="fl-11">
         <path>C:\ti\CC3200SDK_1.3.0\cc3200-sdk\driverlib\ccs\Release\</path>
         <kind>archive</kind>
         <file>driverlib.a</file>
         <name>interrupt.obj</name>
      </input_file>
      <input_file id="fl-12">
         <path>C:\ti\CC3200SDK_1.3.0\cc3200-sdk\driverlib\ccs\Release\</path>
         <kind>archive</kind>
         <file>driverlib.a</file>
         <name>pin.obj</name>
      </input_file>
      <input_file id="fl-13">
         <path>C:\ti\CC3200SDK_1.3.0\cc3200-sdk\driverlib\ccs\Release\</path>
         <kind>archive</kind>
         <file>driverlib.a</file>
         <name>prcm.obj</name>
      </input_file>
      <input_file id="fl-14">
         <path>C:\ti\CC3200SDK_1.3.0\cc3200-sdk\driverlib\ccs\Release\</path>
         <kind>archive</kind>
         <file>driverlib.a</file>
         <name>spi.obj</name>
      </input_file>
      <input_file id="fl-15">
         <path>C:\ti\CC3200SDK_1.3.0\cc3200-sdk\driverlib\ccs\Release\</path>
         <kind>archive</kind>
         <file>driverlib.a</file>
         <name>systick.obj</name>
      </input_file>
      <input_file id="fl-16">
         <path>C:\ti\CC3200SDK_1.3.0\cc3200-sdk\driverlib\ccs\Release\</path>
         <kind>archive</kind>
         <file>driverlib.a</file>
         <name>timer.obj</name>
      </input_file>
      <input_file id="fl-17">
         <path>C:\ti\CC3200SDK_1.3.0\cc3200-sdk\driverlib\ccs\Release\</path>
         <kind>archive</kind>
         <file>driverlib.a</file>
         <name>uart.obj</name>
      </input_file>
      <input_file id="fl-18">
         <path>C:\ti\CC3200SDK_1.3.0\cc3200-sdk\driverlib\ccs\Release\</path>
         <kind>archive</kind>
         <file>driverlib.a</file>
         <name>utils.obj</name>
      </input_file>
      <input_file id="fl-19">
         <path>C:\ti\CC3200SDK_1.3.0\cc3200-sdk\driverlib\ccs\Release\</path>
         <kind>archive</kind>
         <file>driverlib.a</file>
         <name>cpu.obj</name>
      </input_file>
      <input_file id="fl-1a">
         <path>C:\ti\CC3200SDK_1.3.0\cc3200-sdk\driverlib\ccs\Release\</path>
         <kind>archive</kind>
         <file>driverlib.a</file>
         <name>flash.obj</name>
      </input_file>
      <input_file id="fl-d0">
         <path>C:\ti\ccs930\ccs\tools\compiler\ti-cgt-arm_18.12.4.LTS\lib\</path>
         <kind>archive</kind>
         <file>rtsv7M4_T_le_eabi.lib</file>
         <name>vsnprintf.c.obj</name>
      </input_file>
      <input_file id="fl-d1">
         <path>C:\ti\ccs930\ccs\tools\compiler\ti-cgt-arm_18.12.4.LTS\lib\</path>
         <kind>archive</kind>
         <file>rtsv7M4_T_le_eabi.lib</file>
         <name>memcpy_t2.asm.obj</name>
      </input_file>
      <input_file id="fl-d2">
         <path>C:\ti\ccs930\ccs\tools\compiler\ti-cgt-arm_18.12.4.LTS\lib\</path>
         <kind>archive</kind>
         <file>rtsv7M4_T_le_eabi.lib</file>
         <name>ull_div_t2.asm.obj</name>
      </input_file>
      <input_file id="fl-d3">
         <path>C:\ti\ccs930\ccs\tools\compiler\ti-cgt-arm_18.12.4.LTS\lib\</path>
         <kind>archive</kind>
         <file>rtsv7M4_T_le_eabi.lib</file>
         <name>copy_zero_init.c.obj</name>
      </input_file>
      <input_file id="fl-d4">
         <path>C:\ti\ccs930\ccs\tools\compiler\ti-cgt-arm_18.12.4.LTS\lib\</path>
         <kind>archive</kind>
         <file>rtsv7M4_T_le_eabi.lib</file>
         <name>copy_decompress_none.c.obj</name>
      </input_file>
      <input_file id="fl-d5">
         <path>C:\ti\ccs930\ccs\tools\compiler\ti-cgt-arm_18.12.4.LTS\lib\</path>
         <kind>archive</kind>
         <file>rtsv7M4_T_le_eabi.lib</file>
         <name>copy_decompress_lzss.c.obj</name>
      </input_file>
      <input_file id="fl-d6">
         <path>C:\ti\ccs930\ccs\tools\compiler\ti-cgt-arm_18.12.4.LTS\lib\</path>
         <kind>archive</kind>
         <file>rtsv7M4_T_le_eabi.lib</file>
         <name>memmov.c.obj</name>
      </input_file>
      <input_file id="fl-d7">
         <path>C:\ti\ccs930\ccs\tools\compiler\ti-cgt-arm_18.12.4.LTS\lib\</path>
         <kind>archive</kind>
         <file>rtsv7M4_T_le_eabi.lib</file>
         <name>memory.c.obj</name>
      </input_file>
      <input_file id="fl-d8">
         <path>C:\ti\ccs930\ccs\tools\compiler\ti-cgt-arm_18.12.4.LTS\lib\</path>
         <kind>archive</kind>
         <file>rtsv7M4_T_le_eabi.lib</file>
         <name>strchr.c.obj</name>
      </input_file>
      <input_file id="fl-d9">
         <path>C:\ti\ccs930\ccs\tools\compiler\ti-cgt-arm_18.12.4.LTS\lib\</path>
         <kind>archive</kind>
         <file>rtsv7M4_T_le_eabi.lib</file>
         <name>strcpy.c.obj</name>
      </input_file>
      <input_file id="fl-da">
         <path>C:\ti\ccs930\ccs\tools\compiler\ti-cgt-arm_18.12.4.LTS\lib\</path>
         <kind>archive</kind>
         <file>rtsv7M4_T_le_eabi.lib</file>
         <name>strlen.c.obj</name>
      </input_file>
      <input_file id="fl-db">
         <path>C:\ti\ccs930\ccs\tools\compiler\ti-cgt-arm_18.12.4.LTS\lib\</path>
         <kind>archive</kind>
         <file>rtsv7M4_T_le_eabi.lib</file>
         <name>strtol.c.obj</name>
      </input_file>
      <input_file id="fl-dc">
         <path>C:\ti\ccs930\ccs\tools\compiler\ti-cgt-arm_18.12.4.LTS\lib\</path>
         <kind>archive</kind>
         <file>rtsv7M4_T_le_eabi.lib</file>
         <name>boot_cortex_m.c.obj</name>
      </input_file>
      <input_file id="fl-dd">
         <path>C:\ti\ccs930\ccs\tools\compiler\ti-cgt-arm_18.12.4.LTS\lib\</path>
         <kind>archive</kind>
         <file>rtsv7M4_T_le_eabi.lib</file>
         <name>errno.c.obj</name>
      </input_file>
      <input_file id="fl-de">
         <path>C:\ti\ccs930\ccs\tools\compiler\ti-cgt-arm_18.12.4.LTS\lib\</path>
         <kind>archive</kind>
         <file>rtsv7M4_T_le_eabi.lib</file>
         <name>_printfi.c.obj</name>
      </input_file>
      <input_file id="fl-df">
         <path>C:\ti\ccs930\ccs\tools\compiler\ti-cgt-arm_18.12.4.LTS\lib\</path>
         <kind>archive</kind>
         <file>rtsv7M4_T_le_eabi.lib</file>
         <name>div0.asm.obj</name>
      </input_file>
      <input_file id="fl-e0">
         <path>C:\ti\ccs930\ccs\tools\compiler\ti-cgt-arm_18.12.4.LTS\lib\</path>
         <kind>archive</kind>
         <file>rtsv7M4_T_le_eabi.lib</file>
         <name>fd_add_t2.asm.obj</name>
      </input_file>
      <input_file id="fl-e1">
         <path>C:\ti\ccs930\ccs\tools\compiler\ti-cgt-arm_18.12.4.LTS\lib\</path>
         <kind>archive</kind>
         <file>rtsv7M4_T_le_eabi.lib</file>
         <name>fd_cmp_t2.asm.obj</name>
      </input_file>
      <input_file id="fl-e2">
         <path>C:\ti\ccs930\ccs\tools\compiler\ti-cgt-arm_18.12.4.LTS\lib\</path>
         <kind>archive</kind>
         <file>rtsv7M4_T_le_eabi.lib</file>
         <name>fd_div_t2.asm.obj</name>
      </input_file>
      <input_file id="fl-e3">
         <path>C:\ti\ccs930\ccs\tools\compiler\ti-cgt-arm_18.12.4.LTS\lib\</path>
         <kind>archive</kind>
         <file>rtsv7M4_T_le_eabi.lib</file>
         <name>fd_mul_t2.asm.obj</name>
      </input_file>
      <input_file id="fl-e4">
         <path>C:\ti\ccs930\ccs\tools\compiler\ti-cgt-arm_18.12.4.LTS\lib\</path>
         <kind>archive</kind>
         <file>rtsv7M4_T_le_eabi.lib</file>
         <name>fd_toi_t2.asm.obj</name>
      </input_file>
      <input_file id="fl-e5">
         <path>C:\ti\ccs930\ccs\tools\compiler\ti-cgt-arm_18.12.4.LTS\lib\</path>
         <kind>archive</kind>
         <file>rtsv7M4_T_le_eabi.lib</file>
         <name>i_tofd_t2.asm.obj</name>
      </input_file>
      <input_file id="fl-e6">
         <path>C:\ti\ccs930\ccs\tools\compiler\ti-cgt-arm_18.12.4.LTS\lib\</path>
         <kind>archive</kind>
         <file>rtsv7M4_T_le_eabi.lib</file>
         <name>memset_t2.asm.obj</name>
      </input_file>
      <input_file id="fl-e7">
         <path>C:\ti\ccs930\ccs\tools\compiler\ti-cgt-arm_18.12.4.LTS\lib\</path>
         <kind>archive</kind>
         <file>rtsv7M4_T_le_eabi.lib</file>
         <name>autoinit.c.obj</name>
      </input_file>
      <input_file id="fl-e8">
         <path>C:\ti\ccs930\ccs\tools\compiler\ti-cgt-arm_18.12.4.LTS\lib\</path>
         <kind>archive</kind>
         <file>rtsv7M4_T_le_eabi.lib</file>
         <name>pre_init.c.obj</name>
      </input_file>
      <input_file id="fl-e9">
         <path>C:\ti\ccs930\ccs\tools\compiler\ti-cgt-arm_18.12.4.LTS\lib\</path>
         <kind>archive</kind>
         <file>rtsv7M4_T_le_eabi.lib</file>
         <name>cpy_tbl.c.obj</name>
      </input_file>
      <input_file id="fl-ea">
         <path>C:\ti\ccs930\ccs\tools\compiler\ti-cgt-arm_18.12.4.LTS\lib\</path>
         <kind>archive</kind>
         <file>rtsv7M4_T_le_eabi.lib</file>
         <name>exit.c.obj</name>
      </input_file>
      <input_file id="fl-eb">
         <path>C:\ti\ccs930\ccs\tools\compiler\ti-cgt-arm_18.12.4.LTS\lib\</path>
         <kind>archive</kind>
         <file>rtsv7M4_T_le_eabi.lib</file>
         <name>_lock.c.obj</name>
      </input_file>
      <input_file id="fl-ec">
         <path>C:\ti\ccs930\ccs\tools\compiler\ti-cgt-arm_18.12.4.LTS\lib\</path>
         <kind>archive</kind>
         <file>rtsv7M4_T_le_eabi.lib</file>
         <name>args_main.c.obj</name>
      </input_file>
      <input_file id="fl-ed">
         <path>C:\ti\ccs930\ccs\tools\compiler\ti-cgt-arm_18.12.4.LTS\lib\</path>
         <kind>archive</kind>
         <file>rtsv7M4_T_le_eabi.lib</file>
         <name>atoi.c.obj</name>
      </input_file>
      <input_file id="fl-ee">
         <path>C:\ti\ccs930\ccs\tools\compiler\ti-cgt-arm_18.12.4.LTS\lib\</path>
         <kind>archive</kind>
         <file>rtsv7M4_T_le_eabi.lib</file>
         <name>ctype.c.obj</name>
      </input_file>
      <input_file id="fl-ef">
         <path>C:\ti\ccs930\ccs\tools\compiler\ti-cgt-arm_18.12.4.LTS\lib\</path>
         <kind>archive</kind>
         <file>rtsv7M4_T_le_eabi.lib</file>
         <name>ltoa.c.obj</name>
      </input_file>
      <input_file id="fl-f0">
         <path>C:\ti\ccs930\ccs\tools\compiler\ti-cgt-arm_18.12.4.LTS\lib\</path>
         <kind>archive</kind>
         <file>rtsv7M4_T_le_eabi.lib</file>
         <name>memccpy.c.obj</name>
      </input_file>
      <input_file id="fl-f1">
         <path>C:\ti\ccs930\ccs\tools\compiler\ti-cgt-arm_18.12.4.LTS\lib\</path>
         <kind>archive</kind>
         <file>rtsv7M4_T_le_eabi.lib</file>
         <name>wcslen.c.obj</name>
      </input_file>
      <input_file id="fl-f2">
         <path>C:\ti\ccs930\ccs\tools\compiler\ti-cgt-arm_18.12.4.LTS\lib\</path>
         <kind>archive</kind>
         <file>rtsv7M4_T_le_eabi.lib</file>
         <name>s_frexp.c.obj</name>
      </input_file>
      <input_file id="fl-f3">
         <path>C:\ti\ccs930\ccs\tools\compiler\ti-cgt-arm_18.12.4.LTS\lib\</path>
         <kind>archive</kind>
         <file>rtsv7M4_T_le_eabi.lib</file>
         <name>s_scalbn.c.obj</name>
      </input_file>
      <input_file id="fl-f4">
         <path>C:\ti\ccs930\ccs\tools\compiler\ti-cgt-arm_18.12.4.LTS\lib\</path>
         <kind>archive</kind>
         <file>rtsv7M4_T_le_eabi.lib</file>
         <name>s_copysign.c.obj</name>
      </input_file>
   </input_file_list>
   <object_component_list>
      <object_component id="oc-f">
         <name>.intvecs</name>
         <load_address>0x20004000</load_address>
         <run_address>0x20004000</run_address>
         <size>0x400</size>
         <input_file_ref idref="fl-7"/>
      </object_component>
      <object_component id="oc-94">
         <name>.text</name>
         <load_address>0x20004400</load_address>
         <run_address>0x20004400</run_address>
         <size>0x14c4</size>
         <input_file_ref idref="fl-5"/>
      </object_component>
      <object_component id="oc-138">
         <name>.text</name>
         <load_address>0x200058c4</load_address>
         <run_address>0x200058c4</run_address>
         <size>0xa80</size>
         <input_file_ref idref="fl-2"/>
      </object_component>
      <object_component id="oc-3bd">
         <name>.text:__TI_printfi</name>
         <load_address>0x20006344</load_address>
         <run_address>0x20006344</run_address>
         <size>0xa4e</size>
         <input_file_ref idref="fl-de"/>
      </object_component>
      <object_component id="oc-459">
         <name>.text:IntDefaultHandler</name>
         <load_address>0x20006d92</load_address>
         <run_address>0x20006d92</run_address>
         <size>0x2</size>
         <input_file_ref idref="fl-11"/>
      </object_component>
      <object_component id="oc-12c">
         <name>.text</name>
         <load_address>0x20006d94</load_address>
         <run_address>0x20006d94</run_address>
         <size>0x4aa</size>
         <input_file_ref idref="fl-3"/>
      </object_component>
      <object_component id="oc-432">
         <name>.text:_nop</name>
         <load_address>0x2000723e</load_address>
         <run_address>0x2000723e</run_address>
         <size>0x2</size>
         <input_file_ref idref="fl-eb"/>
      </object_component>
      <object_component id="oc-123">
         <name>.text</name>
         <load_address>0x20007240</load_address>
         <run_address>0x20007240</run_address>
         <size>0x280</size>
         <input_file_ref idref="fl-a"/>
      </object_component>
      <object_component id="oc-48b">
         <name>.text:_pconv_a</name>
         <load_address>0x200074c0</load_address>
         <run_address>0x200074c0</run_address>
         <size>0x268</size>
         <input_file_ref idref="fl-de"/>
      </object_component>
      <object_component id="oc-479">
         <name>.text:_pconv_g</name>
         <load_address>0x20007728</load_address>
         <run_address>0x20007728</run_address>
         <size>0x1cc</size>
         <input_file_ref idref="fl-de"/>
      </object_component>
      <object_component id="oc-4f8">
         <name>.text</name>
         <load_address>0x200078f4</load_address>
         <run_address>0x200078f4</run_address>
         <size>0x1b6</size>
         <input_file_ref idref="fl-e0"/>
      </object_component>
      <object_component id="oc-540">
         <name>.text</name>
         <load_address>0x20007aaa</load_address>
         <run_address>0x20007aaa</run_address>
         <size>0x2</size>
         <input_file_ref idref="fl-df"/>
      </object_component>
      <object_component id="oc-d4">
         <name>.text</name>
         <load_address>0x20007aac</load_address>
         <run_address>0x20007aac</run_address>
         <size>0x198</size>
         <input_file_ref idref="fl-9"/>
      </object_component>
      <object_component id="oc-ec">
         <name>.text:PRCMCC3200MCUInit</name>
         <load_address>0x20007c44</load_address>
         <run_address>0x20007c44</run_address>
         <size>0x178</size>
         <input_file_ref idref="fl-13"/>
      </object_component>
      <object_component id="oc-485">
         <name>.text:_pconv_e</name>
         <load_address>0x20007dbc</load_address>
         <run_address>0x20007dbc</run_address>
         <size>0x13c</size>
         <input_file_ref idref="fl-de"/>
      </object_component>
      <object_component id="oc-4de">
         <name>.text</name>
         <load_address>0x20007ef8</load_address>
         <run_address>0x20007ef8</run_address>
         <size>0x136</size>
         <input_file_ref idref="fl-e2"/>
      </object_component>
      <object_component id="oc-186">
         <name>.text</name>
         <load_address>0x20008030</load_address>
         <run_address>0x20008030</run_address>
         <size>0x130</size>
         <input_file_ref idref="fl-6"/>
      </object_component>
      <object_component id="oc-117">
         <name>.text:strtol</name>
         <load_address>0x20008160</load_address>
         <run_address>0x20008160</run_address>
         <size>0x130</size>
         <input_file_ref idref="fl-db"/>
      </object_component>
      <object_component id="oc-50a">
         <name>.text:fcvt</name>
         <load_address>0x20008290</load_address>
         <run_address>0x20008290</run_address>
         <size>0x120</size>
         <input_file_ref idref="fl-de"/>
      </object_component>
      <object_component id="oc-3de">
         <name>.text:aligned_alloc</name>
         <load_address>0x200083b0</load_address>
         <run_address>0x200083b0</run_address>
         <size>0x118</size>
         <input_file_ref idref="fl-d7"/>
      </object_component>
      <object_component id="oc-4d9">
         <name>.text</name>
         <load_address>0x200084c8</load_address>
         <run_address>0x200084c8</run_address>
         <size>0xfc</size>
         <input_file_ref idref="fl-e3"/>
      </object_component>
      <object_component id="oc-2c8">
         <name>.text:realloc</name>
         <load_address>0x200085c4</load_address>
         <run_address>0x200085c4</run_address>
         <size>0xe8</size>
         <input_file_ref idref="fl-d7"/>
      </object_component>
      <object_component id="oc-2ce">
         <name>.text:free</name>
         <load_address>0x200086ac</load_address>
         <run_address>0x200086ac</run_address>
         <size>0xe4</size>
         <input_file_ref idref="fl-d7"/>
      </object_component>
      <object_component id="oc-51e">
         <name>.text:scalbn</name>
         <load_address>0x20008790</load_address>
         <run_address>0x20008790</run_address>
         <size>0xd0</size>
         <input_file_ref idref="fl-f3"/>
      </object_component>
      <object_component id="oc-46e">
         <name>.text:_ltostr</name>
         <load_address>0x20008860</load_address>
         <run_address>0x20008860</run_address>
         <size>0xb1</size>
         <input_file_ref idref="fl-de"/>
      </object_component>
      <object_component id="oc-38f">
         <name>.text:IntDisable</name>
         <load_address>0x20008914</load_address>
         <run_address>0x20008914</run_address>
         <size>0xa8</size>
         <input_file_ref idref="fl-11"/>
      </object_component>
      <object_component id="oc-e6">
         <name>.text:IntEnable</name>
         <load_address>0x200089bc</load_address>
         <run_address>0x200089bc</run_address>
         <size>0xa8</size>
         <input_file_ref idref="fl-11"/>
      </object_component>
      <object_component id="oc-17a">
         <name>.text:SPIConfigSetExpClk</name>
         <load_address>0x20008a64</load_address>
         <run_address>0x20008a64</run_address>
         <size>0xa0</size>
         <input_file_ref idref="fl-14"/>
      </object_component>
      <object_component id="oc-3a">
         <name>.text</name>
         <load_address>0x20008b04</load_address>
         <run_address>0x20008b04</run_address>
         <size>0x9c</size>
         <input_file_ref idref="fl-d1"/>
      </object_component>
      <object_component id="oc-4d2">
         <name>.text</name>
         <load_address>0x20008ba0</load_address>
         <run_address>0x20008ba0</run_address>
         <size>0x96</size>
         <input_file_ref idref="fl-d2"/>
      </object_component>
      <object_component id="oc-174">
         <name>.text:PRCMPeripheralClockGet</name>
         <load_address>0x20008c38</load_address>
         <run_address>0x20008c38</run_address>
         <size>0x94</size>
         <input_file_ref idref="fl-13"/>
      </object_component>
      <object_component id="oc-411">
         <name>.text:PinConfigSet</name>
         <load_address>0x20008ccc</load_address>
         <run_address>0x20008ccc</run_address>
         <size>0x88</size>
         <input_file_ref idref="fl-12"/>
      </object_component>
      <object_component id="oc-474">
         <name>.text:__aeabi_cdcmple</name>
         <load_address>0x20008d54</load_address>
         <run_address>0x20008d54</run_address>
         <size>0x86</size>
         <input_file_ref idref="fl-e1"/>
      </object_component>
      <object_component id="oc-4e3">
         <name>.text:__aeabi_cdrcmple</name>
         <load_address>0x20008dda</load_address>
         <run_address>0x20008dda</run_address>
         <size>0x86</size>
         <input_file_ref idref="fl-e1"/>
      </object_component>
      <object_component id="oc-192">
         <name>.text:GPIOIntTypeSet</name>
         <load_address>0x20008e60</load_address>
         <run_address>0x20008e60</run_address>
         <size>0x82</size>
         <input_file_ref idref="fl-10"/>
      </object_component>
      <object_component id="oc-88">
         <name>.text</name>
         <load_address>0x20008ee2</load_address>
         <run_address>0x20008ee2</run_address>
         <size>0x7a</size>
         <input_file_ref idref="fl-e6"/>
      </object_component>
      <object_component id="oc-1b6">
         <name>.text:UARTConfigSetExpClk</name>
         <load_address>0x20008f5c</load_address>
         <run_address>0x20008f5c</run_address>
         <size>0x76</size>
         <input_file_ref idref="fl-17"/>
      </object_component>
      <object_component id="oc-222">
         <name>.text:TimerIntRegister</name>
         <load_address>0x20008fd4</load_address>
         <run_address>0x20008fd4</run_address>
         <size>0x70</size>
         <input_file_ref idref="fl-16"/>
      </object_component>
      <object_component id="oc-3eb">
         <name>.text:split</name>
         <load_address>0x20009044</load_address>
         <run_address>0x20009044</run_address>
         <size>0x70</size>
         <input_file_ref idref="fl-d7"/>
      </object_component>
      <object_component id="oc-503">
         <name>.text:_mcpy</name>
         <load_address>0x200090b4</load_address>
         <run_address>0x200090b4</run_address>
         <size>0x6e</size>
         <input_file_ref idref="fl-de"/>
      </object_component>
      <object_component id="oc-252">
         <name>.text:TimerIntUnregister</name>
         <load_address>0x20009124</load_address>
         <run_address>0x20009124</run_address>
         <size>0x68</size>
         <input_file_ref idref="fl-16"/>
      </object_component>
      <object_component id="oc-12">
         <name>.text:decompress:lzss:__TI_decompress_lzss</name>
         <load_address>0x2000918c</load_address>
         <run_address>0x2000918c</run_address>
         <size>0x68</size>
         <input_file_ref idref="fl-d5"/>
      </object_component>
      <object_component id="oc-518">
         <name>.text:frexp</name>
         <load_address>0x200091f4</load_address>
         <run_address>0x200091f4</run_address>
         <size>0x5c</size>
         <input_file_ref idref="fl-f2"/>
      </object_component>
      <object_component id="oc-1a4">
         <name>.text:PRCMPeripheralReset</name>
         <load_address>0x20009250</load_address>
         <run_address>0x20009250</run_address>
         <size>0x58</size>
         <input_file_ref idref="fl-13"/>
      </object_component>
      <object_component id="oc-47f">
         <name>.text:_pconv_f</name>
         <load_address>0x200092a8</load_address>
         <run_address>0x200092a8</run_address>
         <size>0x56</size>
         <input_file_ref idref="fl-de"/>
      </object_component>
      <object_component id="oc-21c">
         <name>.text:IntPrioritySet</name>
         <load_address>0x20009300</load_address>
         <run_address>0x20009300</run_address>
         <size>0x54</size>
         <input_file_ref idref="fl-11"/>
      </object_component>
      <object_component id="oc-4ed">
         <name>.text:ltoa</name>
         <load_address>0x20009354</load_address>
         <run_address>0x20009354</run_address>
         <size>0x54</size>
         <input_file_ref idref="fl-ef"/>
      </object_component>
      <object_component id="oc-4fd">
         <name>.text:_ecpy</name>
         <load_address>0x200093a8</load_address>
         <run_address>0x200093a8</run_address>
         <size>0x52</size>
         <input_file_ref idref="fl-de"/>
      </object_component>
      <object_component id="oc-468">
         <name>.text:atoi</name>
         <load_address>0x200093fc</load_address>
         <run_address>0x200093fc</run_address>
         <size>0x4c</size>
         <input_file_ref idref="fl-ed"/>
      </object_component>
      <object_component id="oc-33e">
         <name>.text:GPIOGetIntNumber</name>
         <load_address>0x20009448</load_address>
         <run_address>0x20009448</run_address>
         <size>0x48</size>
         <input_file_ref idref="fl-10"/>
      </object_component>
      <object_component id="oc-4e8">
         <name>.text</name>
         <load_address>0x20009490</load_address>
         <run_address>0x20009490</run_address>
         <size>0x48</size>
         <input_file_ref idref="fl-e4"/>
      </object_component>
      <object_component id="oc-210">
         <name>.text:TimerConfigure</name>
         <load_address>0x200094d8</load_address>
         <run_address>0x200094d8</run_address>
         <size>0x44</size>
         <input_file_ref idref="fl-16"/>
      </object_component>
      <object_component id="oc-34e">
         <name>.text:UARTIntNumberGet</name>
         <load_address>0x2000951c</load_address>
         <run_address>0x2000951c</run_address>
         <size>0x44</size>
         <input_file_ref idref="fl-17"/>
      </object_component>
      <object_component id="oc-1d6">
         <name>.text:__TI_auto_init_nobinit_nopinit:__TI_auto_init_nobinit_nopinit</name>
         <load_address>0x20009560</load_address>
         <run_address>0x20009560</run_address>
         <size>0x44</size>
         <input_file_ref idref="fl-e7"/>
      </object_component>
      <object_component id="oc-31f">
         <name>.text:PinModeSet</name>
         <load_address>0x200095a4</load_address>
         <run_address>0x200095a4</run_address>
         <size>0x40</size>
         <input_file_ref idref="fl-12"/>
      </object_component>
      <object_component id="oc-2b0">
         <name>.text:vsnprintf</name>
         <load_address>0x200095e4</load_address>
         <run_address>0x200095e4</run_address>
         <size>0x40</size>
         <input_file_ref idref="fl-d0"/>
      </object_component>
      <object_component id="oc-510">
         <name>.text:_fcpy</name>
         <load_address>0x20009624</load_address>
         <run_address>0x20009624</run_address>
         <size>0x3e</size>
         <input_file_ref idref="fl-de"/>
      </object_component>
      <object_component id="oc-19e">
         <name>.text:PRCMPeripheralClkEnable</name>
         <load_address>0x20009664</load_address>
         <run_address>0x20009664</run_address>
         <size>0x3c</size>
         <input_file_ref idref="fl-13"/>
      </object_component>
      <object_component id="oc-32b">
         <name>.text:GPIODirModeSet</name>
         <load_address>0x200096a0</load_address>
         <run_address>0x200096a0</run_address>
         <size>0x36</size>
         <input_file_ref idref="fl-10"/>
      </object_component>
      <object_component id="oc-325">
         <name>.text:PinTypeGPIO</name>
         <load_address>0x200096d6</load_address>
         <run_address>0x200096d6</run_address>
         <size>0x30</size>
         <input_file_ref idref="fl-12"/>
      </object_component>
      <object_component id="oc-357">
         <name>.text:UARTDisable</name>
         <load_address>0x20009708</load_address>
         <run_address>0x20009708</run_address>
         <size>0x30</size>
         <input_file_ref idref="fl-17"/>
      </object_component>
      <object_component id="oc-3c3">
         <name>.text:_outs</name>
         <load_address>0x20009738</load_address>
         <run_address>0x20009738</run_address>
         <size>0x30</size>
         <input_file_ref idref="fl-d0"/>
      </object_component>
      <object_component id="oc-4f3">
         <name>.text</name>
         <load_address>0x20009768</load_address>
         <run_address>0x20009768</run_address>
         <size>0x2e</size>
         <input_file_ref idref="fl-e5"/>
      </object_component>
      <object_component id="oc-26c">
         <name>.text:PRCMSysResetCauseGet</name>
         <load_address>0x20009798</load_address>
         <run_address>0x20009798</run_address>
         <size>0x2c</size>
         <input_file_ref idref="fl-13"/>
      </object_component>
      <object_component id="oc-23a">
         <name>.text:TimerLoadSet</name>
         <load_address>0x200097c4</load_address>
         <run_address>0x200097c4</run_address>
         <size>0x2a</size>
         <input_file_ref idref="fl-16"/>
      </object_component>
      <object_component id="oc-216">
         <name>.text:TimerPrescaleSet</name>
         <load_address>0x200097ee</load_address>
         <run_address>0x200097ee</run_address>
         <size>0x2a</size>
         <input_file_ref idref="fl-16"/>
      </object_component>
      <object_component id="oc-27e">
         <name>.text:PRCMPeripheralClkDisable</name>
         <load_address>0x20009818</load_address>
         <run_address>0x20009818</run_address>
         <size>0x28</size>
         <input_file_ref idref="fl-13"/>
      </object_component>
      <object_component id="oc-3f2">
         <name>.text:free_list_insert</name>
         <load_address>0x20009840</load_address>
         <run_address>0x20009840</run_address>
         <size>0x28</size>
         <input_file_ref idref="fl-d7"/>
      </object_component>
      <object_component id="oc-395">
         <name>.text:IntUnregister</name>
         <load_address>0x20009868</load_address>
         <run_address>0x20009868</run_address>
         <size>0x24</size>
         <input_file_ref idref="fl-11"/>
      </object_component>
      <object_component id="oc-1b0">
         <name>.text:UARTEnable</name>
         <load_address>0x2000988c</load_address>
         <run_address>0x2000988c</run_address>
         <size>0x24</size>
         <input_file_ref idref="fl-17"/>
      </object_component>
      <object_component id="oc-58">
         <name>.text:_c_int00_noargs:_c_int00_noargs</name>
         <load_address>0x200098b0</load_address>
         <run_address>0x200098b0</run_address>
         <size>0x24</size>
         <input_file_ref idref="fl-dc"/>
      </object_component>
      <object_component id="oc-2bc">
         <name>.text:memmove</name>
         <load_address>0x200098d4</load_address>
         <run_address>0x200098d4</run_address>
         <size>0x24</size>
         <input_file_ref idref="fl-d6"/>
      </object_component>
      <object_component id="oc-c8">
         <name>.text:GPIOIntStatus</name>
         <load_address>0x200098f8</load_address>
         <run_address>0x200098f8</run_address>
         <size>0x22</size>
         <input_file_ref idref="fl-10"/>
      </object_component>
      <object_component id="oc-16e">
         <name>.text:SPIReset</name>
         <load_address>0x2000991a</load_address>
         <run_address>0x2000991a</run_address>
         <size>0x22</size>
         <input_file_ref idref="fl-14"/>
      </object_component>
      <object_component id="oc-2eb">
         <name>.text:GPIOPinWrite</name>
         <load_address>0x2000993c</load_address>
         <run_address>0x2000993c</run_address>
         <size>0x20</size>
         <input_file_ref idref="fl-10"/>
      </object_component>
      <object_component id="oc-286">
         <name>.text:IntRegister</name>
         <load_address>0x2000995c</load_address>
         <run_address>0x2000995c</run_address>
         <size>0x20</size>
         <input_file_ref idref="fl-11"/>
      </object_component>
      <object_component id="oc-2f7">
         <name>.text:SPIDataGet</name>
         <load_address>0x2000997c</load_address>
         <run_address>0x2000997c</run_address>
         <size>0x20</size>
         <input_file_ref idref="fl-14"/>
      </object_component>
      <object_component id="oc-18c">
         <name>.text:GPIOIntRegister</name>
         <load_address>0x2000999c</load_address>
         <run_address>0x2000999c</run_address>
         <size>0x1e</size>
         <input_file_ref idref="fl-10"/>
      </object_component>
      <object_component id="oc-2f1">
         <name>.text:SPIDataPut</name>
         <load_address>0x200099ba</load_address>
         <run_address>0x200099ba</run_address>
         <size>0x1e</size>
         <input_file_ref idref="fl-14"/>
      </object_component>
      <object_component id="oc-246">
         <name>.text:TimerDisable</name>
         <load_address>0x200099d8</load_address>
         <run_address>0x200099d8</run_address>
         <size>0x1e</size>
         <input_file_ref idref="fl-16"/>
      </object_component>
      <object_component id="oc-240">
         <name>.text:TimerEnable</name>
         <load_address>0x200099f6</load_address>
         <run_address>0x200099f6</run_address>
         <size>0x1e</size>
         <input_file_ref idref="fl-16"/>
      </object_component>
      <object_component id="oc-22e">
         <name>.text:TimerIntStatus</name>
         <load_address>0x20009a14</load_address>
         <run_address>0x20009a14</run_address>
         <size>0x1e</size>
         <input_file_ref idref="fl-16"/>
      </object_component>
      <object_component id="oc-132">
         <name>.text:UARTCharPut</name>
         <load_address>0x20009a32</load_address>
         <run_address>0x20009a32</run_address>
         <size>0x1e</size>
         <input_file_ref idref="fl-17"/>
      </object_component>
      <object_component id="oc-1aa">
         <name>.text:UARTIntRegister</name>
         <load_address>0x20009a50</load_address>
         <run_address>0x20009a50</run_address>
         <size>0x1e</size>
         <input_file_ref idref="fl-17"/>
      </object_component>
      <object_component id="oc-f8">
         <name>.text:SysTickIntRegister</name>
         <load_address>0x20009a70</load_address>
         <run_address>0x20009a70</run_address>
         <size>0x1c</size>
         <input_file_ref idref="fl-15"/>
      </object_component>
      <object_component id="oc-258">
         <name>.text:TimerValueGet</name>
         <load_address>0x20009a8c</load_address>
         <run_address>0x20009a8c</run_address>
         <size>0x1c</size>
         <input_file_ref idref="fl-16"/>
      </object_component>
      <object_component id="oc-2b6">
         <name>.text:UARTCharGetNonBlocking</name>
         <load_address>0x20009aa8</load_address>
         <run_address>0x20009aa8</run_address>
         <size>0x1c</size>
         <input_file_ref idref="fl-17"/>
      </object_component>
      <object_component id="oc-46">
         <name>.text:decompress:ZI:__TI_zero_init_nomemset:__TI_zero_init_nomemset</name>
         <load_address>0x20009ac4</load_address>
         <run_address>0x20009ac4</run_address>
         <size>0x1c</size>
         <input_file_ref idref="fl-d3"/>
      </object_component>
      <object_component id="oc-3e5">
         <name>.text:free_list_remove</name>
         <load_address>0x20009ae0</load_address>
         <run_address>0x20009ae0</run_address>
         <size>0x1c</size>
         <input_file_ref idref="fl-d7"/>
      </object_component>
      <object_component id="oc-491">
         <name>.text:memccpy</name>
         <load_address>0x20009afc</load_address>
         <run_address>0x20009afc</run_address>
         <size>0x1c</size>
         <input_file_ref idref="fl-f0"/>
      </object_component>
      <object_component id="oc-198">
         <name>.text:GPIOIntEnable</name>
         <load_address>0x20009b18</load_address>
         <run_address>0x20009b18</run_address>
         <size>0x1a</size>
         <input_file_ref idref="fl-10"/>
      </object_component>
      <object_component id="oc-331">
         <name>.text:PinTypeSPI</name>
         <load_address>0x20009b32</load_address>
         <run_address>0x20009b32</run_address>
         <size>0x1a</size>
         <input_file_ref idref="fl-12"/>
      </object_component>
      <object_component id="oc-337">
         <name>.text:PinTypeUART</name>
         <load_address>0x20009b4c</load_address>
         <run_address>0x20009b4c</run_address>
         <size>0x1a</size>
         <input_file_ref idref="fl-12"/>
      </object_component>
      <object_component id="oc-2fd">
         <name>.text:SPICSDisable</name>
         <load_address>0x20009b66</load_address>
         <run_address>0x20009b66</run_address>
         <size>0x18</size>
         <input_file_ref idref="fl-14"/>
      </object_component>
      <object_component id="oc-2e5">
         <name>.text:SPICSEnable</name>
         <load_address>0x20009b7e</load_address>
         <run_address>0x20009b7e</run_address>
         <size>0x18</size>
         <input_file_ref idref="fl-14"/>
      </object_component>
      <object_component id="oc-180">
         <name>.text:SPIEnable</name>
         <load_address>0x20009b96</load_address>
         <run_address>0x20009b96</run_address>
         <size>0x18</size>
         <input_file_ref idref="fl-14"/>
      </object_component>
      <object_component id="oc-f2">
         <name>.text:SysTickPeriodSet</name>
         <load_address>0x20009bb0</load_address>
         <run_address>0x20009bb0</run_address>
         <size>0x18</size>
         <input_file_ref idref="fl-15"/>
      </object_component>
      <object_component id="oc-24c">
         <name>.text:TimerIntDisable</name>
         <load_address>0x20009bc8</load_address>
         <run_address>0x20009bc8</run_address>
         <size>0x18</size>
         <input_file_ref idref="fl-16"/>
      </object_component>
      <object_component id="oc-228">
         <name>.text:TimerIntEnable</name>
         <load_address>0x20009be0</load_address>
         <run_address>0x20009be0</run_address>
         <size>0x18</size>
         <input_file_ref idref="fl-16"/>
      </object_component>
      <object_component id="oc-156">
         <name>.text:UARTCharsAvail</name>
         <load_address>0x20009bf8</load_address>
         <run_address>0x20009bf8</run_address>
         <size>0x18</size>
         <input_file_ref idref="fl-17"/>
      </object_component>
      <object_component id="oc-150">
         <name>.text:UARTIntDisable</name>
         <load_address>0x20009c10</load_address>
         <run_address>0x20009c10</run_address>
         <size>0x18</size>
         <input_file_ref idref="fl-17"/>
      </object_component>
      <object_component id="oc-162">
         <name>.text:UARTIntEnable</name>
         <load_address>0x20009c28</load_address>
         <run_address>0x20009c28</run_address>
         <size>0x18</size>
         <input_file_ref idref="fl-17"/>
      </object_component>
      <object_component id="oc-3c9">
         <name>.text:_outc</name>
         <load_address>0x20009c40</load_address>
         <run_address>0x20009c40</run_address>
         <size>0x18</size>
         <input_file_ref idref="fl-d0"/>
      </object_component>
      <object_component id="oc-272">
         <name>.text:PRCMHIBRegRead</name>
         <load_address>0x20009c58</load_address>
         <run_address>0x20009c58</run_address>
         <size>0x16</size>
         <input_file_ref idref="fl-13"/>
      </object_component>
      <object_component id="oc-278">
         <name>.text:PRCMHIBRegWrite</name>
         <load_address>0x20009c6e</load_address>
         <run_address>0x20009c6e</run_address>
         <size>0x16</size>
         <input_file_ref idref="fl-13"/>
      </object_component>
      <object_component id="oc-168">
         <name>.text:UARTCharGet</name>
         <load_address>0x20009c84</load_address>
         <run_address>0x20009c84</run_address>
         <size>0x16</size>
         <input_file_ref idref="fl-17"/>
      </object_component>
      <object_component id="oc-111">
         <name>.text:strchr</name>
         <load_address>0x20009c9a</load_address>
         <run_address>0x20009c9a</run_address>
         <size>0x16</size>
         <input_file_ref idref="fl-d8"/>
      </object_component>
      <object_component id="oc-261">
         <name>.text:CPUcpsie</name>
         <load_address>0x20009cb0</load_address>
         <run_address>0x20009cb0</run_address>
         <size>0x14</size>
         <input_file_ref idref="fl-19"/>
      </object_component>
      <object_component id="oc-ce">
         <name>.text:GPIOIntClear</name>
         <load_address>0x20009cc4</load_address>
         <run_address>0x20009cc4</run_address>
         <size>0x14</size>
         <input_file_ref idref="fl-10"/>
      </object_component>
      <object_component id="oc-da">
         <name>.text:IntVTableBaseSet</name>
         <load_address>0x20009cd8</load_address>
         <run_address>0x20009cd8</run_address>
         <size>0x14</size>
         <input_file_ref idref="fl-11"/>
      </object_component>
      <object_component id="oc-14a">
         <name>.text:strcpy</name>
         <load_address>0x20009cec</load_address>
         <run_address>0x20009cec</run_address>
         <size>0x14</size>
         <input_file_ref idref="fl-d9"/>
      </object_component>
      <object_component id="oc-11d">
         <name>.text:strlen</name>
         <load_address>0x20009d00</load_address>
         <run_address>0x20009d00</run_address>
         <size>0x14</size>
         <input_file_ref idref="fl-da"/>
      </object_component>
      <object_component id="oc-234">
         <name>.text:TimerIntClear</name>
         <load_address>0x20009d14</load_address>
         <run_address>0x20009d14</run_address>
         <size>0x12</size>
         <input_file_ref idref="fl-16"/>
      </object_component>
      <object_component id="oc-15c">
         <name>.text:UARTIntClear</name>
         <load_address>0x20009d26</load_address>
         <run_address>0x20009d26</run_address>
         <size>0x12</size>
         <input_file_ref idref="fl-17"/>
      </object_component>
      <object_component id="oc-497">
         <name>.text:wcslen</name>
         <load_address>0x20009d38</load_address>
         <run_address>0x20009d38</run_address>
         <size>0x12</size>
         <input_file_ref idref="fl-f1"/>
      </object_component>
      <object_component id="oc-fe">
         <name>.text:SysTickEnable</name>
         <load_address>0x20009d4c</load_address>
         <run_address>0x20009d4c</run_address>
         <size>0x10</size>
         <input_file_ref idref="fl-15"/>
      </object_component>
      <object_component id="oc-18">
         <name>.text:decompress:none:__TI_decompress_none</name>
         <load_address>0x20009d5c</load_address>
         <run_address>0x20009d5c</run_address>
         <size>0xe</size>
         <input_file_ref idref="fl-d4"/>
      </object_component>
      <object_component id="oc-26">
         <name>.text</name>
         <load_address>0x20009d6a</load_address>
         <run_address>0x20009d6a</run_address>
         <size>0xe</size>
         <input_file_ref idref="fl-7"/>
      </object_component>
      <object_component id="oc-c2">
         <name>.text:SysTickValueGet</name>
         <load_address>0x20009d78</load_address>
         <run_address>0x20009d78</run_address>
         <size>0xc</size>
         <input_file_ref idref="fl-15"/>
      </object_component>
      <object_component id="oc-559">
         <name>.text:copysign</name>
         <load_address>0x20009d84</load_address>
         <run_address>0x20009d84</run_address>
         <size>0xc</size>
         <input_file_ref idref="fl-f4"/>
      </object_component>
      <object_component id="oc-e0">
         <name>.text:IntMasterEnable</name>
         <load_address>0x20009d90</load_address>
         <run_address>0x20009d90</run_address>
         <size>0xa</size>
         <input_file_ref idref="fl-11"/>
      </object_component>
      <object_component id="oc-2a3">
         <name>.text:__aeabi_errno_addr</name>
         <load_address>0x20009d9c</load_address>
         <run_address>0x20009d9c</run_address>
         <size>0x8</size>
         <input_file_ref idref="fl-dd"/>
      </object_component>
      <object_component id="oc-2c2">
         <name>.text:malloc</name>
         <load_address>0x20009da4</load_address>
         <run_address>0x20009da4</run_address>
         <size>0x8</size>
         <input_file_ref idref="fl-d7"/>
      </object_component>
      <object_component id="oc-13e">
         <name>.text:UtilsDelay</name>
         <load_address>0x20009dac</load_address>
         <run_address>0x20009dac</run_address>
         <size>0x6</size>
         <input_file_ref idref="fl-18"/>
      </object_component>
      <object_component id="oc-8e">
         <name>.text:_system_pre_init</name>
         <load_address>0x20009db2</load_address>
         <run_address>0x20009db2</run_address>
         <size>0x4</size>
         <input_file_ref idref="fl-e8"/>
      </object_component>
      <object_component id="oc-1ca">
         <name>.text:abort:abort</name>
         <load_address>0x20009db6</load_address>
         <run_address>0x20009db6</run_address>
         <size>0x4</size>
         <input_file_ref idref="fl-ea"/>
      </object_component>
      <object_component id="oc-306">
         <name>.const:.string:font</name>
         <load_address>0x20009dbc</load_address>
         <run_address>0x20009dbc</run_address>
         <size>0x4fb</size>
         <input_file_ref idref="fl-2"/>
      </object_component>
      <object_component id="oc-2a9">
         <name>.const:.string:_ctypes_</name>
         <load_address>0x2000a2b7</load_address>
         <run_address>0x2000a2b7</run_address>
         <size>0x101</size>
         <input_file_ref idref="fl-ee"/>
      </object_component>
      <object_component id="oc-40d">
         <name>.const:g_ulPinToPadMap</name>
         <load_address>0x2000a3b8</load_address>
         <run_address>0x2000a3b8</run_address>
         <size>0x100</size>
         <input_file_ref idref="fl-12"/>
      </object_component>
      <object_component id="oc-382">
         <name>.const:g_pulRegs</name>
         <load_address>0x2000a4b8</load_address>
         <run_address>0x2000a4b8</run_address>
         <size>0xd4</size>
         <input_file_ref idref="fl-11"/>
      </object_component>
      <object_component id="oc-348">
         <name>.const:PRCM_PeriphRegsList</name>
         <load_address>0x2000a58c</load_address>
         <run_address>0x2000a58c</run_address>
         <size>0xa8</size>
         <input_file_ref idref="fl-13"/>
      </object_component>
      <object_component id="oc-455">
         <name>.const:g_pulDisRegs</name>
         <load_address>0x2000a634</load_address>
         <run_address>0x2000a634</run_address>
         <size>0x18</size>
         <input_file_ref idref="fl-11"/>
      </object_component>
      <object_component id="oc-268">
         <name>.const:g_pulEnRegs</name>
         <load_address>0x2000a64c</load_address>
         <run_address>0x2000a64c</run_address>
         <size>0x18</size>
         <input_file_ref idref="fl-11"/>
      </object_component>
      <object_component id="oc-427">
         <name>.const:g_ppulUARTIntMap</name>
         <load_address>0x2000a664</load_address>
         <run_address>0x2000a664</run_address>
         <size>0x10</size>
         <input_file_ref idref="fl-17"/>
      </object_component>
      <object_component id="oc-147">
         <name>.const:.string:$P$T2$3</name>
         <load_address>0x2000a674</load_address>
         <run_address>0x2000a674</run_address>
         <size>0xf</size>
         <input_file_ref idref="fl-5"/>
      </object_component>
      <object_component id="oc-141">
         <name>.const:.string:$P$T0$1</name>
         <load_address>0x2000a683</load_address>
         <run_address>0x2000a683</run_address>
         <size>0x7</size>
         <input_file_ref idref="fl-5"/>
      </object_component>
      <object_component id="oc-144">
         <name>.const:.string:$P$T1$2</name>
         <load_address>0x2000a68a</load_address>
         <run_address>0x2000a68a</run_address>
         <size>0x4</size>
         <input_file_ref idref="fl-5"/>
      </object_component>
      <object_component id="oc-5a5">
         <name>.cinit..data.load</name>
         <load_address>0x2000a690</load_address>
         <run_address>0x2000a690</run_address>
         <size>0x32</size>
      </object_component>
      <object_component id="oc-5a3">
         <name>__TI_handler_table</name>
         <load_address>0x2000a6c4</load_address>
         <run_address>0x2000a6c4</run_address>
         <size>0xc</size>
      </object_component>
      <object_component id="oc-5a6">
         <name>.cinit..bss.load</name>
         <load_address>0x2000a6d0</load_address>
         <run_address>0x2000a6d0</run_address>
         <size>0x8</size>
      </object_component>
      <object_component id="oc-5a4">
         <name>__TI_cinit_table</name>
         <load_address>0x2000a6d8</load_address>
         <run_address>0x2000a6d8</run_address>
         <size>0x10</size>
      </object_component>
      <object_component id="oc-309">
         <name>.data</name>
         <load_address>0x2001784c</load_address>
         <run_address>0x2001784c</run_address>
         <size>0x15</size>
         <input_file_ref idref="fl-2"/>
      </object_component>
      <object_component id="oc-104">
         <name>.data</name>
         <load_address>0x20017800</load_address>
         <run_address>0x20017800</run_address>
         <size>0x4c</size>
         <input_file_ref idref="fl-5"/>
      </object_component>
      <object_component id="oc-129">
         <name>.data:gpioArr</name>
         <load_address>0x20017861</load_address>
         <run_address>0x20017861</run_address>
         <size>0xd</size>
         <input_file_ref idref="fl-5"/>
      </object_component>
      <object_component id="oc-107">
         <name>.data:pin63</name>
         <load_address>0x20017880</load_address>
         <run_address>0x20017880</run_address>
         <size>0x8</size>
         <input_file_ref idref="fl-5"/>
      </object_component>
      <object_component id="oc-4af">
         <name>.data:$O1$$</name>
         <load_address>0x20017878</load_address>
         <run_address>0x20017878</run_address>
         <size>0x8</size>
         <input_file_ref idref="fl-d7"/>
      </object_component>
      <object_component id="oc-3b1">
         <name>.data</name>
         <load_address>0x20017888</load_address>
         <run_address>0x20017888</run_address>
         <size>0x4</size>
         <input_file_ref idref="fl-dd"/>
      </object_component>
      <object_component id="oc-364">
         <name>.data:$O1$$</name>
         <load_address>0x20017870</load_address>
         <run_address>0x20017870</run_address>
         <size>0x8</size>
         <input_file_ref idref="fl-eb"/>
      </object_component>
      <object_component id="oc-10e">
         <name>.bss</name>
         <uninitialized>true</uninitialized>
         <run_address>0x200178f0</run_address>
         <size>0x4</size>
         <input_file_ref idref="fl-5"/>
      </object_component>
      <object_component id="oc-2d4">
         <name>.bss</name>
         <uninitialized>true</uninitialized>
         <run_address>0x200178f4</run_address>
         <size>0x4</size>
         <input_file_ref idref="fl-a"/>
      </object_component>
      <object_component id="oc-10a">
         <name>.common:pin63_intcount</name>
         <uninitialized>true</uninitialized>
         <run_address>0x20017900</run_address>
         <size>0x4</size>
      </object_component>
      <object_component id="oc-10d">
         <name>.common:pin63_intflag</name>
         <uninitialized>true</uninitialized>
         <run_address>0x20017905</run_address>
         <size>0x1</size>
      </object_component>
      <object_component id="oc-1be">
         <name>.common:gpioTimeCount</name>
         <uninitialized>true</uninitialized>
         <run_address>0x20017904</run_address>
         <size>0x1</size>
      </object_component>
      <object_component id="oc-1bc">
         <name>.common:g_lastInt</name>
         <uninitialized>true</uninitialized>
         <run_address>0x200178fc</run_address>
         <size>0x4</size>
      </object_component>
      <object_component id="oc-1bd">
         <name>.common:g_inputMode</name>
         <uninitialized>true</uninitialized>
         <run_address>0x200178f8</run_address>
         <size>0x4</size>
      </object_component>
      <object_component id="oc-13f">
         <name>.common:charMessage</name>
         <uninitialized>true</uninitialized>
         <run_address>0x200178dc</run_address>
         <size>0x14</size>
      </object_component>
      <object_component id="oc-140">
         <name>.common:colorMessage</name>
         <uninitialized>true</uninitialized>
         <run_address>0x2001788c</run_address>
         <size>0x50</size>
      </object_component>
      <object_component id="oc-20">
         <name>.sysmem</name>
         <uninitialized>true</uninitialized>
         <run_address>0x20017000</run_address>
         <size>0x10</size>
         <input_file_ref idref="fl-d7"/>
      </object_component>
      <object_component id="oc-5a8">
         <name>.sysmem</name>
         <uninitialized>true</uninitialized>
         <run_address>0x20017000</run_address>
         <size>0x0</size>
      </object_component>
      <object_component id="oc-23">
         <name>.stack</name>
         <uninitialized>true</uninitialized>
         <run_address>0x2002f800</run_address>
         <size>0x4</size>
         <input_file_ref idref="fl-dc"/>
      </object_component>
      <object_component id="oc-5a7">
         <name>.stack</name>
         <uninitialized>true</uninitialized>
         <run_address>0x2002f800</run_address>
         <size>0x0</size>
      </object_component>
      <object_component id="oc-30d">
         <name>.debug_info</name>
         <load_address>0x0</load_address>
         <run_address>0x0</run_address>
         <size>0x21a</size>
         <input_file_ref idref="fl-2"/>
      </object_component>
      <object_component id="oc-307">
         <name>.debug_info</name>
         <load_address>0x21a</load_address>
         <run_address>0x21a</run_address>
         <size>0xcc</size>
         <input_file_ref idref="fl-2"/>
      </object_component>
      <object_component id="oc-30a">
         <name>.debug_info</name>
         <load_address>0x2e6</load_address>
         <run_address>0x2e6</run_address>
         <size>0x17a</size>
         <input_file_ref idref="fl-2"/>
      </object_component>
      <object_component id="oc-13c">
         <name>.debug_info</name>
         <load_address>0x460</load_address>
         <run_address>0x460</run_address>
         <size>0x152f</size>
         <input_file_ref idref="fl-2"/>
      </object_component>
      <object_component id="oc-35">
         <name>.debug_info</name>
         <load_address>0x198f</load_address>
         <run_address>0x198f</run_address>
         <size>0x84</size>
         <input_file_ref idref="fl-2"/>
      </object_component>
      <object_component id="oc-304">
         <name>.debug_info</name>
         <load_address>0x1a13</load_address>
         <run_address>0x1a13</run_address>
         <size>0x22d</size>
         <input_file_ref idref="fl-3"/>
      </object_component>
      <object_component id="oc-12f">
         <name>.debug_info</name>
         <load_address>0x1c40</load_address>
         <run_address>0x1c40</run_address>
         <size>0xe5b</size>
         <input_file_ref idref="fl-3"/>
      </object_component>
      <object_component id="oc-29a">
         <name>.debug_info</name>
         <load_address>0x2a9b</load_address>
         <run_address>0x2a9b</run_address>
         <size>0x26b</size>
         <input_file_ref idref="fl-3"/>
      </object_component>
      <object_component id="oc-422">
         <name>.debug_info</name>
         <load_address>0x2d06</load_address>
         <run_address>0x2d06</run_address>
         <size>0x62</size>
         <input_file_ref idref="fl-3"/>
      </object_component>
      <object_component id="oc-3aa">
         <name>.debug_info</name>
         <load_address>0x2d68</load_address>
         <run_address>0x2d68</run_address>
         <size>0x297</size>
         <input_file_ref idref="fl-3"/>
      </object_component>
      <object_component id="oc-20a">
         <name>.debug_info</name>
         <load_address>0x2fff</load_address>
         <run_address>0x2fff</run_address>
         <size>0x2c</size>
         <input_file_ref idref="fl-3"/>
      </object_component>
      <object_component id="oc-b9">
         <name>.debug_info</name>
         <load_address>0x302b</load_address>
         <run_address>0x302b</run_address>
         <size>0x2c</size>
         <input_file_ref idref="fl-3"/>
      </object_component>
      <object_component id="oc-2d9">
         <name>.debug_info</name>
         <load_address>0x3057</load_address>
         <run_address>0x3057</run_address>
         <size>0x2c</size>
         <input_file_ref idref="fl-3"/>
      </object_component>
      <object_component id="oc-35e">
         <name>.debug_info</name>
         <load_address>0x3083</load_address>
         <run_address>0x3083</run_address>
         <size>0x329</size>
         <input_file_ref idref="fl-4"/>
      </object_component>
      <object_component id="oc-1c5">
         <name>.debug_info</name>
         <load_address>0x33ac</load_address>
         <run_address>0x33ac</run_address>
         <size>0xcc</size>
         <input_file_ref idref="fl-4"/>
      </object_component>
      <object_component id="oc-10b">
         <name>.debug_info</name>
         <load_address>0x3478</load_address>
         <run_address>0x3478</run_address>
         <size>0xc5a</size>
         <input_file_ref idref="fl-5"/>
      </object_component>
      <object_component id="oc-105">
         <name>.debug_info</name>
         <load_address>0x40d2</load_address>
         <run_address>0x40d2</run_address>
         <size>0x2fe</size>
         <input_file_ref idref="fl-5"/>
      </object_component>
      <object_component id="oc-10f">
         <name>.debug_info</name>
         <load_address>0x43d0</load_address>
         <run_address>0x43d0</run_address>
         <size>0xcc</size>
         <input_file_ref idref="fl-5"/>
      </object_component>
      <object_component id="oc-12a">
         <name>.debug_info</name>
         <load_address>0x449c</load_address>
         <run_address>0x449c</run_address>
         <size>0xcb</size>
         <input_file_ref idref="fl-5"/>
      </object_component>
      <object_component id="oc-108">
         <name>.debug_info</name>
         <load_address>0x4567</load_address>
         <run_address>0x4567</run_address>
         <size>0xc6</size>
         <input_file_ref idref="fl-5"/>
      </object_component>
      <object_component id="oc-142">
         <name>.debug_info</name>
         <load_address>0x462d</load_address>
         <run_address>0x462d</run_address>
         <size>0xcb</size>
         <input_file_ref idref="fl-5"/>
      </object_component>
      <object_component id="oc-145">
         <name>.debug_info</name>
         <load_address>0x46f8</load_address>
         <run_address>0x46f8</run_address>
         <size>0xcb</size>
         <input_file_ref idref="fl-5"/>
      </object_component>
      <object_component id="oc-148">
         <name>.debug_info</name>
         <load_address>0x47c3</load_address>
         <run_address>0x47c3</run_address>
         <size>0xcb</size>
         <input_file_ref idref="fl-5"/>
      </object_component>
      <object_component id="oc-97">
         <name>.debug_info</name>
         <load_address>0x488e</load_address>
         <run_address>0x488e</run_address>
         <size>0x1674</size>
         <input_file_ref idref="fl-5"/>
      </object_component>
      <object_component id="oc-293">
         <name>.debug_info</name>
         <load_address>0x5f02</load_address>
         <run_address>0x5f02</run_address>
         <size>0x62</size>
         <input_file_ref idref="fl-5"/>
      </object_component>
      <object_component id="oc-1c0">
         <name>.debug_info</name>
         <load_address>0x5f64</load_address>
         <run_address>0x5f64</run_address>
         <size>0x8b</size>
         <input_file_ref idref="fl-5"/>
      </object_component>
      <object_component id="oc-188">
         <name>.debug_info</name>
         <load_address>0x5fef</load_address>
         <run_address>0x5fef</run_address>
         <size>0x3c5</size>
         <input_file_ref idref="fl-6"/>
      </object_component>
      <object_component id="oc-2e">
         <name>.debug_info</name>
         <load_address>0x63b4</load_address>
         <run_address>0x63b4</run_address>
         <size>0x18a</size>
         <input_file_ref idref="fl-7"/>
      </object_component>
      <object_component id="oc-10">
         <name>.debug_info</name>
         <load_address>0x653e</load_address>
         <run_address>0x653e</run_address>
         <size>0x109</size>
         <input_file_ref idref="fl-7"/>
      </object_component>
      <object_component id="oc-2a">
         <name>.debug_info</name>
         <load_address>0x6647</load_address>
         <run_address>0x6647</run_address>
         <size>0x429</size>
         <input_file_ref idref="fl-7"/>
      </object_component>
      <object_component id="oc-25f">
         <name>.debug_info</name>
         <load_address>0x6a70</load_address>
         <run_address>0x6a70</run_address>
         <size>0x44f</size>
         <input_file_ref idref="fl-9"/>
      </object_component>
      <object_component id="oc-d5">
         <name>.debug_info</name>
         <load_address>0x6ebf</load_address>
         <run_address>0x6ebf</run_address>
         <size>0x9fb</size>
         <input_file_ref idref="fl-9"/>
      </object_component>
      <object_component id="oc-2d8">
         <name>.debug_info</name>
         <load_address>0x78ba</load_address>
         <run_address>0x78ba</run_address>
         <size>0x3a2</size>
         <input_file_ref idref="fl-a"/>
      </object_component>
      <object_component id="oc-2d5">
         <name>.debug_info</name>
         <load_address>0x7c5c</load_address>
         <run_address>0x7c5c</run_address>
         <size>0xd3</size>
         <input_file_ref idref="fl-a"/>
      </object_component>
      <object_component id="oc-124">
         <name>.debug_info</name>
         <load_address>0x7d2f</load_address>
         <run_address>0x7d2f</run_address>
         <size>0x636</size>
         <input_file_ref idref="fl-a"/>
      </object_component>
      <object_component id="oc-2de">
         <name>.debug_info</name>
         <load_address>0x8365</load_address>
         <run_address>0x8365</run_address>
         <size>0x110</size>
         <input_file_ref idref="fl-a"/>
      </object_component>
      <object_component id="oc-345">
         <name>.debug_info</name>
         <load_address>0x8475</load_address>
         <run_address>0x8475</run_address>
         <size>0x1e0</size>
         <input_file_ref idref="fl-10"/>
      </object_component>
      <object_component id="oc-340">
         <name>.debug_info</name>
         <load_address>0x8655</load_address>
         <run_address>0x8655</run_address>
         <size>0x19e</size>
         <input_file_ref idref="fl-10"/>
      </object_component>
      <object_component id="oc-32d">
         <name>.debug_info</name>
         <load_address>0x87f3</load_address>
         <run_address>0x87f3</run_address>
         <size>0x1dd</size>
         <input_file_ref idref="fl-10"/>
      </object_component>
      <object_component id="oc-195">
         <name>.debug_info</name>
         <load_address>0x89d0</load_address>
         <run_address>0x89d0</run_address>
         <size>0x1e8</size>
         <input_file_ref idref="fl-10"/>
      </object_component>
      <object_component id="oc-19b">
         <name>.debug_info</name>
         <load_address>0x8bb8</load_address>
         <run_address>0x8bb8</run_address>
         <size>0x1bf</size>
         <input_file_ref idref="fl-10"/>
      </object_component>
      <object_component id="oc-cb">
         <name>.debug_info</name>
         <load_address>0x8d77</load_address>
         <run_address>0x8d77</run_address>
         <size>0x1b7</size>
         <input_file_ref idref="fl-10"/>
      </object_component>
      <object_component id="oc-d1">
         <name>.debug_info</name>
         <load_address>0x8f2e</load_address>
         <run_address>0x8f2e</run_address>
         <size>0x1bd</size>
         <input_file_ref idref="fl-10"/>
      </object_component>
      <object_component id="oc-18f">
         <name>.debug_info</name>
         <load_address>0x90eb</load_address>
         <run_address>0x90eb</run_address>
         <size>0x208</size>
         <input_file_ref idref="fl-10"/>
      </object_component>
      <object_component id="oc-2ee">
         <name>.debug_info</name>
         <load_address>0x92f3</load_address>
         <run_address>0x92f3</run_address>
         <size>0x1d4</size>
         <input_file_ref idref="fl-10"/>
      </object_component>
      <object_component id="oc-3a2">
         <name>.debug_info</name>
         <load_address>0x94c7</load_address>
         <run_address>0x94c7</run_address>
         <size>0x201</size>
         <input_file_ref idref="fl-11"/>
      </object_component>
      <object_component id="oc-383">
         <name>.debug_info</name>
         <load_address>0x96c8</load_address>
         <run_address>0x96c8</run_address>
         <size>0xf0</size>
         <input_file_ref idref="fl-11"/>
      </object_component>
      <object_component id="oc-269">
         <name>.debug_info</name>
         <load_address>0x97b8</load_address>
         <run_address>0x97b8</run_address>
         <size>0xf4</size>
         <input_file_ref idref="fl-11"/>
      </object_component>
      <object_component id="oc-456">
         <name>.debug_info</name>
         <load_address>0x98ac</load_address>
         <run_address>0x98ac</run_address>
         <size>0xf6</size>
         <input_file_ref idref="fl-11"/>
      </object_component>
      <object_component id="oc-45a">
         <name>.debug_info</name>
         <load_address>0x99a2</load_address>
         <run_address>0x99a2</run_address>
         <size>0x161</size>
         <input_file_ref idref="fl-11"/>
      </object_component>
      <object_component id="oc-e1">
         <name>.debug_info</name>
         <load_address>0x9b03</load_address>
         <run_address>0x9b03</run_address>
         <size>0x17c</size>
         <input_file_ref idref="fl-11"/>
      </object_component>
      <object_component id="oc-db">
         <name>.debug_info</name>
         <load_address>0x9c7f</load_address>
         <run_address>0x9c7f</run_address>
         <size>0x1ae</size>
         <input_file_ref idref="fl-11"/>
      </object_component>
      <object_component id="oc-287">
         <name>.debug_info</name>
         <load_address>0x9e2d</load_address>
         <run_address>0x9e2d</run_address>
         <size>0x1f8</size>
         <input_file_ref idref="fl-11"/>
      </object_component>
      <object_component id="oc-397">
         <name>.debug_info</name>
         <load_address>0xa025</load_address>
         <run_address>0xa025</run_address>
         <size>0x1c3</size>
         <input_file_ref idref="fl-11"/>
      </object_component>
      <object_component id="oc-21d">
         <name>.debug_info</name>
         <load_address>0xa1e8</load_address>
         <run_address>0xa1e8</run_address>
         <size>0x1fa</size>
         <input_file_ref idref="fl-11"/>
      </object_component>
      <object_component id="oc-e8">
         <name>.debug_info</name>
         <load_address>0xa3e2</load_address>
         <run_address>0xa3e2</run_address>
         <size>0x19f</size>
         <input_file_ref idref="fl-11"/>
      </object_component>
      <object_component id="oc-391">
         <name>.debug_info</name>
         <load_address>0xa581</load_address>
         <run_address>0xa581</run_address>
         <size>0x1a1</size>
         <input_file_ref idref="fl-11"/>
      </object_component>
      <object_component id="oc-4ba">
         <name>.debug_info</name>
         <load_address>0xa722</load_address>
         <run_address>0xa722</run_address>
         <size>0x14e</size>
         <input_file_ref idref="fl-12"/>
      </object_component>
      <object_component id="oc-40e">
         <name>.debug_info</name>
         <load_address>0xa870</load_address>
         <run_address>0xa870</run_address>
         <size>0xf6</size>
         <input_file_ref idref="fl-12"/>
      </object_component>
      <object_component id="oc-321">
         <name>.debug_info</name>
         <load_address>0xa966</load_address>
         <run_address>0xa966</run_address>
         <size>0x1bf</size>
         <input_file_ref idref="fl-12"/>
      </object_component>
      <object_component id="oc-412">
         <name>.debug_info</name>
         <load_address>0xab25</load_address>
         <run_address>0xab25</run_address>
         <size>0x20d</size>
         <input_file_ref idref="fl-12"/>
      </object_component>
      <object_component id="oc-338">
         <name>.debug_info</name>
         <load_address>0xad32</load_address>
         <run_address>0xad32</run_address>
         <size>0x1d4</size>
         <input_file_ref idref="fl-12"/>
      </object_component>
      <object_component id="oc-332">
         <name>.debug_info</name>
         <load_address>0xaf06</load_address>
         <run_address>0xaf06</run_address>
         <size>0x1d2</size>
         <input_file_ref idref="fl-12"/>
      </object_component>
      <object_component id="oc-327">
         <name>.debug_info</name>
         <load_address>0xb0d8</load_address>
         <run_address>0xb0d8</run_address>
         <size>0x222</size>
         <input_file_ref idref="fl-12"/>
      </object_component>
      <object_component id="oc-34d">
         <name>.debug_info</name>
         <load_address>0xb2fa</load_address>
         <run_address>0xb2fa</run_address>
         <size>0x25e</size>
         <input_file_ref idref="fl-13"/>
      </object_component>
      <object_component id="oc-349">
         <name>.debug_info</name>
         <load_address>0xb558</load_address>
         <run_address>0xb558</run_address>
         <size>0xff</size>
         <input_file_ref idref="fl-13"/>
      </object_component>
      <object_component id="oc-26e">
         <name>.debug_info</name>
         <load_address>0xb657</load_address>
         <run_address>0xb657</run_address>
         <size>0x1a6</size>
         <input_file_ref idref="fl-13"/>
      </object_component>
      <object_component id="oc-1a0">
         <name>.debug_info</name>
         <load_address>0xb7fd</load_address>
         <run_address>0xb7fd</run_address>
         <size>0x1eb</size>
         <input_file_ref idref="fl-13"/>
      </object_component>
      <object_component id="oc-280">
         <name>.debug_info</name>
         <load_address>0xb9e8</load_address>
         <run_address>0xb9e8</run_address>
         <size>0x1ed</size>
         <input_file_ref idref="fl-13"/>
      </object_component>
      <object_component id="oc-176">
         <name>.debug_info</name>
         <load_address>0xbbd5</load_address>
         <run_address>0xbbd5</run_address>
         <size>0x216</size>
         <input_file_ref idref="fl-13"/>
      </object_component>
      <object_component id="oc-1a6">
         <name>.debug_info</name>
         <load_address>0xbdeb</load_address>
         <run_address>0xbdeb</run_address>
         <size>0x1c0</size>
         <input_file_ref idref="fl-13"/>
      </object_component>
      <object_component id="oc-ed">
         <name>.debug_info</name>
         <load_address>0xbfab</load_address>
         <run_address>0xbfab</run_address>
         <size>0x283</size>
         <input_file_ref idref="fl-13"/>
      </object_component>
      <object_component id="oc-273">
         <name>.debug_info</name>
         <load_address>0xc22e</load_address>
         <run_address>0xc22e</run_address>
         <size>0x1bf</size>
         <input_file_ref idref="fl-13"/>
      </object_component>
      <object_component id="oc-279">
         <name>.debug_info</name>
         <load_address>0xc3ed</load_address>
         <run_address>0xc3ed</run_address>
         <size>0x1d4</size>
         <input_file_ref idref="fl-13"/>
      </object_component>
      <object_component id="oc-401">
         <name>.debug_info</name>
         <load_address>0xc5c1</load_address>
         <run_address>0xc5c1</run_address>
         <size>0x232</size>
         <input_file_ref idref="fl-14"/>
      </object_component>
      <object_component id="oc-183">
         <name>.debug_info</name>
         <load_address>0xc7f3</load_address>
         <run_address>0xc7f3</run_address>
         <size>0x179</size>
         <input_file_ref idref="fl-14"/>
      </object_component>
      <object_component id="oc-171">
         <name>.debug_info</name>
         <load_address>0xc96c</load_address>
         <run_address>0xc96c</run_address>
         <size>0x177</size>
         <input_file_ref idref="fl-14"/>
      </object_component>
      <object_component id="oc-17c">
         <name>.debug_info</name>
         <load_address>0xcae3</load_address>
         <run_address>0xcae3</run_address>
         <size>0x28e</size>
         <input_file_ref idref="fl-14"/>
      </object_component>
      <object_component id="oc-2f9">
         <name>.debug_info</name>
         <load_address>0xcd71</load_address>
         <run_address>0xcd71</run_address>
         <size>0x1aa</size>
         <input_file_ref idref="fl-14"/>
      </object_component>
      <object_component id="oc-2f3">
         <name>.debug_info</name>
         <load_address>0xcf1b</load_address>
         <run_address>0xcf1b</run_address>
         <size>0x1a6</size>
         <input_file_ref idref="fl-14"/>
      </object_component>
      <object_component id="oc-2e7">
         <name>.debug_info</name>
         <load_address>0xd0c1</load_address>
         <run_address>0xd0c1</run_address>
         <size>0x17d</size>
         <input_file_ref idref="fl-14"/>
      </object_component>
      <object_component id="oc-2ff">
         <name>.debug_info</name>
         <load_address>0xd23e</load_address>
         <run_address>0xd23e</run_address>
         <size>0x17f</size>
         <input_file_ref idref="fl-14"/>
      </object_component>
      <object_component id="oc-28d">
         <name>.debug_info</name>
         <load_address>0xd3bd</load_address>
         <run_address>0xd3bd</run_address>
         <size>0x199</size>
         <input_file_ref idref="fl-15"/>
      </object_component>
      <object_component id="oc-ff">
         <name>.debug_info</name>
         <load_address>0xd556</load_address>
         <run_address>0xd556</run_address>
         <size>0x15f</size>
         <input_file_ref idref="fl-15"/>
      </object_component>
      <object_component id="oc-f9">
         <name>.debug_info</name>
         <load_address>0xd6b5</load_address>
         <run_address>0xd6b5</run_address>
         <size>0x1b6</size>
         <input_file_ref idref="fl-15"/>
      </object_component>
      <object_component id="oc-f3">
         <name>.debug_info</name>
         <load_address>0xd86b</load_address>
         <run_address>0xd86b</run_address>
         <size>0x198</size>
         <input_file_ref idref="fl-15"/>
      </object_component>
      <object_component id="oc-c3">
         <name>.debug_info</name>
         <load_address>0xda03</load_address>
[...]
      <symbol id="sm-437">
         <name>IntVTableBaseSet</name>
         <value>0x20009cd9</value>
         <object_component_ref idref="oc-da"/>
      </symbol>
      <symbol id="sm-438">
         <name>IntEnable</name>
         <value>0x200089bd</value>
         <object_component_ref idref="oc-e6"/>
      </symbol>
      <symbol id="sm-439">
         <name>IntDisable</name>
         <value>0x20008915</value>
         <object_component_ref idref="oc-38f"/>
      </symbol>
      <symbol id="sm-43a">
         <name>IntRegister</name>
         <value>0x2000995d</value>
         <object_component_ref idref="oc-286"/>
      </symbol>
      <symbol id="sm-43b">
         <name>IntUnregister</name>
         <value>0x20009869</value>
         <object_component_ref idref="oc-395"/>
      </symbol>
      <symbol id="sm-43c">
         <name>IntMasterEnable</name>
         <value>0x20009d91</value>
         <object_component_ref idref="oc-e0"/>
      </symbol>
      <symbol id="sm-47b">
         <name>PinTypeUART</name>
         <value>0x20009b4d</value>
         <object_component_ref idref="oc-337"/>
      </symbol>
      <symbol id="sm-47c">
         <name>PinTypeGPIO</name>
         <value>0x200096d7</value>
         <object_component_ref idref="oc-325"/>
      </symbol>
      <symbol id="sm-47d">
         <name>PinConfigSet</name>
         <value>0x20008ccd</value>
         <object_component_ref idref="oc-411"/>
      </symbol>
      <symbol id="sm-47e">
         <name>PinTypeSPI</name>
         <value>0x20009b33</value>
         <object_component_ref idref="oc-331"/>
      </symbol>
      <symbol id="sm-47f">
         <name>PinModeSet</name>
         <value>0x200095a5</value>
         <object_component_ref idref="oc-31f"/>
      </symbol>
      <symbol id="sm-505">
         <name>PRCMPeripheralReset</name>
         <value>0x20009251</value>
         <object_component_ref idref="oc-1a4"/>
      </symbol>
      <symbol id="sm-506">
         <name>PRCMPeripheralClkEnable</name>
         <value>0x20009665</value>
         <object_component_ref idref="oc-19e"/>
      </symbol>
      <symbol id="sm-507">
         <name>PRCMPeripheralClockGet</name>
         <value>0x20008c39</value>
         <object_component_ref idref="oc-174"/>
      </symbol>
      <symbol id="sm-508">
         <name>PRCMCC3200MCUInit</name>
         <value>0x20007c45</value>
         <object_component_ref idref="oc-ec"/>
      </symbol>
      <symbol id="sm-509">
         <name>PRCMHIBRegWrite</name>
         <value>0x20009c6f</value>
         <object_component_ref idref="oc-278"/>
      </symbol>
      <symbol id="sm-50a">
         <name>PRCMSysResetCauseGet</name>
         <value>0x20009799</value>
         <object_component_ref idref="oc-26c"/>
      </symbol>
      <symbol id="sm-50b">
         <name>PRCMPeripheralClkDisable</name>
         <value>0x20009819</value>
         <object_component_ref idref="oc-27e"/>
      </symbol>
      <symbol id="sm-50c">
         <name>PRCMHIBRegRead</name>
         <value>0x20009c59</value>
         <object_component_ref idref="oc-272"/>
      </symbol>
      <symbol id="sm-551">
         <name>SPICSEnable</name>
         <value>0x20009b7f</value>
         <object_component_ref idref="oc-2e5"/>
      </symbol>
      <symbol id="sm-552">
         <name>SPIDataPut</name>
         <value>0x200099bb</value>
         <object_component_ref idref="oc-2f1"/>
      </symbol>
      <symbol id="sm-553">
         <name>SPIEnable</name>
         <value>0x20009b97</value>
         <object_component_ref idref="oc-180"/>
      </symbol>
      <symbol id="sm-554">
         <name>SPIDataGet</name>
         <value>0x2000997d</value>
         <object_component_ref idref="oc-2f7"/>
      </symbol>
      <symbol id="sm-555">
         <name>SPIConfigSetExpClk</name>
         <value>0x20008a65</value>
         <object_component_ref idref="oc-17a"/>
      </symbol>
      <symbol id="sm-556">
         <name>SPIReset</name>
         <value>0x2000991b</value>
         <object_component_ref idref="oc-16e"/>
      </symbol>
      <symbol id="sm-557">
         <name>SPICSDisable</name>
         <value>0x20009b67</value>
         <object_component_ref idref="oc-2fd"/>
      </symbol>
      <symbol id="sm-584">
         <name>SysTickEnable</name>
         <value>0x20009d4d</value>
         <object_component_ref idref="oc-fe"/>
      </symbol>
      <symbol id="sm-585">
         <name>SysTickIntRegister</name>
         <value>0x20009a71</value>
         <object_component_ref idref="oc-f8"/>
      </symbol>
      <symbol id="sm-586">
         <name>SysTickValueGet</name>
         <value>0x20009d79</value>
         <object_component_ref idref="oc-c2"/>
      </symbol>
      <symbol id="sm-587">
         <name>SysTickPeriodSet</name>
         <value>0x20009bb1</value>
         <object_component_ref idref="oc-f2"/>
      </symbol>
      <symbol id="sm-60b">
         <name>TimerLoadSet</name>
         <value>0x200097c5</value>
         <object_component_ref idref="oc-23a"/>
      </symbol>
      <symbol id="sm-60c">
         <name>TimerDisable</name>
         <value>0x200099d9</value>
         <object_component_ref idref="oc-246"/>
      </symbol>
      <symbol id="sm-60d">
         <name>TimerIntRegister</name>
         <value>0x20008fd5</value>
         <object_component_ref idref="oc-222"/>
      </symbol>
      <symbol id="sm-60e">
         <name>TimerEnable</name>
         <value>0x200099f7</value>
         <object_component_ref idref="oc-240"/>
      </symbol>
      <symbol id="sm-60f">
         <name>TimerIntUnregister</name>
         <value>0x20009125</value>
         <object_component_ref idref="oc-252"/>
      </symbol>
      <symbol id="sm-610">
         <name>TimerIntStatus</name>
         <value>0x20009a15</value>
         <object_component_ref idref="oc-22e"/>
      </symbol>
      <symbol id="sm-611">
         <name>TimerIntDisable</name>
         <value>0x20009bc9</value>
         <object_component_ref idref="oc-24c"/>
      </symbol>
      <symbol id="sm-612">
         <name>TimerValueGet</name>
         <value>0x20009a8d</value>
         <object_component_ref idref="oc-258"/>
      </symbol>
      <symbol id="sm-613">
         <name>TimerPrescaleSet</name>
         <value>0x200097ef</value>
         <object_component_ref idref="oc-216"/>
      </symbol>
      <symbol id="sm-614">
         <name>TimerIntEnable</name>
         <value>0x20009be1</value>
         <object_component_ref idref="oc-228"/>
      </symbol>
      <symbol id="sm-615">
         <name>TimerConfigure</name>
         <value>0x200094d9</value>
         <object_component_ref idref="oc-210"/>
      </symbol>
      <symbol id="sm-616">
         <name>TimerIntClear</name>
         <value>0x20009d15</value>
         <object_component_ref idref="oc-234"/>
      </symbol>
      <symbol id="sm-695">
         <name>UARTConfigSetExpClk</name>
         <value>0x20008f5d</value>
         <object_component_ref idref="oc-1b6"/>
      </symbol>
      <symbol id="sm-696">
         <name>UARTDisable</name>
         <value>0x20009709</value>
         <object_component_ref idref="oc-357"/>
      </symbol>
      <symbol id="sm-697">
         <name>UARTIntEnable</name>
         <value>0x20009c29</value>
         <object_component_ref idref="oc-162"/>
      </symbol>
      <symbol id="sm-698">
         <name>UARTCharsAvail</name>
         <value>0x20009bf9</value>
         <object_component_ref idref="oc-156"/>
      </symbol>
      <symbol id="sm-699">
         <name>UARTCharGetNonBlocking</name>
         <value>0x20009aa9</value>
         <object_component_ref idref="oc-2b6"/>
      </symbol>
      <symbol id="sm-69a">
         <name>UARTIntDisable</name>
         <value>0x20009c11</value>
         <object_component_ref idref="oc-150"/>
      </symbol>
      <symbol id="sm-69b">
         <name>UARTCharPut</name>
         <value>0x20009a33</value>
         <object_component_ref idref="oc-132"/>
      </symbol>
      <symbol id="sm-69c">
         <name>UARTEnable</name>
         <value>0x2000988d</value>
         <object_component_ref idref="oc-1b0"/>
      </symbol>
      <symbol id="sm-69d">
         <name>UARTIntClear</name>
         <value>0x20009d27</value>
         <object_component_ref idref="oc-15c"/>
      </symbol>
      <symbol id="sm-69e">
         <name>UARTCharGet</name>
         <value>0x20009c85</value>
         <object_component_ref idref="oc-168"/>
      </symbol>
      <symbol id="sm-69f">
         <name>UARTIntRegister</name>
         <value>0x20009a51</value>
         <object_component_ref idref="oc-1aa"/>
      </symbol>
      <symbol id="sm-6a3">
         <name>UtilsDelay</name>
         <value>0x20009dad</value>
         <object_component_ref idref="oc-13e"/>
      </symbol>
      <symbol id="sm-6ad">
         <name>CPUcpsie</name>
         <value>0x20009cb1</value>
         <object_component_ref idref="oc-261"/>
      </symbol>
      <symbol id="sm-6dd">
         <name>vsnprintf</name>
         <value>0x200095e5</value>
         <object_component_ref idref="oc-2b0"/>
      </symbol>
      <symbol id="sm-6f8">
         <name>memcpy</name>
         <value>0x20008b05</value>
         <object_component_ref idref="oc-3a"/>
      </symbol>
      <symbol id="sm-6f9">
         <name>__aeabi_memcpy</name>
         <value>0x20008b05</value>
         <object_component_ref idref="oc-3a"/>
      </symbol>
      <symbol id="sm-6fa">
         <name>__aeabi_memcpy8</name>
         <value>0x20008b05</value>
         <object_component_ref idref="oc-3a"/>
      </symbol>
      <symbol id="sm-6fb">
         <name>__aeabi_memcpy4</name>
         <value>0x20008b05</value>
         <object_component_ref idref="oc-3a"/>
      </symbol>
      <symbol id="sm-708">
         <name>__aeabi_uldivmod</name>
         <value>0x20008ba1</value>
         <object_component_ref idref="oc-4d2"/>
      </symbol>
      <symbol id="sm-71c">
         <name>__TI_zero_init_nomemset</name>
         <value>0x20009ac5</value>
         <object_component_ref idref="oc-46"/>
      </symbol>
      <symbol id="sm-733">
         <name>__TI_decompress_none</name>
         <value>0x20009d5d</value>
         <object_component_ref idref="oc-18"/>
      </symbol>
      <symbol id="sm-756">
         <name>__TI_decompress_lzss</name>
         <value>0x2000918d</value>
         <object_component_ref idref="oc-12"/>
      </symbol>
      <symbol id="sm-766">
         <name>memmove</name>
         <value>0x200098d5</value>
         <object_component_ref idref="oc-2bc"/>
      </symbol>
      <symbol id="sm-804">
         <name>_sys_memory</name>
         <value>0x20017000</value>
         <object_component_ref idref="oc-20"/>
      </symbol>
      <symbol id="sm-805">
         <name>free</name>
         <value>0x200086ad</value>
         <object_component_ref idref="oc-2ce"/>
      </symbol>
      <symbol id="sm-806">
         <name>realloc</name>
         <value>0x200085c5</value>
         <object_component_ref idref="oc-2c8"/>
      </symbol>
      <symbol id="sm-807">
         <name>memalign</name>
         <value>0x200083b1</value>
         <object_component_ref idref="oc-3de"/>
      </symbol>
      <symbol id="sm-808">
         <name>malloc</name>
         <value>0x20009da5</value>
         <object_component_ref idref="oc-2c2"/>
      </symbol>
      <symbol id="sm-809">
         <name>aligned_alloc</name>
         <value>0x200083b1</value>
         <object_component_ref idref="oc-3de"/>
      </symbol>
      <symbol id="sm-819">
         <name>strchr</name>
         <value>0x20009c9b</value>
         <object_component_ref idref="oc-111"/>
      </symbol>
      <symbol id="sm-827">
         <name>strcpy</name>
         <value>0x20009ced</value>
         <object_component_ref idref="oc-14a"/>
      </symbol>
      <symbol id="sm-835">
         <name>strlen</name>
         <value>0x20009d01</value>
         <object_component_ref idref="oc-11d"/>
      </symbol>
      <symbol id="sm-859">
         <name>strtol</name>
         <value>0x20008161</value>
         <object_component_ref idref="oc-117"/>
      </symbol>
      <symbol id="sm-86b">
         <name>__stack</name>
         <value>0x2002f800</value>
         <object_component_ref idref="oc-23"/>
      </symbol>
      <symbol id="sm-86c">
         <name>_c_int00_noargs</name>
         <value>0x200098b1</value>
         <object_component_ref idref="oc-58"/>
      </symbol>
      <symbol id="sm-882">
         <name>__aeabi_errno_addr</name>
         <value>0x20009d9d</value>
         <object_component_ref idref="oc-2a3"/>
      </symbol>
      <symbol id="sm-883">
         <name>errno</name>
         <value>0x20017888</value>
         <object_component_ref idref="oc-3b1"/>
      </symbol>
      <symbol id="sm-9e8">
         <name>__TI_printfi</name>
         <value>0x20006345</value>
         <object_component_ref idref="oc-3bd"/>
      </symbol>
      <symbol id="sm-9f2">
         <name>__aeabi_idiv0</name>
         <value>0x20007aab</value>
         <object_component_ref idref="oc-540"/>
      </symbol>
      <symbol id="sm-9f3">
         <name>__aeabi_ldiv0</name>
         <value>0x20007aab</value>
         <object_component_ref idref="oc-540"/>
      </symbol>
      <symbol id="sm-a0a">
         <name>__aeabi_dsub</name>
         <value>0x200078f5</value>
         <object_component_ref idref="oc-4f8"/>
      </symbol>
      <symbol id="sm-a0b">
         <name>__aeabi_dadd</name>
         <value>0x200078ff</value>
         <object_component_ref idref="oc-4f8"/>
      </symbol>
      <symbol id="sm-a2d">
         <name>__aeabi_cdcmpeq</name>
         <value>0x20008d55</value>
         <object_component_ref idref="oc-474"/>
      </symbol>
      <symbol id="sm-a2e">
         <name>__aeabi_cdcmple</name>
         <value>0x20008d55</value>
         <object_component_ref idref="oc-474"/>
      </symbol>
      <symbol id="sm-a2f">
         <name>__aeabi_cdrcmple</name>
         <value>0x20008ddb</value>
         <object_component_ref idref="oc-4e3"/>
      </symbol>
      <symbol id="sm-a43">
         <name>__aeabi_ddiv</name>
         <value>0x20007ef9</value>
         <object_component_ref idref="oc-4de"/>
      </symbol>
      <symbol id="sm-a4e">
         <name>__aeabi_dmul</name>
         <value>0x200084c9</value>
         <object_component_ref idref="oc-4d9"/>
      </symbol>
      <symbol id="sm-a58">
         <name>__aeabi_d2iz</name>
         <value>0x20009491</value>
         <object_component_ref idref="oc-4e8"/>
      </symbol>
      <symbol id="sm-a62">
         <name>__aeabi_i2d</name>
         <value>0x20009769</value>
         <object_component_ref idref="oc-4f3"/>
      </symbol>
      <symbol id="sm-a71">
         <name>__aeabi_memset</name>
         <value>0x20008ee5</value>
         <object_component_ref idref="oc-88"/>
      </symbol>
      <symbol id="sm-a72">
         <name>memset</name>
         <value>0x20008eeb</value>
         <object_component_ref idref="oc-88"/>
      </symbol>
      <symbol id="sm-a73">
         <name>__aeabi_memset8</name>
         <value>0x20008ee5</value>
         <object_component_ref idref="oc-88"/>
      </symbol>
      <symbol id="sm-a74">
         <name>__aeabi_memset4</name>
         <value>0x20008ee5</value>
         <object_component_ref idref="oc-88"/>
      </symbol>
      <symbol id="sm-a75">
         <name>__aeabi_memclr8</name>
         <value>0x20008ee3</value>
         <object_component_ref idref="oc-88"/>
      </symbol>
      <symbol id="sm-a76">
         <name>__aeabi_memclr4</name>
         <value>0x20008ee3</value>
         <object_component_ref idref="oc-88"/>
      </symbol>
      <symbol id="sm-a77">
         <name>__aeabi_memclr</name>
         <value>0x20008ee3</value>
         <object_component_ref idref="oc-88"/>
      </symbol>
      <symbol id="sm-a9f">
         <name>__TI_auto_init_nobinit_nopinit</name>
         <value>0x20009561</value>
         <object_component_ref idref="oc-1d6"/>
      </symbol>
      <symbol id="sm-aa9">
         <name>_system_pre_init</name>
         <value>0x20009db3</value>
         <object_component_ref idref="oc-8e"/>
      </symbol>
      <symbol id="sm-ab5">
         <name>C$$EXIT</name>
         <value>0x20009db7</value>
         <object_component_ref idref="oc-1ca"/>
      </symbol>
      <symbol id="sm-ab6">
         <name>abort</name>
         <value>0x20009db7</value>
         <object_component_ref idref="oc-1ca"/>
      </symbol>
      <symbol id="sm-acb">
         <name>_nop</name>
         <value>0x2000723f</value>
         <object_component_ref idref="oc-432"/>
      </symbol>
      <symbol id="sm-acc">
         <name>_lock</name>
         <value>0x20017870</value>
         <object_component_ref idref="oc-364"/>
      </symbol>
      <symbol id="sm-acd">
         <name>_unlock</name>
         <value>0x20017874</value>
         <object_component_ref idref="oc-364"/>
      </symbol>
      <symbol id="sm-ae4">
         <name>atoi</name>
         <value>0x200093fd</value>
         <object_component_ref idref="oc-468"/>
      </symbol>
      <symbol id="sm-aef">
         <name>_ctypes_</name>
         <value>0x2000a2b7</value>
         <object_component_ref idref="oc-2a9"/>
      </symbol>
      <symbol id="sm-afe">
         <name>ltoa</name>
         <value>0x20009355</value>
         <object_component_ref idref="oc-4ed"/>
      </symbol>
      <symbol id="sm-b0e">
         <name>memccpy</name>
         <value>0x20009afd</value>
         <object_component_ref idref="oc-491"/>
      </symbol>
      <symbol id="sm-b27">
         <name>wcslen</name>
         <value>0x20009d39</value>
         <object_component_ref idref="oc-497"/>
      </symbol>
      <symbol id="sm-b47">
         <name>frexpl</name>
         <value>0x200091f5</value>
         <object_component_ref idref="oc-518"/>
      </symbol>
      <symbol id="sm-b48">
         <name>frexp</name>
         <value>0x200091f5</value>
         <object_component_ref idref="oc-518"/>
      </symbol>
      <symbol id="sm-b66">
         <name>scalbn</name>
         <value>0x20008791</value>
         <object_component_ref idref="oc-51e"/>
      </symbol>
      <symbol id="sm-b67">
         <name>scalbnl</name>
         <value>0x20008791</value>
         <object_component_ref idref="oc-51e"/>
      </symbol>
      <symbol id="sm-b68">
         <name>ldexpl</name>
         <value>0x20008791</value>
         <object_component_ref idref="oc-51e"/>
      </symbol>
      <symbol id="sm-b69">
         <name>ldexp</name>
         <value>0x20008791</value>
         <object_component_ref idref="oc-51e"/>
      </symbol>
      <symbol id="sm-b73">
         <name>copysign</name>
         <value>0x20009d85</value>
         <object_component_ref idref="oc-559"/>
      </symbol>
      <symbol id="sm-b74">
         <name>copysignl</name>
         <value>0x20009d85</value>
         <object_component_ref idref="oc-559"/>
      </symbol>
      <symbol id="sm-b75">
         <name>__TI_static_base__</name>
         <value>0x2000a690</value>
      </symbol>
      <symbol id="sm-b78">
         <name>__mpu_init</name>
         <value>0x0</value>
      </symbol>
      <symbol id="sm-b79">
         <name>_system_post_cinit</name>
         <value>0x0</value>
      </symbol>
   </symbol_table>
   <title>Link successful</title>
</link_info>
