******************************************************************************
                  TI ARM Linker PC v18.12.4                    
******************************************************************************
>> Linked Sat Mar  5 00:38:45 2022

OUTPUT FILE NAME:   <timer.out>
ENTRY POINT SYMBOL: "_c_int00_noargs"  address: 200098b1


MEMORY CONFIGURATION

         name            origin    length      used     unused   attr    fill
----------------------  --------  ---------  --------  --------  ----  --------
  SRAM_CODE             20004000   00013000  000066e4  0000c91c  RW X
  SRAM_DATA             20017000   00019000  00001106  00017efa  RW X


SEGMENT ALLOCATION MAP

run origin  load origin   length   init length attrs members
----------  ----------- ---------- ----------- ----- -------
20004000    20004000    000066e8   000066e8    r-x
  20004000    20004000    00000400   00000400    r-- .intvecs
  20004400    20004400    000059ba   000059ba    r-x .text
  20009dbc    20009dbc    000008d2   000008d2    r-- .const
  2000a690    2000a690    00000058   00000058    r-- .cinit
20017000    20017000    00000906   00000000    rw-
  20017000    20017000    00000800   00000000    rw- .sysmem
  20017800    20017800    0000008c   00000000    rw- .data
  2001788c    2001788c    0000007a   00000000    rw- .bss
2002f800    2002f800    00000800   00000000    rw-
  2002f800    2002f800    00000800   00000000    rw- .stack


SECTION ALLOCATION MAP

 output                                  attributes/
section   page    origin      length       input sections
--------  ----  ----------  ----------   ----------------
.intvecs   0    20004000    00000400     
                  20004000    00000400     startup_ccs.obj (.intvecs)

.init_array 
*          0    20004000    00000000     UNINITIALIZED

.text      0    20004400    000059ba     
                  20004400    000014c4     main.obj (.text)
                  200058c4    00000a80     Adafruit_GFX.obj (.text)
                  20006344    00000a4e     rtsv7M4_T_le_eabi.lib : _printfi.c.obj (.text:__TI_printfi)
                  20006d92    00000002     driverlib.a : interrupt.obj (.text:IntDefaultHandler)
                  20006d94    000004aa     Adafruit_OLED.obj (.text)
                  2000723e    00000002     rtsv7M4_T_le_eabi.lib : _lock.c.obj (.text:_nop)
                  20007240    00000280     uart_if.obj (.text)
                  200074c0    00000268     rtsv7M4_T_le_eabi.lib : _printfi.c.obj (.text:_pconv_a)
                  20007728    000001cc                           : _printfi.c.obj (.text:_pconv_g)
                  200078f4    000001b6                           : fd_add_t2.asm.obj (.text)
                  20007aaa    00000002                           : div0.asm.obj (.text)
                  20007aac    00000198     timer_if.obj (.text)
                  20007c44    00000178     driverlib.a : prcm.obj (.text:PRCMCC3200MCUInit)
                  20007dbc    0000013c     rtsv7M4_T_le_eabi.lib : _printfi.c.obj (.text:_pconv_e)
                  20007ef8    00000136                           : fd_div_t2.asm.obj (.text)
                  2000802e    00000002     --HOLE-- [fill = 0]
                  20008030    00000130     pin_mux_config.obj (.text)
                  20008160    00000130     rtsv7M4_T_le_eabi.lib : strtol.c.obj (.text:strtol)
                  20008290    00000120                           : _printfi.c.obj (.text:fcvt)
                  200083b0    00000118                           : memory.c.obj (.text:aligned_alloc)
                  200084c8    000000fc                           : fd_mul_t2.asm.obj (.text)
                  200085c4    000000e8                           : memory.c.obj (.text:realloc)
                  200086ac    000000e4                           : memory.c.obj (.text:free)
                  20008790    000000d0                           : s_scalbn.c.obj (.text:scalbn)
                  20008860    000000b1                           : _printfi.c.obj (.text:_ltostr)
                  20008911    00000003     --HOLE-- [fill = 0]
                  20008914    000000a8     driverlib.a : interrupt.obj (.text:IntDisable)
                  200089bc    000000a8                 : interrupt.obj (.text:IntEnable)
                  20008a64    000000a0                 : spi.obj (.text:SPIConfigSetExpClk)
                  20008b04    0000009c     rtsv7M4_T_le_eabi.lib : memcpy_t2.asm.obj (.text)
                  20008ba0    00000096                           : ull_div_t2.asm.obj (.text)
                  20008c36    00000002     --HOLE-- [fill = 0]
                  20008c38    00000094     driverlib.a : prcm.obj (.text:PRCMPeripheralClockGet)
                  20008ccc    00000088                 : pin.obj (.text:PinConfigSet)
                  20008d54    00000086     rtsv7M4_T_le_eabi.lib : fd_cmp_t2.asm.obj (.text:__aeabi_cdcmple)
                  20008dda    00000086                           : fd_cmp_t2.asm.obj (.text:__aeabi_cdrcmple)
                  20008e60    00000082     driverlib.a : gpio.obj (.text:GPIOIntTypeSet)
                  20008ee2    0000007a     rtsv7M4_T_le_eabi.lib : memset_t2.asm.obj (.text)
                  20008f5c    00000076     driverlib.a : uart.obj (.text:UARTConfigSetExpClk)
                  20008fd2    00000002     --HOLE-- [fill = 0]
                  20008fd4    00000070                 : timer.obj (.text:TimerIntRegister)
                  20009044    00000070     rtsv7M4_T_le_eabi.lib : memory.c.obj (.text:split)
                  200090b4    0000006e                           : _printfi.c.obj (.text:_mcpy)
                  20009122    00000002     --HOLE-- [fill = 0]
                  20009124    00000068     driverlib.a : timer.obj (.text:TimerIntUnregister)
                  2000918c    00000068     rtsv7M4_T_le_eabi.lib : copy_decompress_lzss.c.obj (.text:decompress:lzss:__TI_decompress_lzss)
                  200091f4    0000005c                           : s_frexp.c.obj (.text:frexp)
                  20009250    00000058     driverlib.a : prcm.obj (.text:PRCMPeripheralReset)
                  200092a8    00000056     rtsv7M4_T_le_eabi.lib : _printfi.c.obj (.text:_pconv_f)
                  200092fe    00000002     --HOLE-- [fill = 0]
                  20009300    00000054     driverlib.a : interrupt.obj (.text:IntPrioritySet)
                  20009354    00000054     rtsv7M4_T_le_eabi.lib : ltoa.c.obj (.text:ltoa)
                  200093a8    00000052                           : _printfi.c.obj (.text:_ecpy)
                  200093fa    00000002     --HOLE-- [fill = 0]
                  200093fc    0000004c                           : atoi.c.obj (.text:atoi)
                  20009448    00000048     driverlib.a : gpio.obj (.text:GPIOGetIntNumber)
                  20009490    00000048     rtsv7M4_T_le_eabi.lib : fd_toi_t2.asm.obj (.text)
                  200094d8    00000044     driverlib.a : timer.obj (.text:TimerConfigure)
                  2000951c    00000044                 : uart.obj (.text:UARTIntNumberGet)
                  20009560    00000044     rtsv7M4_T_le_eabi.lib : autoinit.c.obj (.text:__TI_auto_init_nobinit_nopinit:__TI_auto_init_nobinit_nopinit)
                  200095a4    00000040     driverlib.a : pin.obj (.text:PinModeSet)
                  200095e4    00000040     rtsv7M4_T_le_eabi.lib : vsnprintf.c.obj (.text:vsnprintf)
                  20009624    0000003e                           : _printfi.c.obj (.text:_fcpy)
                  20009662    00000002     --HOLE-- [fill = 0]
                  20009664    0000003c     driverlib.a : prcm.obj (.text:PRCMPeripheralClkEnable)
                  200096a0    00000036                 : gpio.obj (.text:GPIODirModeSet)
                  200096d6    00000030                 : pin.obj (.text:PinTypeGPIO)
                  20009706    00000002     --HOLE-- [fill = 0]
                  20009708    00000030                 : uart.obj (.text:UARTDisable)
                  20009738    00000030     rtsv7M4_T_le_eabi.lib : vsnprintf.c.obj (.text:_outs)
                  20009768    0000002e                           : i_tofd_t2.asm.obj (.text)
                  20009796    00000002     --HOLE-- [fill = 0]
                  20009798    0000002c     driverlib.a : prcm.obj (.text:PRCMSysResetCauseGet)
                  200097c4    0000002a                 : timer.obj (.text:TimerLoadSet)
                  200097ee    0000002a                 : timer.obj (.text:TimerPrescaleSet)
                  20009818    00000028                 : prcm.obj (.text:PRCMPeripheralClkDisable)
                  20009840    00000028     rtsv7M4_T_le_eabi.lib : memory.c.obj (.text:free_list_insert)
                  20009868    00000024     driverlib.a : interrupt.obj (.text:IntUnregister)
                  2000988c    00000024                 : uart.obj (.text:UARTEnable)
                  200098b0    00000024     rtsv7M4_T_le_eabi.lib : boot_cortex_m.c.obj (.text:_c_int00_noargs:_c_int00_noargs)
                  200098d4    00000024                           : memmov.c.obj (.text:memmove)
                  200098f8    00000022     driverlib.a : gpio.obj (.text:GPIOIntStatus)
                  2000991a    00000022                 : spi.obj (.text:SPIReset)
                  2000993c    00000020                 : gpio.obj (.text:GPIOPinWrite)
                  2000995c    00000020                 : interrupt.obj (.text:IntRegister)
                  2000997c    00000020                 : spi.obj (.text:SPIDataGet)
                  2000999c    0000001e                 : gpio.obj (.text:GPIOIntRegister)
                  200099ba    0000001e                 : spi.obj (.text:SPIDataPut)
                  200099d8    0000001e                 : timer.obj (.text:TimerDisable)
                  200099f6    0000001e                 : timer.obj (.text:TimerEnable)
                  20009a14    0000001e                 : timer.obj (.text:TimerIntStatus)
                  20009a32    0000001e                 : uart.obj (.text:UARTCharPut)
                  20009a50    0000001e                 : uart.obj (.text:UARTIntRegister)
                  20009a6e    00000002     --HOLE-- [fill = 0]
                  20009a70    0000001c                 : systick.obj (.text:SysTickIntRegister)
                  20009a8c    0000001c                 : timer.obj (.text:TimerValueGet)
                  20009aa8    0000001c                 : uart.obj (.text:UARTCharGetNonBlocking)
                  20009ac4    0000001c     rtsv7M4_T_le_eabi.lib : copy_zero_init.c.obj (.text:decompress:ZI:__TI_zero_init_nomemset:__TI_zero_init_nomemset)
                  20009ae0    0000001c                           : memory.c.obj (.text:free_list_remove)
                  20009afc    0000001c                           : memccpy.c.obj (.text:memccpy)
                  20009b18    0000001a     driverlib.a : gpio.obj (.text:GPIOIntEnable)
                  20009b32    0000001a                 : pin.obj (.text:PinTypeSPI)
                  20009b4c    0000001a                 : pin.obj (.text:PinTypeUART)
                  20009b66    00000018                 : spi.obj (.text:SPICSDisable)
                  20009b7e    00000018                 : spi.obj (.text:SPICSEnable)
                  20009b96    00000018                 : spi.obj (.text:SPIEnable)
                  20009bae    00000002     --HOLE-- [fill = 0]
                  20009bb0    00000018                 : systick.obj (.text:SysTickPeriodSet)
                  20009bc8    00000018                 : timer.obj (.text:TimerIntDisable)
                  20009be0    00000018                 : timer.obj (.text:TimerIntEnable)
                  20009bf8    00000018                 : uart.obj (.text:UARTCharsAvail)
                  20009c10    00000018                 : uart.obj (.text:UARTIntDisable)
                  20009c28    00000018                 : uart.obj (.text:UARTIntEnable)
                  20009c40    00000018     rtsv7M4_T_le_eabi.lib : vsnprintf.c.obj (.text:_outc)
                  20009c58    00000016     driverlib.a : prcm.obj (.text:PRCMHIBRegRead)
                  20009c6e    00000016                 : prcm.obj (.text:PRCMHIBRegWrite)
                  20009c84    00000016                 : uart.obj (.text:UARTCharGet)
                  20009c9a    00000016     rtsv7M4_T_le_eabi.lib : strchr.c.obj (.text:strchr)
                  20009cb0    00000014     driverlib.a : cpu.obj (.text:CPUcpsie)
                  20009cc4    00000014                 : gpio.obj (.text:GPIOIntClear)
                  20009cd8    00000014                 : interrupt.obj (.text:IntVTableBaseSet)
                  20009cec    00000014     rtsv7M4_T_le_eabi.lib : strcpy.c.obj (.text:strcpy)
                  20009d00    00000014                           : strlen.c.obj (.text:strlen)
                  20009d14    00000012     driverlib.a : timer.obj (.text:TimerIntClear)
                  20009d26    00000012                 : uart.obj (.text:UARTIntClear)
                  20009d38    00000012     rtsv7M4_T_le_eabi.lib : wcslen.c.obj (.text:wcslen)
                  20009d4a    00000002     --HOLE-- [fill = 0]
                  20009d4c    00000010     driverlib.a : systick.obj (.text:SysTickEnable)
                  20009d5c    0000000e     rtsv7M4_T_le_eabi.lib : copy_decompress_none.c.obj (.text:decompress:none:__TI_decompress_none)
                  20009d6a    0000000e     startup_ccs.obj (.text)
                  20009d78    0000000c     driverlib.a : systick.obj (.text:SysTickValueGet)
                  20009d84    0000000c     rtsv7M4_T_le_eabi.lib : s_copysign.c.obj (.text:copysign)
                  20009d90    0000000a     driverlib.a : interrupt.obj (.text:IntMasterEnable)
                  20009d9a    00000002     --HOLE-- [fill = 0]
                  20009d9c    00000008     rtsv7M4_T_le_eabi.lib : errno.c.obj (.text:__aeabi_errno_addr)
                  20009da4    00000008                           : memory.c.obj (.text:malloc)
                  20009dac    00000006     driverlib.a : utils.obj (.text:UtilsDelay)
                  20009db2    00000004     rtsv7M4_T_le_eabi.lib : pre_init.c.obj (.text:_system_pre_init)
                  20009db6    00000004                           : exit.c.obj (.text:abort:abort)

.const     0    20009dbc    000008d2     
                  20009dbc    000004fb     Adafruit_GFX.obj (.const:.string:font)
                  2000a2b7    00000101     rtsv7M4_T_le_eabi.lib : ctype.c.obj (.const:.string:_ctypes_)
                  2000a3b8    00000100     driverlib.a : pin.obj (.const:g_ulPinToPadMap)
                  2000a4b8    000000d4                 : interrupt.obj (.const:g_pulRegs)
                  2000a58c    000000a8                 : prcm.obj (.const:PRCM_PeriphRegsList)
                  2000a634    00000018                 : interrupt.obj (.const:g_pulDisRegs)
                  2000a64c    00000018                 : interrupt.obj (.const:g_pulEnRegs)
                  2000a664    00000010                 : uart.obj (.const:g_ppulUARTIntMap)
                  2000a674    0000000f     main.obj (.const:.string:$P$T2$3)
                  2000a683    00000007     main.obj (.const:.string:$P$T0$1)
                  2000a68a    00000004     main.obj (.const:.string:$P$T1$2)

.cinit     0    2000a690    00000058     
                  2000a690    00000032     (.cinit..data.load) [load image, compression = lzss]
                  2000a6c2    00000002     --HOLE-- [fill = 0]
                  2000a6c4    0000000c     (__TI_handler_table)
                  2000a6d0    00000008     (.cinit..bss.load) [load image, compression = zero_init]
                  2000a6d8    00000010     (__TI_cinit_table)

.sysmem    0    20017000    00000800     UNINITIALIZED
                  20017000    00000010     rtsv7M4_T_le_eabi.lib : memory.c.obj (.sysmem)
                  20017010    000007f0     --HOLE--

.data      0    20017800    0000008c     UNINITIALIZED
                  20017800    0000004c     main.obj (.data)
                  2001784c    00000015     Adafruit_GFX.obj (.data)
                  20017861    0000000d     main.obj (.data:gpioArr)
                  2001786e    00000002     --HOLE--
                  20017870    00000008     rtsv7M4_T_le_eabi.lib : _lock.c.obj (.data:$O1$$)
                  20017878    00000008                           : memory.c.obj (.data:$O1$$)
                  20017880    00000008     main.obj (.data:pin63)
                  20017888    00000004     rtsv7M4_T_le_eabi.lib : errno.c.obj (.data)

.bss       0    2001788c    0000007a     UNINITIALIZED
                  2001788c    00000050     (.common:colorMessage)
                  200178dc    00000014     (.common:charMessage)
                  200178f0    00000004     main.obj (.bss)
                  200178f4    00000004     uart_if.obj (.bss)
                  200178f8    00000004     (.common:g_inputMode)
                  200178fc    00000004     (.common:g_lastInt)
                  20017900    00000004     (.common:pin63_intcount)
                  20017904    00000001     (.common:gpioTimeCount)
                  20017905    00000001     (.common:pin63_intflag)

.stack     0    2002f800    00000800     UNINITIALIZED
                  2002f800    00000004     rtsv7M4_T_le_eabi.lib : boot_cortex_m.c.obj (.stack)
                  2002f804    000007fc     --HOLE--

MODULE SUMMARY

       Module                       code    ro data   rw data
       ------                       ----    -------   -------
    .\
       main.obj                     5316    26        215    
       Adafruit_GFX.obj             2688    1275      21     
       Adafruit_OLED.obj            1194    0         0      
       startup_ccs.obj              14      1024      0      
       uart_if.obj                  640     0         4      
       timer_if.obj                 408     0         0      
       pin_mux_config.obj           304     0         0      
    +--+----------------------------+-------+---------+---------+
       Total:                       10564   2325      240    
                                                             
    C:/ti/CC3200SDK_1.3.0/cc3200-sdk/driverlib/ccs/Release/driverlib.a
       prcm.obj                     800     168       0      
       interrupt.obj                520     260       0      
       pin.obj                      300     256       0      
       timer.obj                    552     0         0      
       uart.obj                     470     16        0      
       gpio.obj                     398     0         0      
       spi.obj                      328     0         0      
       systick.obj                  80      0         0      
       cpu.obj                      20      0         0      
       utils.obj                    6       0         0      
    +--+----------------------------+-------+---------+---------+
       Total:                       3474    700       0      
                                                             
    C:\ti\ccs930\ccs\tools\compiler\ti-cgt-arm_18.12.4.LTS\lib\rtsv7M4_T_le_eabi.lib
       _printfi.c.obj               4835    0         0      
       memory.c.obj                 928     0         8      
       fd_add_t2.asm.obj            438     0         0      
       fd_div_t2.asm.obj            310     0         0      
       strtol.c.obj                 304     0         0      
       fd_cmp_t2.asm.obj            268     0         0      
       ctype.c.obj                  0       257       0      
       fd_mul_t2.asm.obj            252     0         0      
       s_scalbn.c.obj               208     0         0      
       memcpy_t2.asm.obj            156     0         0      
       ull_div_t2.asm.obj           150     0         0      
       vsnprintf.c.obj              136     0         0      
       memset_t2.asm.obj            122     0         0      
       copy_decompress_lzss.c.obj   104     0         0      
       s_frexp.c.obj                92      0         0      
       ltoa.c.obj                   84      0         0      
       atoi.c.obj                   76      0         0      
       fd_toi_t2.asm.obj            72      0         0      
       autoinit.c.obj               68      0         0      
       i_tofd_t2.asm.obj            46      0         0      
       boot_cortex_m.c.obj          36      0         0      
       memmov.c.obj                 36      0         0      
       copy_zero_init.c.obj         28      0         0      
       memccpy.c.obj                28      0         0      
       strchr.c.obj                 22      0         0      
       strcpy.c.obj                 20      0         0      
       strlen.c.obj                 20      0         0      
       wcslen.c.obj                 18      0         0      
       copy_decompress_none.c.obj   14      0         0      
       errno.c.obj                  8       0         4      
       s_copysign.c.obj             12      0         0      
       _lock.c.obj                  2       0         8      
       exit.c.obj                   4       0         0      
       pre_init.c.obj               4       0         0      
       div0.asm.obj                 2       0         0      
    +--+----------------------------+-------+---------+---------+
       Total:                       8903    257       20     
                                                             
       Heap:                        0       0         2048   
       Stack:                       0       0         2048   
       Linker Generated:            0       86        0      
    +--+----------------------------+-------+---------+---------+
       Grand Total:                 22941   3368      4356   


LINKER GENERATED COPY TABLES

__TI_cinit_table @ 2000a6d8 records: 2, size/record: 8, table size: 16
	.data: load addr=2000a690, load size=00000032 bytes, run addr=20017800, run size=0000008c bytes, compression=lzss
	.bss: load addr=2000a6d0, load size=00000008 bytes, run addr=2001788c, run size=0000007a bytes, compression=zero_init


LINKER GENERATED HANDLER TABLE

__TI_handler_table @ 2000a6c4 records: 3, size/record: 4, table size: 12
	index: 0, handler: __TI_decompress_lzss
	index: 1, handler: __TI_decompress_none
	index: 2, handler: __TI_zero_init


GLOBAL SYMBOLS: SORTED ALPHABETICALLY BY Name 

address   name                          
-------   ----                          
20006e29  Adafruit_Init                 
20009db7  C$$EXIT                       
20009cb1  CPUcpsie                      
20004c31  ClearInput                    
20007281  ClearTerm                     
20006f9f  Color565                      
200054a5  DebugRoutine                  
2000728b  Error                         
200096a1  GPIODirModeSet                
20009cc5  GPIOIntClear                  
20009b19  GPIOIntEnable                 
2000999d  GPIOIntRegister               
200098f9  GPIOIntStatus                 
20008e61  GPIOIntTypeSet                
2000993d  GPIOPinWrite                  
200072c3  GetCmd                        
20007241  InitTerm                      
20008915  IntDisable                    
200089bd  IntEnable                     
20009d91  IntMasterEnable               
20009301  IntPrioritySet                
2000995d  IntRegister                   
20009869  IntUnregister                 
20009cd9  IntVTableBaseSet              
20005707  MasterMain                    
2000725f  Message                       
2000626f  Outstr                        
20007c45  PRCMCC3200MCUInit             
20009c59  PRCMHIBRegRead                
20009c6f  PRCMHIBRegWrite               
20009819  PRCMPeripheralClkDisable      
20009665  PRCMPeripheralClkEnable       
20008c39  PRCMPeripheralClockGet        
20009251  PRCMPeripheralReset           
20009799  PRCMSysResetCauseGet          
20008ccd  PinConfigSet                  
200095a5  PinModeSet                    
20008031  PinMuxConfig                  
200096d7  PinTypeGPIO                   
20009b33  PinTypeSPI                    
20009b4d  PinTypeUART                   
20007401  Report                        
20009d6b  ResetISR                      
20009b67  SPICSDisable                  
20009b7f  SPICSEnable                   
20008a65  SPIConfigSetExpClk            
2000997d  SPIDataGet                    
200099bb  SPIDataPut                    
20009b97  SPIEnable                     
2000991b  SPIReset                      
20004a75  SendMsg                       
20009d4d  SysTickEnable                 
20009a71  SysTickIntRegister            
20009bb1  SysTickPeriodSet              
20009d79  SysTickValueGet               
200044cb  SystickInit                   
200044e1  SystickReset                  
20004493  TimerBaseIntHandler           
200094d9  TimerConfigure                
200099d9  TimerDisable                  
200099f7  TimerEnable                   
20009d15  TimerIntClear                 
20009bc9  TimerIntDisable               
20009be1  TimerIntEnable                
20008fd5  TimerIntRegister              
20009a15  TimerIntStatus                
20009125  TimerIntUnregister            
200097c5  TimerLoadSet                  
200097ef  TimerPrescaleSet              
20009a8d  TimerValueGet                 
20007bf5  Timer_IF_DeInit               
20007c29  Timer_IF_GetCount             
20007b2d  Timer_IF_Init                 
20007b5f  Timer_IF_IntSetup             
20007bab  Timer_IF_InterruptClear       
20007c0f  Timer_IF_ReLoad               
20007bc3  Timer_IF_Start                
20007be5  Timer_IF_Stop                 
20007369  TrimSpace                     
20009c85  UARTCharGet                   
20009aa9  UARTCharGetNonBlocking        
20009a33  UARTCharPut                   
20009bf9  UARTCharsAvail                
20008f5d  UARTConfigSetExpClk           
20009709  UARTDisable                   
2000988d  UARTEnable                    
20009d27  UARTIntClear                  
20009c11  UARTIntDisable                
20009c29  UARTIntEnable                 
2000560f  UARTIntHandler                
20009a51  UARTIntRegister               
20009dad  UtilsDelay                    
20030000  __STACK_END                   
00000800  __STACK_SIZE                  
00000800  __SYSMEM_SIZE                 
2000a6d8  __TI_CINIT_Base               
2000a6e8  __TI_CINIT_Limit              
2000a6c4  __TI_Handler_Table_Base       
2000a6d0  __TI_Handler_Table_Limit      
20009561  __TI_auto_init_nobinit_nopinit
2000918d  __TI_decompress_lzss          
20009d5d  __TI_decompress_none          
ffffffff  __TI_pprof_out_hndl           
20006345  __TI_printfi                  
ffffffff  __TI_prof_data_size           
ffffffff  __TI_prof_data_start          
2000a690  __TI_static_base__            
20009ac5  __TI_zero_init_nomemset       
20008d55  __aeabi_cdcmpeq               
20008d55  __aeabi_cdcmple               
20008ddb  __aeabi_cdrcmple              
20009491  __aeabi_d2iz                  
200078ff  __aeabi_dadd                  
20007ef9  __aeabi_ddiv                  
200084c9  __aeabi_dmul                  
200078f5  __aeabi_dsub                  
20009d9d  __aeabi_errno_addr            
20009769  __aeabi_i2d                   
20007aab  __aeabi_idiv0                 
20007aab  __aeabi_ldiv0                 
20008ee3  __aeabi_memclr                
20008ee3  __aeabi_memclr4               
20008ee3  __aeabi_memclr8               
20008b05  __aeabi_memcpy                
20008b05  __aeabi_memcpy4               
20008b05  __aeabi_memcpy8               
20008ee5  __aeabi_memset                
20008ee5  __aeabi_memset4               
20008ee5  __aeabi_memset8               
20008ba1  __aeabi_uldivmod              
ffffffff  __binit__                     
ffffffff  __c_args__                    
UNDEFED   __mpu_init                    
2002f800  __stack                       
200098b1  _c_int00_noargs               
2000a2b7  _ctypes_                      
20017870  _lock                         
2000723f  _nop                          
20017000  _sys_memory                   
UNDEFED   _system_post_cinit            
20009db3  _system_pre_init              
20017874  _unlock                       
20009db7  abort                         
20004c5d  addChar                       
200083b1  aligned_alloc                 
200093fd  atoi                          
ffffffff  binit                         
200047c5  changeColor                   
200178dc  charMessage                   
20004431  codeCountDiff                 
20017840  colorCounter                  
2001788c  colorMessage                  
20009d85  copysign                      
20009d85  copysignl                     
20017830  currentColor                  
20017834  currentMessageIndex           
2001784c  cursor_x                      
20017850  cursor_y                      
20004519  decodeDEC                     
2000492b  deleteChar                    
20006123  drawChar                      
200058c5  drawCircle                    
200059f9  drawCircleHelper              
20007149  drawFastHLine                 
200070a9  drawFastVLine                 
20005c3f  drawLine                      
200071e5  drawPixel                     
20005d2b  drawRect                      
20005d79  drawRoundRect                 
20005ee1  drawTriangle                  
20004401  edgeTickDiff                  
20017888  errno                         
20005b17  fillCircle                    
20005b51  fillCircleHelper              
20006ff7  fillRect                      
20005e67  fillRoundRect                 
20006fe1  fillScreen                    
20005f23  fillTriangle                  
200086ad  free                          
200091f5  frexp                         
200091f5  frexpl                        
20017810  g_codeCountLast               
20017820  g_codeTicksElapsed            
20017808  g_finishMode                  
200178f8  g_inputMode                   
200178fc  g_lastInt                     
20004000  g_pfnVectors                  
20017804  g_signalMode                  
20017818  g_ticksElapsed                
2001780c  g_ticksLast                   
20017828  g_ulTimerInts                 
20006f5b  goTo                          
20017861  gpioArr                       
20017904  gpioTimeCount                 
20006323  height                        
20007223  invert                        
20008791  ldexp                         
20008791  ldexpl                        
20017848  letterMode                    
20009355  ltoa                          
20005751  main                          
20009da5  malloc                        
200083b1  memalign                      
20009afd  memccpy                       
20008b05  memcpy                        
200098d5  memmove                       
20008eeb  memset                        
20017844  my                            
20017900  pin63_intcount                
20017905  pin63_intflag                 
20004cad  printChar                     
200085c5  realloc                       
20017800  rec_new_message               
20005643  receiveMsg                    
20008791  scalbn                        
20008791  scalbnl                       
200062bb  setCursor                     
200062f3  setTextColor                  
200062d3  setTextSize                   
2000630b  setTextWrap                   
20009c9b  strchr                        
20009ced  strcpy                        
20009d01  strlen                        
20008161  strtol                        
2001785c  textbgcolor                   
20017858  textcolor                     
20017854  textsize                      
200095e5  vsnprintf                     
20009d39  wcslen                        
2000631f  width                         
20017860  wrap                          
20006d95  writeCommand                  
20006ddf  writeData                     
20017838  x                             
2001783c  y                             


GLOBAL SYMBOLS: SORTED BY Symbol Address 

address   name                          
-------   ----                          
00000800  __STACK_SIZE                  
00000800  __SYSMEM_SIZE                 
20004000  g_pfnVectors                  
20004401  edgeTickDiff                  
20004431  codeCountDiff                 
20004493  TimerBaseIntHandler           
200044cb  SystickInit                   
200044e1  SystickReset                  
20004519  decodeDEC                     
200047c5  changeColor                   
2000492b  deleteChar                    
20004a75  SendMsg                       
20004c31  ClearInput                    
20004c5d  addChar                       
20004cad  printChar                     
200054a5  DebugRoutine                  
2000560f  UARTIntHandler                
20005643  receiveMsg                    
20005707  MasterMain                    
20005751  main                          
200058c5  drawCircle                    
200059f9  drawCircleHelper              
20005b17  fillCircle                    
20005b51  fillCircleHelper              
20005c3f  drawLine                      
20005d2b  drawRect                      
20005d79  drawRoundRect                 
20005e67  fillRoundRect                 
20005ee1  drawTriangle                  
20005f23  fillTriangle                  
20006123  drawChar                      
2000626f  Outstr                        
200062bb  setCursor                     
200062d3  setTextSize                   
200062f3  setTextColor                  
2000630b  setTextWrap                   
2000631f  width                         
20006323  height                        
20006345  __TI_printfi                  
20006d95  writeCommand                  
20006ddf  writeData                     
20006e29  Adafruit_Init                 
20006f5b  goTo                          
20006f9f  Color565                      
20006fe1  fillScreen                    
20006ff7  fillRect                      
200070a9  drawFastVLine                 
20007149  drawFastHLine                 
200071e5  drawPixel                     
20007223  invert                        
2000723f  _nop                          
20007241  InitTerm                      
2000725f  Message                       
20007281  ClearTerm                     
2000728b  Error                         
200072c3  GetCmd                        
20007369  TrimSpace                     
20007401  Report                        
200078f5  __aeabi_dsub                  
200078ff  __aeabi_dadd                  
20007aab  __aeabi_idiv0                 
20007aab  __aeabi_ldiv0                 
20007b2d  Timer_IF_Init                 
20007b5f  Timer_IF_IntSetup             
20007bab  Timer_IF_InterruptClear       
20007bc3  Timer_IF_Start                
20007be5  Timer_IF_Stop                 
20007bf5  Timer_IF_DeInit               
20007c0f  Timer_IF_ReLoad               
20007c29  Timer_IF_GetCount             
20007c45  PRCMCC3200MCUInit             
20007ef9  __aeabi_ddiv                  
20008031  PinMuxConfig                  
20008161  strtol                        
200083b1  aligned_alloc                 
200083b1  memalign                      
200084c9  __aeabi_dmul                  
200085c5  realloc                       
200086ad  free                          
20008791  ldexp                         
20008791  ldexpl                        
20008791  scalbn                        
20008791  scalbnl                       
20008915  IntDisable                    
200089bd  IntEnable                     
20008a65  SPIConfigSetExpClk            
20008b05  __aeabi_memcpy                
20008b05  __aeabi_memcpy4               
20008b05  __aeabi_memcpy8               
20008b05  memcpy                        
20008ba1  __aeabi_uldivmod              
20008c39  PRCMPeripheralClockGet        
20008ccd  PinConfigSet                  
20008d55  __aeabi_cdcmpeq               
20008d55  __aeabi_cdcmple               
20008ddb  __aeabi_cdrcmple              
20008e61  GPIOIntTypeSet                
20008ee3  __aeabi_memclr                
20008ee3  __aeabi_memclr4               
20008ee3  __aeabi_memclr8               
20008ee5  __aeabi_memset                
20008ee5  __aeabi_memset4               
20008ee5  __aeabi_memset8               
20008eeb  memset                        
20008f5d  UARTConfigSetExpClk           
20008fd5  TimerIntRegister              
20009125  TimerIntUnregister            
2000918d  __TI_decompress_lzss          
200091f5  frexp                         
200091f5  frexpl                        
20009251  PRCMPeripheralReset           
20009301  IntPrioritySet                
20009355  ltoa                          
200093fd  atoi                          
20009491  __aeabi_d2iz                  
200094d9  TimerConfigure                
20009561  __TI_auto_init_nobinit_nopinit
200095a5  PinModeSet                    
200095e5  vsnprintf                     
20009665  PRCMPeripheralClkEnable       
200096a1  GPIODirModeSet                
200096d7  PinTypeGPIO                   
20009709  UARTDisable                   
20009769  __aeabi_i2d                   
20009799  PRCMSysResetCauseGet          
200097c5  TimerLoadSet                  
200097ef  TimerPrescaleSet              
20009819  PRCMPeripheralClkDisable      
20009869  IntUnregister                 
2000988d  UARTEnable                    
200098b1  _c_int00_noargs               
200098d5  memmove                       
200098f9  GPIOIntStatus                 
2000991b  SPIReset                      
2000993d  GPIOPinWrite                  
2000995d  IntRegister                   
2000997d  SPIDataGet                    
2000999d  GPIOIntRegister               
200099bb  SPIDataPut                    
200099d9  TimerDisable                  
200099f7  TimerEnable                   
20009a15  TimerIntStatus                
20009a33  UARTCharPut                   
20009a51  UARTIntRegister               
20009a71  SysTickIntRegister            
20009a8d  TimerValueGet                 
20009aa9  UARTCharGetNonBlocking        
20009ac5  __TI_zero_init_nomemset       
20009afd  memccpy                       
20009b19  GPIOIntEnable                 
20009b33  PinTypeSPI                    
20009b4d  PinTypeUART                   
20009b67  SPICSDisable                  
20009b7f  SPICSEnable                   
20009b97  SPIEnable                     
20009bb1  SysTickPeriodSet              
20009bc9  TimerIntDisable               
20009be1  TimerIntEnable                
20009bf9  UARTCharsAvail                
20009c11  UARTIntDisable                
20009c29  UARTIntEnable                 
20009c59  PRCMHIBRegRead                
20009c6f  PRCMHIBRegWrite               
20009c85  UARTCharGet                   
20009c9b  strchr                        
20009cb1  CPUcpsie                      
20009cc5  GPIOIntClear                  
20009cd9  IntVTableBaseSet              
20009ced  strcpy                        
20009d01  strlen                        
20009d15  TimerIntClear                 
20009d27  UARTIntClear                  
20009d39  wcslen                        
20009d4d  SysTickEnable                 
20009d5d  __TI_decompress_none          
20009d6b  ResetISR                      
20009d79  SysTickValueGet               
20009d85  copysign                      
20009d85  copysignl                     
20009d91  IntMasterEnable               
20009d9d  __aeabi_errno_addr            
20009da5  malloc                        
20009dad  UtilsDelay                    
20009db3  _system_pre_init              
20009db7  C$$EXIT                       
20009db7  abort                         
2000a2b7  _ctypes_                      
2000a690  __TI_static_base__            
2000a6c4  __TI_Handler_Table_Base       
2000a6d0  __TI_Handler_Table_Limit      
2000a6d8  __TI_CINIT_Base               
2000a6e8  __TI_CINIT_Limit              
20017000  _sys_memory                   
20017800  rec_new_message               
20017804  g_signalMode                  
20017808  g_finishMode                  
2001780c  g_ticksLast                   
20017810  g_codeCountLast               
20017818  g_ticksElapsed                
20017820  g_codeTicksElapsed            
20017828  g_ulTimerInts                 
20017830  currentColor                  
20017834  currentMessageIndex           
20017838  x                             
2001783c  y                             
20017840  colorCounter                  
20017844  my                            
20017848  letterMode                    
2001784c  cursor_x                      
20017850  cursor_y                      
20017854  textsize                      
20017858  textcolor                     
2001785c  textbgcolor                   
20017860  wrap                          
20017861  gpioArr                       
20017870  _lock                         
20017874  _unlock                       
20017888  errno                         
2001788c  colorMessage                  
200178dc  charMessage                   
200178f8  g_inputMode                   
200178fc  g_lastInt                     
20017900  pin63_intcount                
20017904  gpioTimeCount                 
20017905  pin63_intflag                 
2002f800  __stack                       
20030000  __STACK_END                   
ffffffff  __TI_pprof_out_hndl           
ffffffff  __TI_prof_data_size           
ffffffff  __TI_prof_data_start          
ffffffff  __binit__                     
ffffffff  __c_args__                    
ffffffff  binit                         
UNDEFED   __mpu_init                    
UNDEFED   _system_post_cinit            

[235 symbols]
