******************************************************************************
                  TI ARM Linker PC v18.12.4                    
******************************************************************************
>> Linked Sun Feb  6 21:40:51 2022

OUTPUT FILE NAME:   <SSL_REST_API_AWS_W19.out>
ENTRY POINT SYMBOL: "_c_int00_noargs"  address: 2000c995


MEMORY CONFIGURATION

         name            origin    length      used     unused   attr    fill
----------------------  --------  ---------  --------  --------  ----  --------
  SRAM_CODE             20004000   00013000  00009592  00009a6e  RW X
  SRAM_DATA             20017000   00019000  000092ba  0000fd46  RW X


SEGMENT ALLOCATION MAP

run origin  load origin   length   init length attrs members
----------  ----------- ---------- ----------- ----- -------
20004000    20004000    00009598   00009598    r-x
  20004000    20004000    00000400   00000400    r-- .intvecs
  20004400    20004400    00008b22   00008b22    r-x .text
  2000cf24    2000cf24    00000618   00000618    r-- .const
  2000d540    2000d540    00000058   00000058    r-- .cinit
20017000    20017000    000082bc   00000000    rw-
  20017000    20017000    00008000   00000000    rw- .sysmem
  2001f000    2001f000    0000021a   00000000    rw- .bss
  2001f21c    2001f21c    000000a0   00000000    rw- .data
2002f000    2002f000    00001000   00000000    rw-
  2002f000    2002f000    00001000   00000000    rw- .stack


SECTION ALLOCATION MAP

 output                                  attributes/
section   page    origin      length       input sections
--------  ----  ----------  ----------   ----------------
.intvecs   0    20004000    00000400     
                  20004000    00000400     startup_ccs.obj (.intvecs)

.init_array 
*          0    20004000    00000000     UNINITIALIZED

.text      0    20004400    00008b22     
                  20004400    00001318     main.obj (.text)
                  20005718    00000a4e     rtsv7M4_T_le_eabi.lib : _printfi.c.obj (.text:__TI_printfi)
                  20006166    00000002     driverlib.a : interrupt.obj (.text:IntDefaultHandler)
                  20006168    00000590     simplelink.a : driver.obj (.text:_SlDrvMsgRead)
                  200066f8    00000398     gpio_if.obj (.text)
                  20006a90    00000280     simplelink.a : wlan.obj (.text:sl_WlanConnect)
                  20006d10    00000280     uart_if.obj (.text)
                  20006f90    00000268     rtsv7M4_T_le_eabi.lib : _printfi.c.obj (.text:_pconv_a)
                  200071f8    00000248     simplelink.a : driver.obj (.text:_SlDrvRxHdrRead)
                  20007440    000001e4                  : driver.obj (.text:_SlDrvDataReadOp)
                  20007624    000001d0                  : driver.obj (.text:_SlDrvReleasePoolObj)
                  200077f4    000001cc     rtsv7M4_T_le_eabi.lib : _printfi.c.obj (.text:_pconv_g)
                  200079c0    000001b6                           : fd_add_t2.asm.obj (.text)
                  20007b76    00000002                           : _lock.c.obj (.text:_nop)
                  20007b78    000001b4     simplelink.a : driver.obj (.text:_SlDrvDriverCBInit)
                  20007d2c    0000019c                  : driver.obj (.text:_SlDrvMsgWrite)
                  20007ec8    00000190                  : driver.obj (.text:_SlDrvWaitForPoolObj)
                  20008058    0000018c                  : socket.obj (.text:sl_Connect)
                  200081e4    00000178     driverlib.a : prcm.obj (.text:PRCMCC3200MCUInit)
                  2000835c    00000170     simplelink.a : driver.obj (.text:_SlFindAndSetActiveObj)
                  200084cc    00000150                  : driver.obj (.text:_SlDrvDataWriteOp)
                  2000861c    00000148                  : cc_pal.obj (.text:spi_Open)
                  20008764    00000144                  : driver.obj (.text:_SlDrvMsgReadCmdCtx)
                  200088a8    00000144                  : netapp.obj (.text:sl_NetAppDnsGetHostByName)
                  200089ec    0000013c     rtsv7M4_T_le_eabi.lib : _printfi.c.obj (.text:_pconv_e)
                  20008b28    00000136                           : fd_div_t2.asm.obj (.text)
                  20008c5e    00000002                           : div0.asm.obj (.text)
                  20008c60    00000134     simplelink.a : socket.obj (.text:sl_Send)
                  20008d94    00000130                  : driver.obj (.text:_SlDrvDriverCBDeinit)
                  20008ec4    00000120     rtsv7M4_T_le_eabi.lib : _printfi.c.obj (.text:fcvt)
                  20008fe4    00000118                           : memory.c.obj (.text:aligned_alloc)
                  200090fc    00000104     simplelink.a : netapp.obj (.text:_SlDrvNetAppEventHandler)
                  20009200    000000fc     rtsv7M4_T_le_eabi.lib : fd_mul_t2.asm.obj (.text)
                  200092fc    000000f0     simplelink.a : device.obj (.text:sl_Stop)
                  200093ec    000000f0                  : cc_pal.obj (.text:spi_Read)
                  200094dc    000000f0     driverlib.a : udma.obj (.text:uDMAChannelTransferSet)
                  200095cc    000000ec     simplelink.a : device.obj (.text:sl_Start)
                  200096b8    000000e8                  : driver.obj (.text:_SlAsyncEventGenericHandler)
                  200097a0    000000e8                  : driver.obj (.text:_SlDrvMsgReadSpawnCtx)
                  20009888    000000e8     rtsv7M4_T_le_eabi.lib : memory.c.obj (.text:realloc)
                  20009970    000000e4                           : memory.c.obj (.text:free)
                  20009a54    000000e4     simplelink.a : netapp.obj (.text:sl_NetAppMDNSRegisterUnregisterService)
                  20009b38    000000dc                  : driver.obj (.text:_SlDrvClassifyRxMsg)
                  20009c14    000000d0     rtsv7M4_T_le_eabi.lib : s_scalbn.c.obj (.text:scalbn)
                  20009ce4    000000cc     simplelink.a : netapp.obj (.text:_sl_HandleAsync_DnsGetHostByService)
                  20009db0    000000cc                  : device.obj (.text:sl_DevGet)
                  20009e7c    000000c4                  : driver.obj (.text:_SlRemoveFromList)
                  20009f40    000000c0                  : driver.obj (.text:_SlDrvCmdOp)
                  2000a000    000000b1     rtsv7M4_T_le_eabi.lib : _printfi.c.obj (.text:_ltostr)
                  2000a0b1    00000003     --HOLE-- [fill = 0]
                  2000a0b4    000000b0     simplelink.a : nonos.obj (.text:_SlNonOsSemGet)
                  2000a164    000000a8     driverlib.a : interrupt.obj (.text:IntDisable)
                  2000a20c    000000a8                 : interrupt.obj (.text:IntEnable)
                  2000a2b4    000000a4     simplelink.a : driver.obj (.text:_SlDriverHandleError)
                  2000a358    000000a0     driverlib.a : spi.obj (.text:SPIConfigSetExpClk)
                  2000a3f8    000000a0     simplelink.a : socket.obj (.text:sl_Recv)
                  2000a498    0000009c     rtsv7M4_T_le_eabi.lib : memcpy_t2.asm.obj (.text)
                  2000a534    0000009a     simplelink.a : device.obj (.text:_SlDrvDeviceEventHandler)
                  2000a5ce    00000002     --HOLE-- [fill = 0]
                  2000a5d0    00000098                  : device.obj (.text:sl_DevSet)
                  2000a668    00000098                  : netcfg.obj (.text:sl_NetCfgSet)
                  2000a700    00000098                  : socket.obj (.text:sl_SetSockOpt)
                  2000a798    00000098                  : wlan.obj (.text:sl_WlanSet)
                  2000a830    00000098                  : cc_pal.obj (.text:spi_Write)
                  2000a8c8    00000096     rtsv7M4_T_le_eabi.lib : ull_div_t2.asm.obj (.text)
                  2000a95e    00000002     --HOLE-- [fill = 0]
                  2000a960    00000094     driverlib.a : prcm.obj (.text:PRCMPeripheralClockGet)
                  2000a9f4    00000090     simplelink.a : netapp.obj (.text:_sl_HandleAsync_DnsGetHostByName)
                  2000aa84    00000090                  : netapp.obj (.text:_sl_HandleAsync_PingResponse)
                  2000ab14    00000090                  : wlan.obj (.text:sl_WlanPolicySet)
                  2000aba4    0000008c                  : cc_pal.obj (.text:SetupDMAReceive)
                  2000ac30    0000008c                  : cc_pal.obj (.text:SetupDMASend)
                  2000acbc    0000008c                  : driver.obj (.text:_SlDrvIsTimeoutExpired)
                  2000ad48    0000008c                  : device.obj (.text:_sl_HandleAsync_InitComplete)
                  2000add4    0000008c                  : socket.obj (.text:sl_Socket)
                  2000ae60    00000088     driverlib.a : pin.obj (.text:PinConfigSet)
                  2000aee8    00000086     rtsv7M4_T_le_eabi.lib : fd_cmp_t2.asm.obj (.text:__aeabi_cdcmple)
                  2000af6e    00000086                           : fd_cmp_t2.asm.obj (.text:__aeabi_cdrcmple)
                  2000aff4    00000084     simplelink.a : wlan.obj (.text:sl_WlanRxFilterSet)
                  2000b078    00000082     driverlib.a : gpio.obj (.text:GPIOIntTypeSet)
                  2000b0fa    00000002     --HOLE-- [fill = 0]
                  2000b0fc    00000080     simplelink.a : socket.obj (.text:_sl_HandleAsync_Connect)
                  2000b17c    00000080                  : cc_pal.obj (.text:spi_Read_CPU)
                  2000b1fc    00000080                  : cc_pal.obj (.text:spi_Write_CPU)
                  2000b27c    0000007a     rtsv7M4_T_le_eabi.lib : memset_t2.asm.obj (.text)
                  2000b2f6    00000002     --HOLE-- [fill = 0]
                  2000b2f8    00000078     simplelink.a : cc_pal.obj (.text:spi_Close)
                  2000b370    00000076     driverlib.a : uart.obj (.text:UARTConfigSetExpClk)
                  2000b3e6    00000002     --HOLE-- [fill = 0]
                  2000b3e8    00000074     simplelink.a : nonos.obj (.text:_SlNonOsMainLoopTask)
                  2000b45c    00000070     rtsv7M4_T_le_eabi.lib : memory.c.obj (.text:split)
                  2000b4cc    0000006e                           : _printfi.c.obj (.text:_mcpy)
                  2000b53a    00000002     --HOLE-- [fill = 0]
                  2000b53c    0000006c     simplelink.a : driver.obj (.text:_SlDrvCmdSend)
                  2000b5a8    0000006c                  : netapp.obj (.text:_sl_NetAppSendTokenValue)
                  2000b614    0000006c     pinmux.obj (.text)
                  2000b680    00000068     rtsv7M4_T_le_eabi.lib : copy_decompress_lzss.c.obj (.text:decompress:lzss:__TI_decompress_lzss)
                  2000b6e8    00000064     simplelink.a : nonos.obj (.text:_SlNonOsSpawn)
                  2000b74c    00000064                  : socket.obj (.text:_sl_HandleAsync_Accept)
                  2000b7b0    00000064                  : netapp.obj (.text:sl_NetAppMDNSUnRegisterService)
                  2000b814    00000064     driverlib.a : udma.obj (.text:uDMAChannelAttributeDisable)
                  2000b878    00000064                 : udma.obj (.text:uDMAChannelAttributeEnable)
                  2000b8dc    00000060     simplelink.a : socket.obj (.text:sl_Close)
                  2000b93c    00000060                  : wlan.obj (.text:sl_WlanProfileDel)
                  2000b99c    00000060                  : wlan.obj (.text:sl_WlanSetMode)
                  2000b9fc    0000005c     rtsv7M4_T_le_eabi.lib : s_frexp.c.obj (.text:frexp)
                  2000ba58    00000058     driverlib.a : interrupt.obj (.text:IntPendClear)
                  2000bab0    00000058                 : prcm.obj (.text:PRCMPeripheralReset)
                  2000bb08    00000056     rtsv7M4_T_le_eabi.lib : _printfi.c.obj (.text:_pconv_f)
                  2000bb5e    00000002     --HOLE-- [fill = 0]
                  2000bb60    00000054     driverlib.a : interrupt.obj (.text:IntPrioritySet)
                  2000bbb4    00000054     simplelink.a : driver.obj (.text:_SlDrvRxIrqHandler)
                  2000bc08    00000054                  : socket.obj (.text:_sl_HandleAsync_Select)
                  2000bc5c    00000054     rtsv7M4_T_le_eabi.lib : ltoa.c.obj (.text:ltoa)
                  2000bcb0    00000052                           : _printfi.c.obj (.text:_ecpy)
                  2000bd02    00000002     --HOLE-- [fill = 0]
                  2000bd04    00000050     simplelink.a : device.obj (.text:_sl_HandleAsync_Stop)
                  2000bd54    0000004c     driverlib.a : spi.obj (.text:SPIIntEnable)
                  2000bda0    0000004c                 : spi.obj (.text:SPIIntNumberGet)
                  2000bdec    0000004c     simplelink.a : driver.obj (.text:_SlDrvProtectAsyncRespSetting)
                  2000be38    0000004c                  : socket.obj (.text:_sl_BuildAddress)
                  2000be84    0000004c     rtsv7M4_T_le_eabi.lib : atoi.c.obj (.text:atoi)
                  2000bed0    0000004c     driverlib.a : udma.obj (.text:uDMAChannelAssign)
                  2000bf1c    00000048                 : gpio.obj (.text:GPIOGetIntNumber)
                  2000bf64    00000048                 : spi.obj (.text:SPIIntClear)
                  2000bfac    00000048     simplelink.a : driver.obj (.text:_SlDrvBasicCmd)
                  2000bff4    00000048     rtsv7M4_T_le_eabi.lib : fd_toi_t2.asm.obj (.text)
                  2000c03c    00000044     driverlib.a : spi.obj (.text:SPIDmaMaskGet)
                  2000c080    00000044                 : timer.obj (.text:TimerConfigure)
                  2000c0c4    00000044     simplelink.a : driver.obj (.text:_SlDrvHandleHttpServerEvents)
                  2000c108    00000044                  : driver.obj (.text:_SlDrvSyncObjWaitTimeout)
                  2000c14c    00000044     rtsv7M4_T_le_eabi.lib : autoinit.c.obj (.text:__TI_auto_init_nobinit_nopinit:__TI_auto_init_nobinit_nopinit)
                  2000c190    00000044     simplelink.a : cc_pal.obj (.text:cc_SetupTransfer)
                  2000c1d4    00000042                  : socket.obj (.text:sl_Htonl)
                  2000c216    00000002     --HOLE-- [fill = 0]
                  2000c218    00000040     driverlib.a : pin.obj (.text:PinModeSet)
                  2000c258    00000040     simplelink.a : driver.obj (.text:_SlDrvHandleNetAppEvents)
                  2000c298    00000040                  : driver.obj (.text:_SlDrvHandleWlanEvents)
                  2000c2d8    00000040                  : socket.obj (.text:_sl_TruncatePayloadByProtocol)
                  2000c318    00000040     rtsv7M4_T_le_eabi.lib : sprintf.c.obj (.text:sprintf)
                  2000c358    00000040                           : vsnprintf.c.obj (.text:vsnprintf)
                  2000c398    0000003e     simplelink.a : cc_pal.obj (.text:NwpRegisterInterruptHandler)
                  2000c3d6    0000003e     rtsv7M4_T_le_eabi.lib : _printfi.c.obj (.text:_fcpy)
                  2000c414    0000003c     simplelink.a : netapp.obj (.text:CopyPingResultsToReport)
                  2000c450    0000003c     driverlib.a : prcm.obj (.text:PRCMPeripheralClkEnable)
                  2000c48c    0000003c     simplelink.a : cc_pal.obj (.text:simplelink_timerA2_start)
                  2000c4c8    0000003c                  : socket.obj (.text:sl_Htons)
                  2000c504    0000003c     driverlib.a : udma.obj (.text:uDMAChannelControlSet)
                  2000c540    00000038     simplelink.a : cc_pal.obj (.text:NwpPowerOff)
                  2000c578    00000038                  : wlan.obj (.text:sl_WlanDisconnect)
                  2000c5b0    00000036     driverlib.a : gpio.obj (.text:GPIODirModeSet)
                  2000c5e6    00000002     --HOLE-- [fill = 0]
                  2000c5e8    00000034                 : prcm.obj (.text:PRCMPeripheralStatusGet)
                  2000c61c    00000034                 : spi.obj (.text:SPIFIFOLevelSet)
                  2000c650    00000030                 : pin.obj (.text:PinTypeGPIO)
                  2000c680    00000030                 : uart.obj (.text:UARTDisable)
                  2000c6b0    00000030     rtsv7M4_T_le_eabi.lib : vsnprintf.c.obj (.text:_outs)
                  2000c6e0    0000002e                           : i_tofd_t2.asm.obj (.text)
                  2000c70e    00000002     --HOLE-- [fill = 0]
                  2000c710    0000002c     simplelink.a : cc_pal.obj (.text:NwpPowerOn)
                  2000c73c    0000002c     driverlib.a : prcm.obj (.text:PRCMSysResetCauseGet)
                  2000c768    0000002c     simplelink.a : driver.obj (.text:_SlDrvObjGlobalLockWaitForever)
                  2000c794    0000002c                  : driver.obj (.text:_SlDrvProtectionObjLockWaitForever)
                  2000c7c0    0000002a     driverlib.a : timer.obj (.text:TimerLoadSet)
                  2000c7ea    0000002a                 : timer.obj (.text:TimerPrescaleSet)
                  2000c814    00000028                 : prcm.obj (.text:PRCMPeripheralClkDisable)
                  2000c83c    00000028     simplelink.a : driver.obj (.text:_SlDrvGlobalObjUnLock)
                  2000c864    00000028                  : driver.obj (.text:_SlDrvProtectionObjUnLock)
                  2000c88c    00000028                  : driver.obj (.text:_SlDrvSyncObjWaitForever)
                  2000c8b4    00000028     rtsv7M4_T_le_eabi.lib : memory.c.obj (.text:free_list_insert)
                  2000c8dc    00000026     simplelink.a : driver.obj (.text:_SlDrvObjLockWaitForever)
                  2000c902    00000026     network_common.obj (.text)
                  2000c928    00000024     simplelink.a : cc_pal.obj (.text:DmaSpiSwIntHandler)
                  2000c94c    00000024     driverlib.a : interrupt.obj (.text:IntUnregister)
                  2000c970    00000024                 : uart.obj (.text:UARTEnable)
                  2000c994    00000024     rtsv7M4_T_le_eabi.lib : boot_cortex_m.c.obj (.text:_c_int00_noargs:_c_int00_noargs)
                  2000c9b8    00000024                           : memmov.c.obj (.text:memmove)
                  2000c9dc    00000022     driverlib.a : spi.obj (.text:SPIReset)
                  2000c9fe    00000022                 : spi.obj (.text:SPIWordCountSet)
                  2000ca20    00000020                 : gpio.obj (.text:GPIOPinWrite)
                  2000ca40    00000020                 : interrupt.obj (.text:IntRegister)
                  2000ca60    00000020     simplelink.a : cc_pal.obj (.text:NwpPrePowerOffTimout0)
                  2000ca80    00000020                  : cc_pal.obj (.text:TimerGetCurrentTimestamp)
                  2000caa0    00000020                  : driver.obj (.text:_SlDrvObjUnLock)
                  2000cac0    00000020                  : driver.obj (.text:_SlDrvSyncObjSignal)
                  2000cae0    0000001e     driverlib.a : gpio.obj (.text:GPIOIntRegister)
                  2000cafe    0000001e                 : timer.obj (.text:TimerEnable)
                  2000cb1c    0000001e                 : uart.obj (.text:UARTCharPut)
                  2000cb3a    0000001e     simplelink.a : cc_pal.obj (.text:cc_UDMAChannelSelect)
                  2000cb58    0000001c     driverlib.a : timer.obj (.text:TimerValueGet)
                  2000cb74    0000001c                 : uart.obj (.text:UARTCharGetNonBlocking)
                  2000cb90    0000001c     simplelink.a : driver.obj (.text:_SlDrvStartMeasureTimeout)
                  2000cbac    0000001c     rtsv7M4_T_le_eabi.lib : copy_zero_init.c.obj (.text:decompress:ZI:__TI_zero_init_nomemset:__TI_zero_init_nomemset)
                  2000cbc8    0000001c                           : memory.c.obj (.text:free_list_remove)
                  2000cbe4    0000001c                           : memccpy.c.obj (.text:memccpy)
                  2000cc00    0000001c     driverlib.a : udma.obj (.text:uDMAChannelEnable)
                  2000cc1c    0000001a                 : gpio.obj (.text:GPIOIntEnable)
                  2000cc36    0000001a                 : pin.obj (.text:PinTypeUART)
                  2000cc50    0000001a                 : spi.obj (.text:SPIDmaDisable)
                  2000cc6a    0000001a                 : spi.obj (.text:SPIDmaEnable)
                  2000cc84    0000001a                 : spi.obj (.text:SPIFIFODisable)
                  2000cc9e    0000001a                 : spi.obj (.text:SPIFIFOEnable)
                  2000ccb8    0000001a                 : spi.obj (.text:SPIIntUnregister)
                  2000ccd2    00000018                 : gpio.obj (.text:GPIOPinRead)
                  2000ccea    00000018                 : spi.obj (.text:SPICSDisable)
                  2000cd02    00000018                 : spi.obj (.text:SPICSEnable)
                  2000cd1a    00000018                 : spi.obj (.text:SPIDisable)
                  2000cd32    00000018                 : spi.obj (.text:SPIEnable)
                  2000cd4a    00000018                 : uart.obj (.text:UARTCharsAvail)
                  2000cd62    00000018     simplelink.a : nonos.obj (.text:_SlNonOsSemSet)
                  2000cd7a    00000018     rtsv7M4_T_le_eabi.lib : vsnprintf.c.obj (.text:_outc)
                  2000cd92    00000018                           : sprintf.c.obj (.text:_outs)
                  2000cdaa    00000002     --HOLE-- [fill = 0]
                  2000cdac    00000018     simplelink.a : device.obj (.text:_sl_GetStartResponseConvert)
                  2000cdc4    00000016     driverlib.a : prcm.obj (.text:PRCMHIBRegRead)
                  2000cdda    00000016                 : prcm.obj (.text:PRCMHIBRegWrite)
                  2000cdf0    00000016     simplelink.a : driver.obj (.text:_SlDrvMemZero)
                  2000ce06    00000016     rtsv7M4_T_le_eabi.lib : strchr.c.obj (.text:strchr)
                  2000ce1c    00000014     driverlib.a : cpu.obj (.text:CPUcpsie)
                  2000ce30    00000014                 : gpio.obj (.text:GPIOIntClear)
                  2000ce44    00000014                 : interrupt.obj (.text:IntVTableBaseSet)
                  2000ce58    00000014     rtsv7M4_T_le_eabi.lib : strcpy.c.obj (.text:strcpy)
                  2000ce6c    00000014                           : strlen.c.obj (.text:strlen)
                  2000ce80    00000012                           : wcslen.c.obj (.text:wcslen)
                  2000ce92    00000010     simplelink.a : driver.obj (.text:_SlDrvDispatchHttpServerEvents)
                  2000cea2    0000000e                  : driver.obj (.text:_SlDrvResetCmdExt)
                  2000ceb0    0000000e     rtsv7M4_T_le_eabi.lib : copy_decompress_none.c.obj (.text:decompress:none:__TI_decompress_none)
                  2000cebe    0000000e     startup_ccs.obj (.text)
                  2000cecc    0000000c     simplelink.a : cc_pal.obj (.text:NwpMaskInterrupt)
                  2000ced8    0000000c                  : cc_pal.obj (.text:NwpUnMaskInterrupt)
                  2000cee4    0000000c     rtsv7M4_T_le_eabi.lib : s_copysign.c.obj (.text:copysign)
                  2000cef0    0000000a     driverlib.a : interrupt.obj (.text:IntMasterEnable)
                  2000cefa    0000000a     rtsv7M4_T_le_eabi.lib : sprintf.c.obj (.text:_outc)
                  2000cf04    00000008                           : errno.c.obj (.text:__aeabi_errno_addr)
                  2000cf0c    00000008                           : memory.c.obj (.text:malloc)
                  2000cf14    00000006     driverlib.a : utils.obj (.text:UtilsDelay)
                  2000cf1a    00000004     rtsv7M4_T_le_eabi.lib : pre_init.c.obj (.text:_system_pre_init)
                  2000cf1e    00000004                           : exit.c.obj (.text:abort:abort)

.const     0    2000cf24    00000618     
                  2000cf24    00000101     rtsv7M4_T_le_eabi.lib : ctype.c.obj (.const:.string:_ctypes_)
                  2000d025    00000003     --HOLE-- [fill = 0]
                  2000d028    00000100     driverlib.a : pin.obj (.const:g_ulPinToPadMap)
                  2000d128    000000d4                 : interrupt.obj (.const:g_pulRegs)
                  2000d1fc    000000a8                 : prcm.obj (.const:PRCM_PeriphRegsList)
                  2000d2a4    0000003c     simplelink.a : driver.obj (.const:OpcodeTranslateTable)
                  2000d2e0    00000038                  : driver.obj (.const:_SlActionLookupTable)
                  2000d318    00000032     main.obj (.const:.string)
                  2000d34a    00000002     --HOLE-- [fill = 0]
                  2000d34c    0000002c     main.obj (.const:$P$T1$2)
                  2000d378    00000024     driverlib.a : spi.obj (.const:g_ppulSPIIntMap)
                  2000d39c    00000022     main.obj (.const:.string:$P$T0$1)
                  2000d3be    00000002     --HOLE-- [fill = 0]
                  2000d3c0    00000020     simplelink.a : driver.obj (.const:RxMsgClassLUT)
                  2000d3e0    00000018     driverlib.a : interrupt.obj (.const:g_pulDisRegs)
                  2000d3f8    00000018                 : interrupt.obj (.const:g_pulEnRegs)
                  2000d410    00000018                 : interrupt.obj (.const:g_pulUnpendRegs)
                  2000d428    00000018                 : spi.obj (.const:g_ulSPIDmaMaskMap)
                  2000d440    00000015     main.obj (.const:.string:$P$T6$7)
                  2000d455    00000003     --HOLE-- [fill = 0]
                  2000d458    00000014     simplelink.a : driver.obj (.const:$P$T0$1)
                  2000d46c    00000014                  : nonos.obj (.const:$P$T0$1)
                  2000d480    00000014     main.obj (.const:$P$T2$3)
                  2000d494    00000010     simplelink.a : socket.obj (.const:.string:_SlPayloadByProtocolLUT)
                  2000d4a4    0000000c     main.obj (.const:$P$T4$5)
                  2000d4b0    0000000c     main.obj (.const:.string:$P$T3$4)
                  2000d4bc    00000009     main.obj (.const:.string:$P$T5$6)
                  2000d4c5    00000008     simplelink.a : device.obj (.const:StartResponseLUT)
                  2000d4cd    00000003     --HOLE-- [fill = 0]
                  2000d4d0    00000008                  : driver.obj (.const:g_H2NCnysPattern)
                  2000d4d8    00000008                  : driver.obj (.const:g_H2NSyncPattern)
                  2000d4e0    00000005     main.obj (.const:.string:$P$T7$8)
                  2000d4e5    00000001     --HOLE-- [fill = 0]
                  2000d4e6    00000004     simplelink.a : wlan.obj (.const:$P$T0$1)
                  2000d4ea    00000004                  : socket.obj (.const:$P$T2$3)
                  2000d4ee    00000004                  : device.obj (.const:_SlDeviceGetCmdCtrl)
                  2000d4f2    00000004                  : device.obj (.const:_SlDeviceSetCmdCtrl)
                  2000d4f6    00000004                  : netapp.obj (.const:_SlGetHostByNameCtrl)
                  2000d4fa    00000004                  : netapp.obj (.const:_SlNetAppSendTokenValueCmdCtrl)
                  2000d4fe    00000004                  : netcfg.obj (.const:_SlNetCfgSetCmdCtrl)
                  2000d502    00000004                  : wlan.obj (.const:_SlPolicySetCmdCtrl)
                  2000d506    00000004                  : wlan.obj (.const:_SlProfileDelCmdCtrl)
                  2000d50a    00000004                  : socket.obj (.const:_SlRecvCmdCtrl)
                  2000d50e    00000004                  : netapp.obj (.const:_SlRegisterServiceCtrl)
                  2000d512    00000004                  : wlan.obj (.const:_SlRxFilterSetCmdCtrl)
                  2000d516    00000004                  : socket.obj (.const:_SlSendCmdCtrl)
                  2000d51a    00000004                  : socket.obj (.const:_SlSetSockOptCmdCtrl)
                  2000d51e    00000004                  : socket.obj (.const:_SlSockCloseCmdCtrl)
                  2000d522    00000004                  : socket.obj (.const:_SlSockSocketCmdCtrl)
                  2000d526    00000004                  : device.obj (.const:_SlStopCmdCtrl)
                  2000d52a    00000004                  : wlan.obj (.const:_SlWlanCfgSetCmdCtrl)
                  2000d52e    00000004                  : wlan.obj (.const:_SlWlanSetModeCmdCtrl)
                  2000d532    00000002     --HOLE-- [fill = 0]
                  2000d534    00000004                  : driver.obj (.const:httpServer_callbacks)
                  2000d538    00000004                  : driver.obj (.const:netApp_callbacks)

.cinit     0    2000d540    00000058     
                  2000d540    00000033     (.cinit..data.load) [load image, compression = lzss]
                  2000d573    00000001     --HOLE-- [fill = 0]
                  2000d574    0000000c     (__TI_handler_table)
                  2000d580    00000008     (.cinit..bss.load) [load image, compression = zero_init]
                  2000d588    00000010     (__TI_cinit_table)

.sysmem    0    20017000    00008000     UNINITIALIZED
                  20017000    00000010     rtsv7M4_T_le_eabi.lib : memory.c.obj (.sysmem)
                  20017010    00007ff0     --HOLE--

.bss       0    2001f000    0000021a     UNINITIALIZED
                  2001f000    00000168     simplelink.a : driver.obj (.bss:g_StatMem)
                  2001f168    00000050     (.common:g_ucDinDout)
                  2001f1b8    0000002c     (.common:g_time)
                  2001f1e4    00000024     (.common:g_ucConnectionSSID)
                  2001f208    00000008     (.common:g_ucConnectionBSSID)
                  2001f210    00000004     uart_if.obj (.bss)
                  2001f214    00000001     (.common:RxIrqCnt)
                  2001f215    00000001     (.common:g_bDeviceRestartIsRequired)
                  2001f216    00000001     (.common:g_cDummy)
                  2001f217    00000001     (.common:g_ucLED1Pin)
                  2001f218    00000001     (.common:g_ucLED2Pin)
                  2001f219    00000001     (.common:g_ucLED3Pin)

.data      0    2001f21c    000000a0     UNINITIALIZED
                  2001f21c    0000003c     simplelink.a : nonos.obj (.data:g__SlNonOsCB)
                  2001f258    00000014     gpio_if.obj (.data:ulReg)
                  2001f26c    00000010     main.obj (.data)
                  2001f27c    0000000d     simplelink.a : driver.obj (.data)
                  2001f289    00000003     --HOLE--
                  2001f28c    0000000c     gpio_if.obj (.data)
                  2001f298    00000009     simplelink.a : cc_pal.obj (.data)
                  2001f2a1    00000003     --HOLE--
                  2001f2a4    00000008     rtsv7M4_T_le_eabi.lib : _lock.c.obj (.data:$O1$$)
                  2001f2ac    00000008                           : memory.c.obj (.data:$O1$$)
                  2001f2b4    00000004                           : errno.c.obj (.data)
                  2001f2b8    00000004     simplelink.a : driver.obj (.data:wlan_callbacks)

.stack     0    2002f000    00001000     UNINITIALIZED
                  2002f000    00000004     rtsv7M4_T_le_eabi.lib : boot_cortex_m.c.obj (.stack)
                  2002f004    00000ffc     --HOLE--

MODULE SUMMARY

       Module                       code    ro data   rw data
       ------                       ----    -------   -------
    .\
       main.obj                     4888    207       104    
       startup_ccs.obj              14      1024      0      
       gpio_if.obj                  920     0         35     
       uart_if.obj                  640     0         4      
       pinmux.obj                   108     0         0      
       network_common.obj           38      0         0      
    +--+----------------------------+-------+---------+---------+
       Total:                       6608    1231      143    
                                                             
    C:/ti/CC3200SDK_1.3.0/cc3200-sdk/driverlib/ccs/Release/driverlib.a
       prcm.obj                     852     168       0      
       interrupt.obj                608     284       0      
       spi.obj                      798     60        0      
       udma.obj                     604     0         0      
       pin.obj                      274     256       0      
       gpio.obj                     388     0         0      
       uart.obj                     284     0         0      
       timer.obj                    210     0         0      
       cpu.obj                      20      0         0      
       utils.obj                    6       0         0      
    +--+----------------------------+-------+---------+---------+
       Total:                       4044    768       0      
                                                             
    C:/ti/CC3200SDK_1.3.0/cc3200-sdk/simplelink/ccs/NON_OS/simplelink.a
       driver.obj                   7906    192       379    
       cc_pal.obj                   1820    0         90     
       socket.obj                   1830    40        0      
       netapp.obj                   1572    12        0      
       wlan.obj                     1316    24        0      
       device.obj                   1230    20        0      
       nonos.obj                    416     20        60     
       netcfg.obj                   152     4         0      
    +--+----------------------------+-------+---------+---------+
       Total:                       16242   312       529    
                                                             
    C:\ti\ccs930\ccs\tools\compiler\ti-cgt-arm_18.12.4.LTS\lib\rtsv7M4_T_le_eabi.lib
       _printfi.c.obj               4835    0         0      
       memory.c.obj                 928     0         8      
       fd_add_t2.asm.obj            438     0         0      
       fd_div_t2.asm.obj            310     0         0      
       fd_cmp_t2.asm.obj            268     0         0      
       ctype.c.obj                  0       257       0      
       fd_mul_t2.asm.obj            252     0         0      
       s_scalbn.c.obj               208     0         0      
       memcpy_t2.asm.obj            156     0         0      
       ull_div_t2.asm.obj           150     0         0      
       vsnprintf.c.obj              136     0         0      
       memset_t2.asm.obj            122     0         0      
       copy_decompress_lzss.c.obj   104     0         0      
       sprintf.c.obj                98      0         0      
       s_frexp.c.obj                92      0         0      
       ltoa.c.obj                   84      0         0      
       atoi.c.obj                   76      0         0      
       fd_toi_t2.asm.obj            72      0         0      
       autoinit.c.obj               68      0         0      
       i_tofd_t2.asm.obj            46      0         0      
       boot_cortex_m.c.obj          36      0         0      
       memmov.c.obj                 36      0         0      
       copy_zero_init.c.obj         28      0         0      
       memccpy.c.obj                28      0         0      
       strchr.c.obj                 22      0         0      
       strcpy.c.obj                 20      0         0      
       strlen.c.obj                 20      0         0      
       wcslen.c.obj                 18      0         0      
       copy_decompress_none.c.obj   14      0         0      
       errno.c.obj                  8       0         4      
       s_copysign.c.obj             12      0         0      
       _lock.c.obj                  2       0         8      
       exit.c.obj                   4       0         0      
       pre_init.c.obj               4       0         0      
       div0.asm.obj                 2       0         0      
    +--+----------------------------+-------+---------+---------+
       Total:                       8697    257       20     
                                                             
       Heap:                        0       0         32768  
       Stack:                       0       0         4096   
       Linker Generated:            0       87        0      
    +--+----------------------------+-------+---------+---------+
       Grand Total:                 35591   2655      37556  


LINKER GENERATED COPY TABLES

__TI_cinit_table @ 2000d588 records: 2, size/record: 8, table size: 16
	.data: load addr=2000d540, load size=00000033 bytes, run addr=2001f21c, run size=000000a0 bytes, compression=lzss
	.bss: load addr=2000d580, load size=00000008 bytes, run addr=2001f000, run size=0000021a bytes, compression=zero_init


LINKER GENERATED HANDLER TABLE

__TI_handler_table @ 2000d574 records: 3, size/record: 4, table size: 12
	index: 0, handler: __TI_decompress_lzss
	index: 1, handler: __TI_decompress_none
	index: 2, handler: __TI_zero_init


GLOBAL SYMBOLS: SORTED ALPHABETICALLY BY Name 

address   name                                  
-------   ----                                  
2000cf1f  C$$EXIT                               
2000ce1d  CPUcpsie                              
20006d51  ClearTerm                             
2000c929  DmaSpiSwIntHandler                    
20006d5b  Error                                 
2000c5b1  GPIODirModeSet                        
2000ce31  GPIOIntClear                          
2000cc1d  GPIOIntEnable                         
2000cae1  GPIOIntRegister                       
2000b079  GPIOIntTypeSet                        
2000ccd3  GPIOPinRead                           
2000ca21  GPIOPinWrite                          
200069b9  GPIO_IF_ConfigureNIntEnable           
20006a45  GPIO_IF_Get                           
20006973  GPIO_IF_GetPortNPin                   
20006735  GPIO_IF_LedConfigure                  
20006827  GPIO_IF_LedOff                        
20006773  GPIO_IF_LedOn                         
200068db  GPIO_IF_LedStatus                     
20006945  GPIO_IF_LedToggle                     
20006a01  GPIO_IF_Set                           
20006d93  GetCmd                                
20006d11  InitTerm                              
2000a165  IntDisable                            
2000a20d  IntEnable                             
2000cef1  IntMasterEnable                       
2000ba59  IntPendClear                          
2000bb61  IntPrioritySet                        
2000ca41  IntRegister                           
2000c94d  IntUnregister                         
2000ce45  IntVTableBaseSet                      
20006d2f  Message                               
2000cecd  NwpMaskInterrupt                      
2000c541  NwpPowerOff                           
2000c711  NwpPowerOn                            
2000ca61  NwpPrePowerOffTimout0                 
2000c399  NwpRegisterInterruptHandler           
2000ced9  NwpUnMaskInterrupt                    
2000d2a4  OpcodeTranslateTable                  
200081e5  PRCMCC3200MCUInit                     
2000cdc5  PRCMHIBRegRead                        
2000cddb  PRCMHIBRegWrite                       
2000c815  PRCMPeripheralClkDisable              
2000c451  PRCMPeripheralClkEnable               
2000a961  PRCMPeripheralClockGet                
2000bab1  PRCMPeripheralReset                   
2000c5e9  PRCMPeripheralStatusGet               
2000c73d  PRCMSysResetCauseGet                  
2000ae61  PinConfigSet                          
2000c219  PinModeSet                            
2000b615  PinMuxConfig                          
2000c651  PinTypeGPIO                           
2000cc37  PinTypeUART                           
20006ed1  Report                                
2000cebf  ResetISR                              
2001f214  RxIrqCnt                              
2000cceb  SPICSDisable                          
2000cd03  SPICSEnable                           
2000a359  SPIConfigSetExpClk                    
2000cd1b  SPIDisable                            
2000cc51  SPIDmaDisable                         
2000cc6b  SPIDmaEnable                          
2000cd33  SPIEnable                             
2000cc85  SPIFIFODisable                        
2000cc9f  SPIFIFOEnable                         
2000c61d  SPIFIFOLevelSet                       
2000bf65  SPIIntClear                           
2000bd55  SPIIntEnable                          
2000ccb9  SPIIntUnregister                      
2000c9dd  SPIReset                              
2000c9ff  SPIWordCountSet                       
200045d5  SimpleLinkGeneralEventHandler         
200045b1  SimpleLinkHttpServerCallback          
2000450f  SimpleLinkNetAppEventHandler          
200045f5  SimpleLinkSockEventHandler            
20004401  SimpleLinkWlanEventHandler            
2000c081  TimerConfigure                        
2000caff  TimerEnable                           
2000ca81  TimerGetCurrentTimestamp              
2000c7c1  TimerLoadSet                          
2000c7eb  TimerPrescaleSet                      
2000cb59  TimerValueGet                         
20006e39  TrimSpace                             
2000cb75  UARTCharGetNonBlocking                
2000cb1d  UARTCharPut                           
2000cd4b  UARTCharsAvail                        
2000b371  UARTConfigSetExpClk                   
2000c681  UARTDisable                           
2000c971  UARTEnable                            
2000cf15  UtilsDelay                            
2000d2e0  _SlActionLookupTable                  
2000a2b5  _SlDriverHandleError                  
2000bfad  _SlDrvBasicCmd                        
20009f41  _SlDrvCmdOp                           
2000b53d  _SlDrvCmdSend                         
20007441  _SlDrvDataReadOp                      
200084cd  _SlDrvDataWriteOp                     
2000a535  _SlDrvDeviceEventHandler              
2000ce93  _SlDrvDispatchHttpServerEvents        
20008d95  _SlDrvDriverCBDeinit                  
20007b79  _SlDrvDriverCBInit                    
2000c83d  _SlDrvGlobalObjUnLock                 
2000c0c5  _SlDrvHandleHttpServerEvents          
2000c259  _SlDrvHandleNetAppEvents              
2000c299  _SlDrvHandleWlanEvents                
2000acbd  _SlDrvIsTimeoutExpired                
2000cdf1  _SlDrvMemZero                         
200097a1  _SlDrvMsgReadSpawnCtx                 
200090fd  _SlDrvNetAppEventHandler              
2000c8dd  _SlDrvObjLockWaitForever              
2000caa1  _SlDrvObjUnLock                       
2000bded  _SlDrvProtectAsyncRespSetting         
2000c795  _SlDrvProtectionObjLockWaitForever    
2000c865  _SlDrvProtectionObjUnLock             
20007625  _SlDrvReleasePoolObj                  
2000cea3  _SlDrvResetCmdExt                     
2000bbb5  _SlDrvRxIrqHandler                    
2000cb91  _SlDrvStartMeasureTimeout             
2000cac1  _SlDrvSyncObjSignal                   
2000c88d  _SlDrvSyncObjWaitForever              
2000c109  _SlDrvSyncObjWaitTimeout              
20007ec9  _SlDrvWaitForPoolObj                  
2000d4fa  _SlNetAppSendTokenValueCmdCtrl        
2000b3e9  _SlNonOsMainLoopTask                  
2000a0b5  _SlNonOsSemGet                        
2000cd63  _SlNonOsSemSet                        
2000b6e9  _SlNonOsSpawn                         
20030000  __STACK_END                           
00001000  __STACK_SIZE                          
00008000  __SYSMEM_SIZE                         
2000d588  __TI_CINIT_Base                       
2000d598  __TI_CINIT_Limit                      
2000d574  __TI_Handler_Table_Base               
2000d580  __TI_Handler_Table_Limit              
2000c14d  __TI_auto_init_nobinit_nopinit        
2000b681  __TI_decompress_lzss                  
2000ceb1  __TI_decompress_none                  
ffffffff  __TI_pprof_out_hndl                   
20005719  __TI_printfi                          
ffffffff  __TI_prof_data_size                   
ffffffff  __TI_prof_data_start                  
2000d540  __TI_static_base__                    
2000cbad  __TI_zero_init_nomemset               
2000aee9  __aeabi_cdcmpeq                       
2000aee9  __aeabi_cdcmple                       
2000af6f  __aeabi_cdrcmple                      
2000bff5  __aeabi_d2iz                          
200079cb  __aeabi_dadd                          
20008b29  __aeabi_ddiv                          
20009201  __aeabi_dmul                          
200079c1  __aeabi_dsub                          
2000cf05  __aeabi_errno_addr                    
2000c6e1  __aeabi_i2d                           
20008c5f  __aeabi_idiv0                         
20008c5f  __aeabi_ldiv0                         
2000b27d  __aeabi_memclr                        
2000b27d  __aeabi_memclr4                       
2000b27d  __aeabi_memclr8                       
2000a499  __aeabi_memcpy                        
2000a499  __aeabi_memcpy4                       
2000a499  __aeabi_memcpy8                       
2000b27f  __aeabi_memset                        
2000b27f  __aeabi_memset4                       
2000b27f  __aeabi_memset8                       
2000a8c9  __aeabi_uldivmod                      
ffffffff  __binit__                             
ffffffff  __c_args__                            
UNDEFED   __mpu_init                            
2002f000  __stack                               
2000c995  _c_int00_noargs                       
2000cf24  _ctypes_                              
2001f2a4  _lock                                 
20007b77  _nop                                  
2000b74d  _sl_HandleAsync_Accept                
2000b0fd  _sl_HandleAsync_Connect               
2000a9f5  _sl_HandleAsync_DnsGetHostByName      
20009ce5  _sl_HandleAsync_DnsGetHostByService   
2000ad49  _sl_HandleAsync_InitComplete          
2000aa85  _sl_HandleAsync_PingResponse          
2000bc09  _sl_HandleAsync_Select                
2000bd05  _sl_HandleAsync_Stop                  
2000b5a9  _sl_NetAppSendTokenValue              
20017000  _sys_memory                           
UNDEFED   _system_post_cinit                    
2000cf1b  _system_pre_init                      
2001f2a8  _unlock                               
2000cf1f  abort                                 
20008fe5  aligned_alloc                         
2000be85  atoi                                  
ffffffff  binit                                 
2000cee5  copysign                              
2000cee5  copysignl                             
2001f2b4  errno                                 
20009971  free                                  
2000b9fd  frexp                                 
2000b9fd  frexpl                                
2001f278  g_Host                                
2001f27c  g_SlDeviceStatus                      
2001f298  g_SpiFd                               
2001f21c  g__SlNonOsCB                          
2001f215  g_bDeviceRestartIsRequired            
2001f216  g_cDummy                              
2001f280  g_pCB                                 
2001f29c  g_pHostIntHdl                         
20004000  g_pfnVectors                          
2001f1b8  g_time                                
2001f208  g_ucConnectionBSSID                   
2001f1e4  g_ucConnectionSSID                    
2001f2a0  g_ucDMAEnabled                        
2001f168  g_ucDinDout                           
2001f217  g_ucLED1Pin                           
2001f218  g_ucLED2Pin                           
2001f219  g_ucLED3Pin                           
2001f28c  g_uiLED1Port                          
2001f290  g_uiLED2Port                          
2001f294  g_uiLED3Port                          
2001f274  g_ulGatewayIP                         
2001f270  g_ulPingPacketsRecv                   
2001f26c  g_ulStatus                            
20009c15  ldexp                                 
20009c15  ldexpl                                
2000bc5d  ltoa                                  
200050f5  main                                  
2000cf0d  malloc                                
20008fe5  memalign                              
2000cbe5  memccpy                               
2000a499  memcpy                                
2000c9b9  memmove                               
2000b285  memset                                
2001f284  pPingCallBackFunc                     
20004d4d  printErrConvenience                   
20009889  realloc                               
20009c15  scalbn                                
20009c15  scalbnl                               
2000c48d  simplelink_timerA2_start              
2000b8dd  sl_Close                              
20008059  sl_Connect                            
20009db1  sl_DevGet                             
2000a5d1  sl_DevSet                             
2000c1d5  sl_Htonl                              
2000c4c9  sl_Htons                              
200088a9  sl_NetAppDnsGetHostByName             
20009a55  sl_NetAppMDNSRegisterUnregisterService
2000b7b1  sl_NetAppMDNSUnRegisterService        
2000a669  sl_NetCfgSet                          
2000c903  sl_Provisioning_HttpServerEventHdl    
2000c911  sl_Provisioning_NetAppEventHdl        
2000c91d  sl_Provisioning_WlanEventHdl          
2000a3f9  sl_Recv                               
20008c61  sl_Send                               
2000a701  sl_SetSockOpt                         
2000add5  sl_Socket                             
200095cd  sl_Start                              
200092fd  sl_Stop                               
20006a91  sl_WlanConnect                        
2000c579  sl_WlanDisconnect                     
2000ab15  sl_WlanPolicySet                      
2000b93d  sl_WlanProfileDel                     
2000aff5  sl_WlanRxFilterSet                    
2000a799  sl_WlanSet                            
2000b99d  sl_WlanSetMode                        
2000b2f9  spi_Close                             
2000861d  spi_Open                              
200093ed  spi_Read                              
2000a831  spi_Write                             
2000c319  sprintf                               
2000ce07  strchr                                
2000ce59  strcpy                                
2000ce6d  strlen                                
2000bed1  uDMAChannelAssign                     
2000b815  uDMAChannelAttributeDisable           
2000b879  uDMAChannelAttributeEnable            
2000c505  uDMAChannelControlSet                 
2000cc01  uDMAChannelEnable                     
200094dd  uDMAChannelTransferSet                
2000c359  vsnprintf                             
2000ce81  wcslen                                


GLOBAL SYMBOLS: SORTED BY Symbol Address 

address   name                                  
-------   ----                                  
00001000  __STACK_SIZE                          
00008000  __SYSMEM_SIZE                         
20004000  g_pfnVectors                          
20004401  SimpleLinkWlanEventHandler            
2000450f  SimpleLinkNetAppEventHandler          
200045b1  SimpleLinkHttpServerCallback          
200045d5  SimpleLinkGeneralEventHandler         
200045f5  SimpleLinkSockEventHandler            
20004d4d  printErrConvenience                   
200050f5  main                                  
20005719  __TI_printfi                          
20006735  GPIO_IF_LedConfigure                  
20006773  GPIO_IF_LedOn                         
20006827  GPIO_IF_LedOff                        
200068db  GPIO_IF_LedStatus                     
20006945  GPIO_IF_LedToggle                     
20006973  GPIO_IF_GetPortNPin                   
200069b9  GPIO_IF_ConfigureNIntEnable           
20006a01  GPIO_IF_Set                           
20006a45  GPIO_IF_Get                           
20006a91  sl_WlanConnect                        
20006d11  InitTerm                              
20006d2f  Message                               
20006d51  ClearTerm                             
20006d5b  Error                                 
20006d93  GetCmd                                
20006e39  TrimSpace                             
20006ed1  Report                                
20007441  _SlDrvDataReadOp                      
20007625  _SlDrvReleasePoolObj                  
200079c1  __aeabi_dsub                          
200079cb  __aeabi_dadd                          
20007b77  _nop                                  
20007b79  _SlDrvDriverCBInit                    
20007ec9  _SlDrvWaitForPoolObj                  
20008059  sl_Connect                            
200081e5  PRCMCC3200MCUInit                     
200084cd  _SlDrvDataWriteOp                     
2000861d  spi_Open                              
200088a9  sl_NetAppDnsGetHostByName             
20008b29  __aeabi_ddiv                          
20008c5f  __aeabi_idiv0                         
20008c5f  __aeabi_ldiv0                         
20008c61  sl_Send                               
20008d95  _SlDrvDriverCBDeinit                  
20008fe5  aligned_alloc                         
20008fe5  memalign                              
200090fd  _SlDrvNetAppEventHandler              
20009201  __aeabi_dmul                          
200092fd  sl_Stop                               
200093ed  spi_Read                              
200094dd  uDMAChannelTransferSet                
200095cd  sl_Start                              
200097a1  _SlDrvMsgReadSpawnCtx                 
20009889  realloc                               
20009971  free                                  
20009a55  sl_NetAppMDNSRegisterUnregisterService
20009c15  ldexp                                 
20009c15  ldexpl                                
20009c15  scalbn                                
20009c15  scalbnl                               
20009ce5  _sl_HandleAsync_DnsGetHostByService   
20009db1  sl_DevGet                             
20009f41  _SlDrvCmdOp                           
2000a0b5  _SlNonOsSemGet                        
2000a165  IntDisable                            
2000a20d  IntEnable                             
2000a2b5  _SlDriverHandleError                  
2000a359  SPIConfigSetExpClk                    
2000a3f9  sl_Recv                               
2000a499  __aeabi_memcpy                        
2000a499  __aeabi_memcpy4                       
2000a499  __aeabi_memcpy8                       
2000a499  memcpy                                
2000a535  _SlDrvDeviceEventHandler              
2000a5d1  sl_DevSet                             
2000a669  sl_NetCfgSet                          
2000a701  sl_SetSockOpt                         
2000a799  sl_WlanSet                            
2000a831  spi_Write                             
2000a8c9  __aeabi_uldivmod                      
2000a961  PRCMPeripheralClockGet                
2000a9f5  _sl_HandleAsync_DnsGetHostByName      
2000aa85  _sl_HandleAsync_PingResponse          
2000ab15  sl_WlanPolicySet                      
2000acbd  _SlDrvIsTimeoutExpired                
2000ad49  _sl_HandleAsync_InitComplete          
2000add5  sl_Socket                             
2000ae61  PinConfigSet                          
2000aee9  __aeabi_cdcmpeq                       
2000aee9  __aeabi_cdcmple                       
2000af6f  __aeabi_cdrcmple                      
2000aff5  sl_WlanRxFilterSet                    
2000b079  GPIOIntTypeSet                        
2000b0fd  _sl_HandleAsync_Connect               
2000b27d  __aeabi_memclr                        
2000b27d  __aeabi_memclr4                       
2000b27d  __aeabi_memclr8                       
2000b27f  __aeabi_memset                        
2000b27f  __aeabi_memset4                       
2000b27f  __aeabi_memset8                       
2000b285  memset                                
2000b2f9  spi_Close                             
2000b371  UARTConfigSetExpClk                   
2000b3e9  _SlNonOsMainLoopTask                  
2000b53d  _SlDrvCmdSend                         
2000b5a9  _sl_NetAppSendTokenValue              
2000b615  PinMuxConfig                          
2000b681  __TI_decompress_lzss                  
2000b6e9  _SlNonOsSpawn                         
2000b74d  _sl_HandleAsync_Accept                
2000b7b1  sl_NetAppMDNSUnRegisterService        
2000b815  uDMAChannelAttributeDisable           
2000b879  uDMAChannelAttributeEnable            
2000b8dd  sl_Close                              
2000b93d  sl_WlanProfileDel                     
2000b99d  sl_WlanSetMode                        
2000b9fd  frexp                                 
2000b9fd  frexpl                                
2000ba59  IntPendClear                          
2000bab1  PRCMPeripheralReset                   
2000bb61  IntPrioritySet                        
2000bbb5  _SlDrvRxIrqHandler                    
2000bc09  _sl_HandleAsync_Select                
2000bc5d  ltoa                                  
2000bd05  _sl_HandleAsync_Stop                  
2000bd55  SPIIntEnable                          
2000bded  _SlDrvProtectAsyncRespSetting         
2000be85  atoi                                  
2000bed1  uDMAChannelAssign                     
2000bf65  SPIIntClear                           
2000bfad  _SlDrvBasicCmd                        
2000bff5  __aeabi_d2iz                          
2000c081  TimerConfigure                        
2000c0c5  _SlDrvHandleHttpServerEvents          
2000c109  _SlDrvSyncObjWaitTimeout              
2000c14d  __TI_auto_init_nobinit_nopinit        
2000c1d5  sl_Htonl                              
2000c219  PinModeSet                            
2000c259  _SlDrvHandleNetAppEvents              
2000c299  _SlDrvHandleWlanEvents                
2000c319  sprintf                               
2000c359  vsnprintf                             
2000c399  NwpRegisterInterruptHandler           
2000c451  PRCMPeripheralClkEnable               
2000c48d  simplelink_timerA2_start              
2000c4c9  sl_Htons                              
2000c505  uDMAChannelControlSet                 
2000c541  NwpPowerOff                           
2000c579  sl_WlanDisconnect                     
2000c5b1  GPIODirModeSet                        
2000c5e9  PRCMPeripheralStatusGet               
2000c61d  SPIFIFOLevelSet                       
2000c651  PinTypeGPIO                           
2000c681  UARTDisable                           
2000c6e1  __aeabi_i2d                           
2000c711  NwpPowerOn                            
2000c73d  PRCMSysResetCauseGet                  
2000c795  _SlDrvProtectionObjLockWaitForever    
2000c7c1  TimerLoadSet                          
2000c7eb  TimerPrescaleSet                      
2000c815  PRCMPeripheralClkDisable              
2000c83d  _SlDrvGlobalObjUnLock                 
2000c865  _SlDrvProtectionObjUnLock             
2000c88d  _SlDrvSyncObjWaitForever              
2000c8dd  _SlDrvObjLockWaitForever              
2000c903  sl_Provisioning_HttpServerEventHdl    
2000c911  sl_Provisioning_NetAppEventHdl        
2000c91d  sl_Provisioning_WlanEventHdl          
2000c929  DmaSpiSwIntHandler                    
2000c94d  IntUnregister                         
2000c971  UARTEnable                            
2000c995  _c_int00_noargs                       
2000c9b9  memmove                               
2000c9dd  SPIReset                              
2000c9ff  SPIWordCountSet                       
2000ca21  GPIOPinWrite                          
2000ca41  IntRegister                           
2000ca61  NwpPrePowerOffTimout0                 
2000ca81  TimerGetCurrentTimestamp              
2000caa1  _SlDrvObjUnLock                       
2000cac1  _SlDrvSyncObjSignal                   
2000cae1  GPIOIntRegister                       
2000caff  TimerEnable                           
2000cb1d  UARTCharPut                           
2000cb59  TimerValueGet                         
2000cb75  UARTCharGetNonBlocking                
2000cb91  _SlDrvStartMeasureTimeout             
2000cbad  __TI_zero_init_nomemset               
2000cbe5  memccpy                               
2000cc01  uDMAChannelEnable                     
2000cc1d  GPIOIntEnable                         
2000cc37  PinTypeUART                           
2000cc51  SPIDmaDisable                         
2000cc6b  SPIDmaEnable                          
2000cc85  SPIFIFODisable                        
2000cc9f  SPIFIFOEnable                         
2000ccb9  SPIIntUnregister                      
2000ccd3  GPIOPinRead                           
2000cceb  SPICSDisable                          
2000cd03  SPICSEnable                           
2000cd1b  SPIDisable                            
2000cd33  SPIEnable                             
2000cd4b  UARTCharsAvail                        
2000cd63  _SlNonOsSemSet                        
2000cdc5  PRCMHIBRegRead                        
2000cddb  PRCMHIBRegWrite                       
2000cdf1  _SlDrvMemZero                         
2000ce07  strchr                                
2000ce1d  CPUcpsie                              
2000ce31  GPIOIntClear                          
2000ce45  IntVTableBaseSet                      
2000ce59  strcpy                                
2000ce6d  strlen                                
2000ce81  wcslen                                
2000ce93  _SlDrvDispatchHttpServerEvents        
2000cea3  _SlDrvResetCmdExt                     
2000ceb1  __TI_decompress_none                  
2000cebf  ResetISR                              
2000cecd  NwpMaskInterrupt                      
2000ced9  NwpUnMaskInterrupt                    
2000cee5  copysign                              
2000cee5  copysignl                             
2000cef1  IntMasterEnable                       
2000cf05  __aeabi_errno_addr                    
2000cf0d  malloc                                
2000cf15  UtilsDelay                            
2000cf1b  _system_pre_init                      
2000cf1f  C$$EXIT                               
2000cf1f  abort                                 
2000cf24  _ctypes_                              
2000d2a4  OpcodeTranslateTable                  
2000d2e0  _SlActionLookupTable                  
2000d4fa  _SlNetAppSendTokenValueCmdCtrl        
2000d540  __TI_static_base__                    
2000d574  __TI_Handler_Table_Base               
2000d580  __TI_Handler_Table_Limit              
2000d588  __TI_CINIT_Base                       
2000d598  __TI_CINIT_Limit                      
20017000  _sys_memory                           
2001f168  g_ucDinDout                           
2001f1b8  g_time                                
2001f1e4  g_ucConnectionSSID                    
2001f208  g_ucConnectionBSSID                   
2001f214  RxIrqCnt                              
2001f215  g_bDeviceRestartIsRequired            
2001f216  g_cDummy                              
2001f217  g_ucLED1Pin                           
2001f218  g_ucLED2Pin                           
2001f219  g_ucLED3Pin                           
2001f21c  g__SlNonOsCB                          
2001f26c  g_ulStatus                            
2001f270  g_ulPingPacketsRecv                   
2001f274  g_ulGatewayIP                         
2001f278  g_Host                                
2001f27c  g_SlDeviceStatus                      
2001f280  g_pCB                                 
2001f284  pPingCallBackFunc                     
2001f28c  g_uiLED1Port                          
2001f290  g_uiLED2Port                          
2001f294  g_uiLED3Port                          
2001f298  g_SpiFd                               
2001f29c  g_pHostIntHdl                         
2001f2a0  g_ucDMAEnabled                        
2001f2a4  _lock                                 
2001f2a8  _unlock                               
2001f2b4  errno                                 
2002f000  __stack                               
20030000  __STACK_END                           
ffffffff  __TI_pprof_out_hndl                   
ffffffff  __TI_prof_data_size                   
ffffffff  __TI_prof_data_start                  
ffffffff  __binit__                             
ffffffff  __c_args__                            
ffffffff  binit                                 
UNDEFED   __mpu_init                            
UNDEFED   _system_post_cinit                    

[277 symbols]
