******************************************************************************
                  TI ARM Linker PC v20.2.5                     
******************************************************************************
>> Linked Fri Mar 11 15:40:56 2022

OUTPUT FILE NAME:   <SSL_REST_API_AWS_W19.out>
ENTRY POINT SYMBOL: "_c_int00_noargs"  address: 2000f1dd


MEMORY CONFIGURATION

         name            origin    length      used     unused   attr    fill
----------------------  --------  ---------  --------  --------  ----  --------
  SRAM_CODE             20004000   00013000  0000c582  00006a7e  RW X
  SRAM_DATA             20017000   00019000  0000935c  0000fca4  RW X


SEGMENT ALLOCATION MAP

run origin  load origin   length   init length attrs members
----------  ----------- ---------- ----------- ----- -------
20004000    20004000    0000c588   0000c588    r-x
  20004000    20004000    00000400   00000400    r-- .intvecs
  20004400    20004400    0000b58e   0000b58e    r-x .text
  2000f990    2000f990    00000b74   00000b74    r-- .const
  20010508    20010508    00000080   00000080    r-- .cinit
20017000    20017000    00008360   00000000    rw-
  20017000    20017000    00008000   00000000    rw- .sysmem
  2001f000    2001f000    0000023c   00000000    rw- .bss
  2001f240    2001f240    00000120   00000000    rw- .data
2002f000    2002f000    00001000   00000000    rw-
  2002f000    2002f000    00001000   00000000    rw- .stack


SECTION ALLOCATION MAP

 output                                  attributes/
section   page    origin      length       input sections
--------  ----  ----------  ----------   ----------------
.intvecs   0    20004000    00000400     
                  20004000    00000400     startup_ccs.obj (.intvecs)

.init_array 
*          0    20004000    00000000     UNINITIALIZED

.text      0    20004400    0000b58e     
                  20004400    000016dc     awsconnect.obj (.text)
                  20005adc    00000aa0     main.obj (.text)
                  2000657c    00000a80     Adafruit_GFX.obj (.text)
                  20006ffc    00000a4e     rtsv7M4_T_le_eabi.lib : _printfi.c.obj (.text:__TI_printfi)
                  20007a4a    00000002     driverlib.a : interrupt.obj (.text:IntDefaultHandler)
                  20007a4c    00000590     simplelink.a : driver.obj (.text:_SlDrvMsgRead)
                  20007fdc    000004aa     Adafruit_OLED.obj (.text)
                  20008486    00000002     rtsv7M4_T_le_eabi.lib : _lock.c.obj (.text:_nop)
                  20008488    00000398     gpio_if.obj (.text)
                  20008820    000002a0     i2c_if.obj (.text)
                  20008ac0    00000290     PN532_CC3200.obj (.text)
                  20008d50    00000280     simplelink.a : wlan.obj (.text:sl_WlanConnect)
                  20008fd0    0000027c     uart_if.obj (.text)
                  2000924c    00000268     rtsv7M4_T_le_eabi.lib : _printfi.c.obj (.text:_pconv_a)
                  200094b4    00000248     simplelink.a : driver.obj (.text:_SlDrvRxHdrRead)
                  200096fc    000001e4                  : driver.obj (.text:_SlDrvDataReadOp)
                  200098e0    000001d0                  : driver.obj (.text:_SlDrvReleasePoolObj)
                  20009ab0    000001cc     rtsv7M4_T_le_eabi.lib : _printfi.c.obj (.text:_pconv_g)
                  20009c7c    000001b6                           : fd_add_t2.asm.obj (.text)
                  20009e32    00000002                           : div0.asm.obj (.text)
                  20009e34    000001b4     simplelink.a : driver.obj (.text:_SlDrvDriverCBInit)
                  20009fe8    0000019c                  : driver.obj (.text:_SlDrvMsgWrite)
                  2000a184    00000198     timer_if.obj (.text)
                  2000a31c    00000190     simplelink.a : driver.obj (.text:_SlDrvWaitForPoolObj)
                  2000a4ac    0000018c                  : socket.obj (.text:sl_Connect)
                  2000a638    00000178     driverlib.a : prcm.obj (.text:PRCMCC3200MCUInit)
                  2000a7b0    00000170     simplelink.a : driver.obj (.text:_SlFindAndSetActiveObj)
                  2000a920    00000168     pin_mux_config.obj (.text)
                  2000aa88    00000150     simplelink.a : driver.obj (.text:_SlDrvDataWriteOp)
                  2000abd8    00000148                  : cc_pal.obj (.text:spi_Open)
                  2000ad20    00000144                  : driver.obj (.text:_SlDrvMsgReadCmdCtx)
                  2000ae64    00000144                  : netapp.obj (.text:sl_NetAppDnsGetHostByName)
                  2000afa8    0000013c     rtsv7M4_T_le_eabi.lib : _printfi.c.obj (.text:_pconv_e)
                  2000b0e4    00000136                           : fd_div_t2.asm.obj (.text)
                  2000b21a    00000002     --HOLE-- [fill = 0]
                  2000b21c    00000134     simplelink.a : socket.obj (.text:sl_Send)
                  2000b350    00000130                  : driver.obj (.text:_SlDrvDriverCBDeinit)
                  2000b480    00000130     rtsv7M4_T_le_eabi.lib : strtol.c.obj (.text:strtol)
                  2000b5b0    00000120                           : _printfi.c.obj (.text:fcvt)
                  2000b6d0    00000104     simplelink.a : netapp.obj (.text:_SlDrvNetAppEventHandler)
                  2000b7d4    00000100     rtsv7M4_T_le_eabi.lib : memory.c.obj (.text:aligned_alloc)
                  2000b8d4    000000fc                           : fd_mul_t2.asm.obj (.text)
                  2000b9d0    000000f0     simplelink.a : device.obj (.text:sl_Stop)
                  2000bac0    000000f0                  : cc_pal.obj (.text:spi_Read)
                  2000bbb0    000000f0     driverlib.a : udma.obj (.text:uDMAChannelTransferSet)
                  2000bca0    000000ec     simplelink.a : device.obj (.text:sl_Start)
                  2000bd8c    000000e8                  : driver.obj (.text:_SlAsyncEventGenericHandler)
                  2000be74    000000e8                  : driver.obj (.text:_SlDrvMsgReadSpawnCtx)
                  2000bf5c    000000e4     rtsv7M4_T_le_eabi.lib : memory.c.obj (.text:free)
                  2000c040    000000e4                           : memory.c.obj (.text:realloc)
                  2000c124    000000e4     simplelink.a : netapp.obj (.text:sl_NetAppMDNSRegisterUnregisterService)
                  2000c208    000000dc                  : driver.obj (.text:_SlDrvClassifyRxMsg)
                  2000c2e4    000000d0     rtsv7M4_T_le_eabi.lib : s_scalbn.c.obj (.text:scalbn)
                  2000c3b4    000000cc     simplelink.a : netapp.obj (.text:_sl_HandleAsync_DnsGetHostByService)
                  2000c480    000000cc                  : device.obj (.text:sl_DevGet)
                  2000c54c    000000c4                  : driver.obj (.text:_SlRemoveFromList)
                  2000c610    000000c0                  : driver.obj (.text:_SlDrvCmdOp)
                  2000c6d0    000000b1     rtsv7M4_T_le_eabi.lib : _printfi.c.obj (.text:_ltostr)
                  2000c781    00000003     --HOLE-- [fill = 0]
                  2000c784    000000b0     simplelink.a : nonos.obj (.text:_SlNonOsSemGet)
                  2000c834    000000a8     driverlib.a : interrupt.obj (.text:IntDisable)
                  2000c8dc    000000a8                 : interrupt.obj (.text:IntEnable)
                  2000c984    000000a4     simplelink.a : driver.obj (.text:_SlDriverHandleError)
                  2000ca28    000000a0     driverlib.a : spi.obj (.text:SPIConfigSetExpClk)
                  2000cac8    000000a0     simplelink.a : socket.obj (.text:sl_Recv)
                  2000cb68    0000009c     rtsv7M4_T_le_eabi.lib : memcpy_t2.asm.obj (.text)
                  2000cc04    0000009a     simplelink.a : device.obj (.text:_SlDrvDeviceEventHandler)
                  2000cc9e    00000002     --HOLE-- [fill = 0]
                  2000cca0    00000098                  : device.obj (.text:sl_DevSet)
                  2000cd38    00000098                  : netcfg.obj (.text:sl_NetCfgSet)
                  2000cdd0    00000098                  : socket.obj (.text:sl_SetSockOpt)
                  2000ce68    00000098                  : wlan.obj (.text:sl_WlanSet)
                  2000cf00    00000098                  : cc_pal.obj (.text:spi_Write)
                  2000cf98    00000096     rtsv7M4_T_le_eabi.lib : ull_div_t2.asm.obj (.text)
                  2000d02e    00000002     --HOLE-- [fill = 0]
                  2000d030    00000094     driverlib.a : prcm.obj (.text:PRCMPeripheralClockGet)
                  2000d0c4    00000090     simplelink.a : netapp.obj (.text:_sl_HandleAsync_DnsGetHostByName)
                  2000d154    00000090                  : netapp.obj (.text:_sl_HandleAsync_PingResponse)
                  2000d1e4    00000090                  : wlan.obj (.text:sl_WlanPolicySet)
                  2000d274    0000008c                  : cc_pal.obj (.text:SetupDMAReceive)
                  2000d300    0000008c                  : cc_pal.obj (.text:SetupDMASend)
                  2000d38c    0000008c                  : driver.obj (.text:_SlDrvIsTimeoutExpired)
                  2000d418    0000008c                  : device.obj (.text:_sl_HandleAsync_InitComplete)
                  2000d4a4    0000008c                  : socket.obj (.text:sl_Socket)
                  2000d530    00000088     driverlib.a : pin.obj (.text:PinConfigSet)
                  2000d5b8    00000086     rtsv7M4_T_le_eabi.lib : fd_cmp_t2.asm.obj (.text:__aeabi_cdcmple)
                  2000d63e    00000086                           : fd_cmp_t2.asm.obj (.text:__aeabi_cdrcmple)
                  2000d6c4    00000084     driverlib.a : i2c.obj (.text:I2CMasterInitExpClk)
                  2000d748    00000084     simplelink.a : wlan.obj (.text:sl_WlanRxFilterSet)
                  2000d7cc    00000082     driverlib.a : gpio.obj (.text:GPIOIntTypeSet)
                  2000d84e    00000002     --HOLE-- [fill = 0]
                  2000d850    00000080     simplelink.a : socket.obj (.text:_sl_HandleAsync_Connect)
                  2000d8d0    00000080                  : cc_pal.obj (.text:spi_Read_CPU)
                  2000d950    00000080                  : cc_pal.obj (.text:spi_Write_CPU)
                  2000d9d0    0000007a     rtsv7M4_T_le_eabi.lib : memset_t2.asm.obj (.text)
                  2000da4a    00000002     --HOLE-- [fill = 0]
                  2000da4c    00000078     simplelink.a : cc_pal.obj (.text:spi_Close)
                  2000dac4    00000076     driverlib.a : uart.obj (.text:UARTConfigSetExpClk)
                  2000db3a    00000002     --HOLE-- [fill = 0]
                  2000db3c    00000074     simplelink.a : nonos.obj (.text:_SlNonOsMainLoopTask)
                  2000dbb0    00000070     driverlib.a : timer.obj (.text:TimerIntRegister)
                  2000dc20    00000070     rtsv7M4_T_le_eabi.lib : memory.c.obj (.text:split)
                  2000dc90    0000006e                           : _printfi.c.obj (.text:_mcpy)
                  2000dcfe    00000002     --HOLE-- [fill = 0]
                  2000dd00    0000006c     simplelink.a : driver.obj (.text:_SlDrvCmdSend)
                  2000dd6c    0000006c                  : netapp.obj (.text:_sl_NetAppSendTokenValue)
                  2000ddd8    00000068     driverlib.a : timer.obj (.text:TimerIntUnregister)
                  2000de40    00000068     rtsv7M4_T_le_eabi.lib : copy_decompress_lzss.c.obj (.text:decompress:lzss:__TI_decompress_lzss)
                  2000dea8    00000064     simplelink.a : nonos.obj (.text:_SlNonOsSpawn)
                  2000df0c    00000064                  : socket.obj (.text:_sl_HandleAsync_Accept)
                  2000df70    00000064                  : netapp.obj (.text:sl_NetAppMDNSUnRegisterService)
                  2000dfd4    00000064     driverlib.a : udma.obj (.text:uDMAChannelAttributeDisable)
                  2000e038    00000064                 : udma.obj (.text:uDMAChannelAttributeEnable)
                  2000e09c    00000060     simplelink.a : socket.obj (.text:sl_Close)
                  2000e0fc    00000060                  : wlan.obj (.text:sl_WlanProfileDel)
                  2000e15c    00000060                  : wlan.obj (.text:sl_WlanSetMode)
                  2000e1bc    0000005c     rtsv7M4_T_le_eabi.lib : s_frexp.c.obj (.text:frexp)
                  2000e218    00000058     driverlib.a : interrupt.obj (.text:IntPendClear)
                  2000e270    00000058                 : prcm.obj (.text:PRCMPeripheralReset)
                  2000e2c8    00000056     rtsv7M4_T_le_eabi.lib : _printfi.c.obj (.text:_pconv_f)
                  2000e31e    00000002     --HOLE-- [fill = 0]
                  2000e320    00000054     driverlib.a : interrupt.obj (.text:IntPrioritySet)
                  2000e374    00000054     simplelink.a : driver.obj (.text:_SlDrvRxIrqHandler)
                  2000e3c8    00000054     rtsv7M4_T_le_eabi.lib : _ltoa.c.obj (.text:__TI_ltoa)
                  2000e41c    00000054     simplelink.a : socket.obj (.text:_sl_HandleAsync_Select)
                  2000e470    00000052     rtsv7M4_T_le_eabi.lib : _printfi.c.obj (.text:_ecpy)
                  2000e4c2    00000002     --HOLE-- [fill = 0]
                  2000e4c4    00000050     simplelink.a : device.obj (.text:_sl_HandleAsync_Stop)
                  2000e514    0000004c     driverlib.a : spi.obj (.text:SPIIntEnable)
                  2000e560    0000004c                 : spi.obj (.text:SPIIntNumberGet)
                  2000e5ac    0000004c     simplelink.a : driver.obj (.text:_SlDrvProtectAsyncRespSetting)
                  2000e5f8    0000004c                  : socket.obj (.text:_sl_BuildAddress)
                  2000e644    0000004c     rtsv7M4_T_le_eabi.lib : atoi.c.obj (.text:atoi)
                  2000e690    0000004c     driverlib.a : udma.obj (.text:uDMAChannelAssign)
                  2000e6dc    00000048                 : gpio.obj (.text:GPIOGetIntNumber)
                  2000e724    00000048                 : spi.obj (.text:SPIIntClear)
                  2000e76c    00000048     simplelink.a : driver.obj (.text:_SlDrvBasicCmd)
                  2000e7b4    00000048     rtsv7M4_T_le_eabi.lib : fd_toi_t2.asm.obj (.text)
                  2000e7fc    00000044     driverlib.a : spi.obj (.text:SPIDmaMaskGet)
                  2000e840    00000044                 : timer.obj (.text:TimerConfigure)
                  2000e884    00000044     simplelink.a : driver.obj (.text:_SlDrvHandleHttpServerEvents)
                  2000e8c8    00000044                  : driver.obj (.text:_SlDrvSyncObjWaitTimeout)
                  2000e90c    00000044     rtsv7M4_T_le_eabi.lib : autoinit.c.obj (.text:__TI_auto_init_nobinit_nopinit:__TI_auto_init_nobinit_nopinit)
                  2000e950    00000044     simplelink.a : cc_pal.obj (.text:cc_SetupTransfer)
                  2000e994    00000042                  : socket.obj (.text:sl_Htonl)
                  2000e9d6    00000002     --HOLE-- [fill = 0]
                  2000e9d8    00000040     driverlib.a : pin.obj (.text:PinModeSet)
                  2000ea18    00000040     simplelink.a : driver.obj (.text:_SlDrvHandleNetAppEvents)
                  2000ea58    00000040                  : driver.obj (.text:_SlDrvHandleWlanEvents)
                  2000ea98    00000040                  : socket.obj (.text:_sl_TruncatePayloadByProtocol)
                  2000ead8    00000040     rtsv7M4_T_le_eabi.lib : sprintf.c.obj (.text:sprintf)
                  2000eb18    00000040                           : vsnprintf.c.obj (.text:vsnprintf)
                  2000eb58    0000003e     simplelink.a : cc_pal.obj (.text:NwpRegisterInterruptHandler)
                  2000eb96    0000003e     rtsv7M4_T_le_eabi.lib : _printfi.c.obj (.text:_fcpy)
                  2000ebd4    0000003c     simplelink.a : netapp.obj (.text:CopyPingResultsToReport)
                  2000ec10    0000003c     driverlib.a : prcm.obj (.text:PRCMPeripheralClkEnable)
                  2000ec4c    0000003c     simplelink.a : cc_pal.obj (.text:simplelink_timerA2_start)
                  2000ec88    0000003c                  : socket.obj (.text:sl_Htons)
                  2000ecc4    0000003c     driverlib.a : udma.obj (.text:uDMAChannelControlSet)
                  2000ed00    00000038     simplelink.a : cc_pal.obj (.text:NwpPowerOff)
                  2000ed38    00000038                  : wlan.obj (.text:sl_WlanDisconnect)
                  2000ed70    00000036     driverlib.a : gpio.obj (.text:GPIODirModeSet)
                  2000eda6    00000036     rtsv7M4_T_le_eabi.lib : strncpy.c.obj (.text:strncpy)
                  2000eddc    00000034     driverlib.a : prcm.obj (.text:PRCMPeripheralStatusGet)
                  2000ee10    00000034                 : spi.obj (.text:SPIFIFOLevelSet)
                  2000ee44    00000030                 : pin.obj (.text:PinTypeGPIO)
                  2000ee74    00000030                 : uart.obj (.text:UARTDisable)
                  2000eea4    00000030     rtsv7M4_T_le_eabi.lib : vsnprintf.c.obj (.text:_outs)
                  2000eed4    0000002e                           : i_tofd_t2.asm.obj (.text)
                  2000ef02    0000002c     driverlib.a : i2c.obj (.text:I2CMasterErr)
                  2000ef2e    00000002     --HOLE-- [fill = 0]
                  2000ef30    0000002c     simplelink.a : cc_pal.obj (.text:NwpPowerOn)
                  2000ef5c    0000002c     driverlib.a : prcm.obj (.text:PRCMSysResetCauseGet)
                  2000ef88    0000002c     simplelink.a : driver.obj (.text:_SlDrvObjGlobalLockWaitForever)
                  2000efb4    0000002c                  : driver.obj (.text:_SlDrvProtectionObjLockWaitForever)
                  2000efe0    0000002a     driverlib.a : timer.obj (.text:TimerLoadSet)
                  2000f00a    0000002a                 : timer.obj (.text:TimerPrescaleSet)
                  2000f034    00000028                 : prcm.obj (.text:PRCMPeripheralClkDisable)
                  2000f05c    00000028     simplelink.a : driver.obj (.text:_SlDrvGlobalObjUnLock)
                  2000f084    00000028                  : driver.obj (.text:_SlDrvProtectionObjUnLock)
                  2000f0ac    00000028                  : driver.obj (.text:_SlDrvSyncObjWaitForever)
                  2000f0d4    00000028     rtsv7M4_T_le_eabi.lib : memory.c.obj (.text:free_list_insert)
                  2000f0fc    00000028                           : memmov.c.obj (.text:memmove)
                  2000f124    00000026     simplelink.a : driver.obj (.text:_SlDrvObjLockWaitForever)
                  2000f14a    00000026     network_common.obj (.text)
                  2000f170    00000024     simplelink.a : cc_pal.obj (.text:DmaSpiSwIntHandler)
                  2000f194    00000024     driverlib.a : interrupt.obj (.text:IntUnregister)
                  2000f1b8    00000024                 : uart.obj (.text:UARTEnable)
                  2000f1dc    00000024     rtsv7M4_T_le_eabi.lib : boot_cortex_m.c.obj (.text:_c_int00_noargs:_c_int00_noargs)
                  2000f200    00000022     driverlib.a : gpio.obj (.text:GPIOIntStatus)
                  2000f222    00000022                 : i2c.obj (.text:I2CMasterSlaveAddrSet)
                  2000f244    00000022                 : spi.obj (.text:SPIReset)
                  2000f266    00000022                 : spi.obj (.text:SPIWordCountSet)
                  2000f288    00000020                 : gpio.obj (.text:GPIOPinWrite)
                  2000f2a8    00000020                 : interrupt.obj (.text:IntRegister)
                  2000f2c8    00000020     simplelink.a : cc_pal.obj (.text:NwpPrePowerOffTimout0)
                  2000f2e8    00000020     driverlib.a : spi.obj (.text:SPIDataGet)
                  2000f308    00000020     simplelink.a : cc_pal.obj (.text:TimerGetCurrentTimestamp)
                  2000f328    00000020                  : driver.obj (.text:_SlDrvObjUnLock)
                  2000f348    00000020                  : driver.obj (.text:_SlDrvSyncObjSignal)
                  2000f368    0000001e     driverlib.a : gpio.obj (.text:GPIOIntRegister)
                  2000f386    0000001e                 : i2c.obj (.text:I2CMasterIntStatusEx)
                  2000f3a4    0000001e                 : spi.obj (.text:SPIDataPut)
                  2000f3c2    0000001e                 : timer.obj (.text:TimerDisable)
                  2000f3e0    0000001e                 : timer.obj (.text:TimerEnable)
                  2000f3fe    0000001e                 : timer.obj (.text:TimerIntStatus)
                  2000f41c    0000001e                 : uart.obj (.text:UARTCharPut)
                  2000f43a    0000001e     simplelink.a : cc_pal.obj (.text:cc_UDMAChannelSelect)
                  2000f458    0000001c     driverlib.a : pin.obj (.text:PinTypeI2C)
                  2000f474    0000001c                 : systick.obj (.text:SysTickIntRegister)
                  2000f490    0000001c                 : timer.obj (.text:TimerValueGet)
                  2000f4ac    0000001c                 : uart.obj (.text:UARTCharGetNonBlocking)
                  2000f4c8    0000001c     simplelink.a : driver.obj (.text:_SlDrvStartMeasureTimeout)
                  2000f4e4    0000001c     rtsv7M4_T_le_eabi.lib : copy_zero_init.c.obj (.text:decompress:ZI:__TI_zero_init_nomemset:__TI_zero_init_nomemset)
                  2000f500    0000001c                           : memory.c.obj (.text:free_list_remove)
                  2000f51c    0000001c                           : memccpy.c.obj (.text:memccpy)
                  2000f538    0000001c     driverlib.a : udma.obj (.text:uDMAChannelEnable)
                  2000f554    0000001a                 : gpio.obj (.text:GPIOIntEnable)
                  2000f56e    0000001a                 : pin.obj (.text:PinTypeSPI)
                  2000f588    0000001a                 : pin.obj (.text:PinTypeUART)
                  2000f5a2    0000001a                 : spi.obj (.text:SPIDmaDisable)
                  2000f5bc    0000001a                 : spi.obj (.text:SPIDmaEnable)
                  2000f5d6    0000001a                 : spi.obj (.text:SPIFIFODisable)
                  2000f5f0    0000001a                 : spi.obj (.text:SPIFIFOEnable)
                  2000f60a    0000001a                 : spi.obj (.text:SPIIntUnregister)
                  2000f624    00000018                 : gpio.obj (.text:GPIOPinRead)
                  2000f63c    00000018                 : i2c.obj (.text:I2CMasterIntEnableEx)
                  2000f654    00000018                 : spi.obj (.text:SPICSDisable)
                  2000f66c    00000018                 : spi.obj (.text:SPICSEnable)
                  2000f684    00000018                 : spi.obj (.text:SPIDisable)
                  2000f69c    00000018                 : spi.obj (.text:SPIEnable)
                  2000f6b4    00000018                 : systick.obj (.text:SysTickPeriodSet)
                  2000f6cc    00000018                 : timer.obj (.text:TimerIntDisable)
                  2000f6e4    00000018                 : timer.obj (.text:TimerIntEnable)
                  2000f6fc    00000018                 : uart.obj (.text:UARTCharsAvail)
                  2000f714    00000018     simplelink.a : nonos.obj (.text:_SlNonOsSemSet)
                  2000f72c    00000018     rtsv7M4_T_le_eabi.lib : vsnprintf.c.obj (.text:_outc)
                  2000f744    00000018                           : sprintf.c.obj (.text:_outs)
                  2000f75c    00000018     simplelink.a : device.obj (.text:_sl_GetStartResponseConvert)
                  2000f774    00000018     rtsv7M4_T_le_eabi.lib : strcmp.c.obj (.text:strcmp)
                  2000f78c    00000016     driverlib.a : i2c.obj (.text:I2CMasterDataPut)
                  2000f7a2    00000016                 : i2c.obj (.text:I2CMasterEnable)
                  2000f7b8    00000016                 : i2c.obj (.text:I2CMasterIntClear)
                  2000f7ce    00000016                 : prcm.obj (.text:PRCMHIBRegRead)
                  2000f7e4    00000016                 : prcm.obj (.text:PRCMHIBRegWrite)
                  2000f7fa    00000016     simplelink.a : driver.obj (.text:_SlDrvMemZero)
                  2000f810    00000016     rtsv7M4_T_le_eabi.lib : strchr.c.obj (.text:strchr)
                  2000f826    00000014     driverlib.a : cpu.obj (.text:CPUcpsie)
                  2000f83a    00000014                 : gpio.obj (.text:GPIOIntClear)
                  2000f84e    00000002     --HOLE-- [fill = 0]
                  2000f850    00000014                 : interrupt.obj (.text:IntVTableBaseSet)
                  2000f864    00000014     rtsv7M4_T_le_eabi.lib : strcpy.c.obj (.text:strcpy)
                  2000f878    00000014                           : strlen.c.obj (.text:strlen)
                  2000f88c    00000012     driverlib.a : i2c.obj (.text:I2CMasterControl)
                  2000f89e    00000012                 : i2c.obj (.text:I2CMasterTimeoutSet)
                  2000f8b0    00000012                 : timer.obj (.text:TimerIntClear)
                  2000f8c2    00000012     rtsv7M4_T_le_eabi.lib : wcslen.c.obj (.text:wcslen)
                  2000f8d4    00000010     driverlib.a : systick.obj (.text:SysTickEnable)
                  2000f8e4    00000010     simplelink.a : driver.obj (.text:_SlDrvDispatchHttpServerEvents)
                  2000f8f4    0000000e     driverlib.a : i2c.obj (.text:I2CMasterDataGet)
                  2000f902    0000000e     simplelink.a : driver.obj (.text:_SlDrvResetCmdExt)
                  2000f910    0000000e     rtsv7M4_T_le_eabi.lib : copy_decompress_none.c.obj (.text:decompress:none:__TI_decompress_none)
                  2000f91e    0000000e     startup_ccs.obj (.text)
                  2000f92c    0000000c     simplelink.a : cc_pal.obj (.text:NwpMaskInterrupt)
                  2000f938    0000000c                  : cc_pal.obj (.text:NwpUnMaskInterrupt)
                  2000f944    0000000c     driverlib.a : systick.obj (.text:SysTickValueGet)
                  2000f950    0000000c     rtsv7M4_T_le_eabi.lib : s_copysign.c.obj (.text:copysign)
                  2000f95c    0000000a     driverlib.a : interrupt.obj (.text:IntMasterEnable)
                  2000f966    0000000a     rtsv7M4_T_le_eabi.lib : sprintf.c.obj (.text:_outc)
                  2000f970    00000008                           : errno.c.obj (.text:__aeabi_errno_addr)
                  2000f978    00000008                           : memory.c.obj (.text:malloc)
                  2000f980    00000006     driverlib.a : utils.obj (.text:UtilsDelay)
                  2000f986    00000004     rtsv7M4_T_le_eabi.lib : pre_init.c.obj (.text:_system_pre_init)
                  2000f98a    00000004                           : exit.c.obj (.text:abort:abort)

.const     0    2000f990    00000b74     
                  2000f990    000004fb     Adafruit_GFX.obj (.const:.string:font)
                  2000fe8b    00000101     rtsv7M4_T_le_eabi.lib : ctype.c.obj (.const:.string:_ctypes_)
                  2000ff8c    00000100     driverlib.a : pin.obj (.const:g_ulPinToPadMap)
                  2001008c    000000d4                 : interrupt.obj (.const:g_pulRegs)
                  20010160    000000a8                 : prcm.obj (.const:PRCM_PeriphRegsList)
                  20010208    0000003c     simplelink.a : driver.obj (.const:OpcodeTranslateTable)
                  20010244    00000038                  : driver.obj (.const:_SlActionLookupTable)
                  2001027c    00000030     awsconnect.obj (.const:$P$T7$8)
                  200102ac    0000002e     awsconnect.obj (.const:.string)
                  200102da    00000002     --HOLE-- [fill = 0]
                  200102dc    0000002c     awsconnect.obj (.const:$P$T1$2)
                  20010308    00000024     driverlib.a : spi.obj (.const:g_ppulSPIIntMap)
                  2001032c    00000022     awsconnect.obj (.const:.string:$P$T0$1)
                  2001034e    00000002     --HOLE-- [fill = 0]
                  20010350    00000020     simplelink.a : driver.obj (.const:RxMsgClassLUT)
                  20010370    00000018     driverlib.a : interrupt.obj (.const:g_pulDisRegs)
                  20010388    00000018                 : interrupt.obj (.const:g_pulEnRegs)
                  200103a0    00000018                 : interrupt.obj (.const:g_pulUnpendRegs)
                  200103b8    00000018                 : spi.obj (.const:g_ulSPIDmaMaskMap)
                  200103d0    00000016     main.obj (.const:.string:$P$T2$3)
                  200103e6    00000015     awsconnect.obj (.const:.string:$P$T6$7)
                  200103fb    00000001     --HOLE-- [fill = 0]
                  200103fc    00000014     simplelink.a : driver.obj (.const:$P$T0$1)
                  20010410    00000014                  : nonos.obj (.const:$P$T0$1)
                  20010424    00000014     awsconnect.obj (.const:$P$T2$3)
                  20010438    00000013     main.obj (.const:.string:$P$T0$1)
                  2001044b    00000010     simplelink.a : socket.obj (.const:.string:_SlPayloadByProtocolLUT)
                  2001045b    00000001     --HOLE-- [fill = 0]
                  2001045c    0000000c     awsconnect.obj (.const:$P$T4$5)
                  20010468    0000000c     awsconnect.obj (.const:.string:$P$T3$4)
                  20010474    00000009     main.obj (.const:.string:$P$T1$2)
                  2001047d    00000009     awsconnect.obj (.const:.string:$P$T5$6)
                  20010486    00000008     simplelink.a : device.obj (.const:StartResponseLUT)
                  2001048e    00000002     --HOLE-- [fill = 0]
                  20010490    00000008                  : driver.obj (.const:g_H2NCnysPattern)
                  20010498    00000008                  : driver.obj (.const:g_H2NSyncPattern)
                  200104a0    00000006     PN532_CC3200.obj (.const:.string:$P$T2$3)
                  200104a6    00000004     simplelink.a : wlan.obj (.const:$P$T0$1)
                  200104aa    00000004                  : socket.obj (.const:$P$T2$3)
                  200104ae    00000004     PN532_CC3200.obj (.const:.string:$P$T0$1)
                  200104b2    00000004     PN532_CC3200.obj (.const:.string:$P$T1$2)
                  200104b6    00000004     simplelink.a : device.obj (.const:_SlDeviceGetCmdCtrl)
                  200104ba    00000004                  : device.obj (.const:_SlDeviceSetCmdCtrl)
                  200104be    00000004                  : netapp.obj (.const:_SlGetHostByNameCtrl)
                  200104c2    00000004                  : netapp.obj (.const:_SlNetAppSendTokenValueCmdCtrl)
                  200104c6    00000004                  : netcfg.obj (.const:_SlNetCfgSetCmdCtrl)
                  200104ca    00000004                  : wlan.obj (.const:_SlPolicySetCmdCtrl)
                  200104ce    00000004                  : wlan.obj (.const:_SlProfileDelCmdCtrl)
                  200104d2    00000004                  : socket.obj (.const:_SlRecvCmdCtrl)
                  200104d6    00000004                  : netapp.obj (.const:_SlRegisterServiceCtrl)
                  200104da    00000004                  : wlan.obj (.const:_SlRxFilterSetCmdCtrl)
                  200104de    00000004                  : socket.obj (.const:_SlSendCmdCtrl)
                  200104e2    00000004                  : socket.obj (.const:_SlSetSockOptCmdCtrl)
                  200104e6    00000004                  : socket.obj (.const:_SlSockCloseCmdCtrl)
                  200104ea    00000004                  : socket.obj (.const:_SlSockSocketCmdCtrl)
                  200104ee    00000004                  : device.obj (.const:_SlStopCmdCtrl)
                  200104f2    00000004                  : wlan.obj (.const:_SlWlanCfgSetCmdCtrl)
                  200104f6    00000004                  : wlan.obj (.const:_SlWlanSetModeCmdCtrl)
                  200104fa    00000002     --HOLE-- [fill = 0]
                  200104fc    00000004                  : driver.obj (.const:httpServer_callbacks)
                  20010500    00000004                  : driver.obj (.const:netApp_callbacks)

.cinit     0    20010508    00000080     
                  20010508    00000059     (.cinit..data.load) [load image, compression = lzss]
                  20010561    00000003     --HOLE-- [fill = 0]
                  20010564    0000000c     (__TI_handler_table)
                  20010570    00000008     (.cinit..bss.load) [load image, compression = zero_init]
                  20010578    00000010     (__TI_cinit_table)

.sysmem    0    20017000    00008000     UNINITIALIZED
                  20017000    00000010     rtsv7M4_T_le_eabi.lib : memory.c.obj (.sysmem)
                  20017010    00007ff0     --HOLE--

.bss       0    2001f000    0000023c     UNINITIALIZED
                  2001f000    00000168     simplelink.a : driver.obj (.bss:g_StatMem)
                  2001f168    00000050     (.common:g_ucDinDout)
                  2001f1b8    0000002c     (.common:g_time)
                  2001f1e4    00000024     (.common:g_ucConnectionSSID)
                  2001f208    00000010     (.common:psw)
                  2001f218    00000008     (.common:g_ucConnectionBSSID)
                  2001f220    00000004     main.obj (.bss)
                  2001f224    00000004     uart_if.obj (.bss)
                  2001f228    00000004     (.common:g_inputMode)
                  2001f22c    00000004     (.common:pin63_intcount)
                  2001f230    00000004     (.common:realTime)
                  2001f234    00000001     (.common:RxIrqCnt)
                  2001f235    00000001     (.common:g_bDeviceRestartIsRequired)
                  2001f236    00000001     (.common:g_cDummy)
                  2001f237    00000001     (.common:g_lastInt)
                  2001f238    00000001     (.common:g_ucLED1Pin)
                  2001f239    00000001     (.common:g_ucLED2Pin)
                  2001f23a    00000001     (.common:g_ucLED3Pin)
                  2001f23b    00000001     (.common:pin63_intflag)

.data      0    2001f240    00000120     UNINITIALIZED
                  2001f240    00000040     main.obj (.data)
                  2001f280    0000003c     simplelink.a : nonos.obj (.data:g__SlNonOsCB)
                  2001f2bc    00000015     Adafruit_GFX.obj (.data)
                  2001f2d1    00000003     --HOLE--
                  2001f2d4    00000014     gpio_if.obj (.data:ulReg)
                  2001f2e8    00000010     main.obj (.data:PASSWORD)
                  2001f2f8    00000010     awsconnect.obj (.data)
                  2001f308    0000000d     main.obj (.data:gpioArr)
                  2001f315    00000003     --HOLE--
                  2001f318    0000000d     simplelink.a : driver.obj (.data)
                  2001f325    00000003     --HOLE--
                  2001f328    0000000c     gpio_if.obj (.data)
                  2001f334    00000009     simplelink.a : cc_pal.obj (.data)
                  2001f33d    00000003     --HOLE--
                  2001f340    00000008     rtsv7M4_T_le_eabi.lib : _lock.c.obj (.data:$O1$$)
                  2001f348    00000008                           : memory.c.obj (.data:$O1$$)
                  2001f350    00000008     main.obj (.data:pin63)
                  2001f358    00000004     rtsv7M4_T_le_eabi.lib : errno.c.obj (.data)
                  2001f35c    00000004     simplelink.a : driver.obj (.data:wlan_callbacks)

.stack     0    2002f000    00001000     UNINITIALIZED
                  2002f000    00000004     rtsv7M4_T_le_eabi.lib : boot_cortex_m.c.obj (.stack)
                  2002f004    00000ffc     --HOLE--

__llvm_prf_cnts 
*          0    20017000    00000000     UNINITIALIZED

MODULE SUMMARY

       Module                       code    ro data   rw data
       ------                       ----    -------   -------
    .\
       awsconnect.obj               5852    246       104    
       Adafruit_GFX.obj             2688    1275      21     
       main.obj                     2720    50        135    
       Adafruit_OLED.obj            1194    0         0      
       startup_ccs.obj              14      1024      0      
       gpio_if.obj                  920     0         35     
       i2c_if.obj                   672     0         0      
       PN532_CC3200.obj             656     14        0      
       uart_if.obj                  636     0         4      
       timer_if.obj                 408     0         0      
       pin_mux_config.obj           360     0         0      
       network_common.obj           38      0         0      
    +--+----------------------------+-------+---------+---------+
       Total:                       16158   2609      299    
                                                             
    C:/ti/CC3200SDK_1.3.0/cc3200-sdk/driverlib/ccs/Release/driverlib.a
       prcm.obj                     852     168       0      
       spi.obj                      860     60        0      
       interrupt.obj                608     284       0      
       udma.obj                     604     0         0      
       pin.obj                      328     256       0      
       timer.obj                    552     0         0      
       gpio.obj                     422     0         0      
       i2c.obj                      380     0         0      
       uart.obj                     284     0         0      
       systick.obj                  80      0         0      
       cpu.obj                      20      0         0      
       utils.obj                    6       0         0      
    +--+----------------------------+-------+---------+---------+
       Total:                       4996    768       0      
                                                             
    C:/ti/CC3200SDK_1.3.0/cc3200-sdk/simplelink/ccs/NON_OS/simplelink.a
       driver.obj                   7906    192       379    
       cc_pal.obj                   1820    0         90     
       socket.obj                   1830    40        0      
       netapp.obj                   1572    12        0      
       wlan.obj                     1316    24        0      
       device.obj                   1230    20        0      
       nonos.obj                    416     20        60     
       netcfg.obj                   152     4         0      
    +--+----------------------------+-------+---------+---------+
       Total:                       16242   312       529    
                                                             
    D:\ccs\ccs\tools\compiler\ti-cgt-arm_20.2.5.LTS\lib\rtsv7M4_T_le_eabi.lib
       _printfi.c.obj               4835    0         0      
       memory.c.obj                 900     0         8      
       fd_add_t2.asm.obj            438     0         0      
       fd_div_t2.asm.obj            310     0         0      
       strtol.c.obj                 304     0         0      
       fd_cmp_t2.asm.obj            268     0         0      
       ctype.c.obj                  0       257       0      
       fd_mul_t2.asm.obj            252     0         0      
       s_scalbn.c.obj               208     0         0      
       memcpy_t2.asm.obj            156     0         0      
       ull_div_t2.asm.obj           150     0         0      
       vsnprintf.c.obj              136     0         0      
       memset_t2.asm.obj            122     0         0      
       copy_decompress_lzss.c.obj   104     0         0      
       sprintf.c.obj                98      0         0      
       s_frexp.c.obj                92      0         0      
       _ltoa.c.obj                  84      0         0      
       atoi.c.obj                   76      0         0      
       fd_toi_t2.asm.obj            72      0         0      
       autoinit.c.obj               68      0         0      
       strncpy.c.obj                54      0         0      
       i_tofd_t2.asm.obj            46      0         0      
       memmov.c.obj                 40      0         0      
       boot_cortex_m.c.obj          36      0         0      
       copy_zero_init.c.obj         28      0         0      
       memccpy.c.obj                28      0         0      
       strcmp.c.obj                 24      0         0      
       strchr.c.obj                 22      0         0      
       strcpy.c.obj                 20      0         0      
       strlen.c.obj                 20      0         0      
       wcslen.c.obj                 18      0         0      
       copy_decompress_none.c.obj   14      0         0      
       errno.c.obj                  8       0         4      
       s_copysign.c.obj             12      0         0      
       _lock.c.obj                  2       0         8      
       exit.c.obj                   4       0         0      
       pre_init.c.obj               4       0         0      
       div0.asm.obj                 2       0         0      
    +--+----------------------------+-------+---------+---------+
       Total:                       9055    257       20     
                                                             
       Heap:                        0       0         32768  
       Stack:                       0       0         4096   
       Linker Generated:            0       125       0      
    +--+----------------------------+-------+---------+---------+
       Grand Total:                 46451   4071      37712  


LINKER GENERATED COPY TABLES

__TI_cinit_table @ 20010578 records: 2, size/record: 8, table size: 16
	.data: load addr=20010508, load size=00000059 bytes, run addr=2001f240, run size=00000120 bytes, compression=lzss
	.bss: load addr=20010570, load size=00000008 bytes, run addr=2001f000, run size=0000023c bytes, compression=zero_init


LINKER GENERATED HANDLER TABLE

__TI_handler_table @ 20010564 records: 3, size/record: 4, table size: 12
	index: 0, handler: __TI_decompress_lzss
	index: 1, handler: __TI_decompress_none
	index: 2, handler: __TI_zero_init


GLOBAL SYMBOLS: SORTED ALPHABETICALLY BY Name 

address   name                                  
-------   ----                                  
20008071  Adafruit_Init                         
2000f98b  C$$EXIT                               
2000f827  CPUcpsie                              
20009011  ClearTerm                             
200081eb  Color565                              
20004935  ConfigureSimpleLinkToDefaultState     
200061ed  DebugRoutine                          
2000f171  DmaSpiSwIntHandler                    
2000901b  Error                                 
2000ed71  GPIODirModeSet                        
2000f83b  GPIOIntClear                          
2000f555  GPIOIntEnable                         
2000f369  GPIOIntRegister                       
2000f201  GPIOIntStatus                         
2000d7cd  GPIOIntTypeSet                        
2000f625  GPIOPinRead                           
2000f289  GPIOPinWrite                          
20008749  GPIO_IF_ConfigureNIntEnable           
200087d5  GPIO_IF_Get                           
20008703  GPIO_IF_GetPortNPin                   
200084c5  GPIO_IF_LedConfigure                  
200085b7  GPIO_IF_LedOff                        
20008503  GPIO_IF_LedOn                         
2000866b  GPIO_IF_LedStatus                     
200086d5  GPIO_IF_LedToggle                     
20008791  GPIO_IF_Set                           
20009053  GetCmd                                
2000f88d  I2CMasterControl                      
2000f8f5  I2CMasterDataGet                      
2000f78d  I2CMasterDataPut                      
2000f7a3  I2CMasterEnable                       
2000ef03  I2CMasterErr                          
2000d6c5  I2CMasterInitExpClk                   
2000f7b9  I2CMasterIntClear                     
2000f63d  I2CMasterIntEnableEx                  
2000f387  I2CMasterIntStatusEx                  
2000f223  I2CMasterSlaveAddrSet                 
2000f89f  I2CMasterTimeoutSet                   
20008aab  I2C_IF_Close                          
20008a4f  I2C_IF_Open                           
2000894d  I2C_IF_Read                           
20008a09  I2C_IF_ReadFrom                       
2000889d  I2C_IF_Write                          
20008fd1  InitTerm                              
20004641  InitializeAppVariables                
2000c835  IntDisable                            
2000c8dd  IntEnable                             
2000f95d  IntMasterEnable                       
2000e219  IntPendClear                          
2000e321  IntPrioritySet                        
2000f2a9  IntRegister                           
2000f195  IntUnregister                         
2000f851  IntVTableBaseSet                      
200060e3  MasterMain                            
20008fef  Message                               
2000f92d  NwpMaskInterrupt                      
2000ed01  NwpPowerOff                           
2000ef31  NwpPowerOn                            
2000f2c9  NwpPrePowerOffTimout0                 
2000eb59  NwpRegisterInterruptHandler           
2000f939  NwpUnMaskInterrupt                    
20006089  OLEDIdle                              
20006057  OLEDInit                              
20005da5  OLEDPrintString                       
20010208  OpcodeTranslateTable                  
20006f27  Outstr                                
2001f2e8  PASSWORD                              
2000a639  PRCMCC3200MCUInit                     
2000f7cf  PRCMHIBRegRead                        
2000f7e5  PRCMHIBRegWrite                       
2000f035  PRCMPeripheralClkDisable              
2000ec11  PRCMPeripheralClkEnable               
2000d031  PRCMPeripheralClockGet                
2000e271  PRCMPeripheralReset                   
2000eddd  PRCMPeripheralStatusGet               
2000ef5d  PRCMSysResetCauseGet                  
2000d531  PinConfigSet                          
2000e9d9  PinModeSet                            
2000a921  PinMuxConfig                          
2000ee45  PinTypeGPIO                           
2000f459  PinTypeI2C                            
2000f56f  PinTypeSPI                            
2000f589  PinTypeUART                           
20009191  Report                                
2000f91f  ResetISR                              
2001f234  RxIrqCnt                              
20008b73  SAMConfig                             
2000f655  SPICSDisable                          
2000f66d  SPICSEnable                           
2000ca29  SPIConfigSetExpClk                    
2000f2e9  SPIDataGet                            
2000f3a5  SPIDataPut                            
2000f685  SPIDisable                            
2000f5a3  SPIDmaDisable                         
2000f5bd  SPIDmaEnable                          
2000f69d  SPIEnable                             
2000f5d7  SPIFIFODisable                        
2000f5f1  SPIFIFOEnable                         
2000ee11  SPIFIFOLevelSet                       
2000e725  SPIIntClear                           
2000e515  SPIIntEnable                          
2000f60b  SPIIntUnregister                      
2000f245  SPIReset                              
2000f267  SPIWordCountSet                       
200045d5  SimpleLinkGeneralEventHandler         
200045b1  SimpleLinkHttpServerCallback          
2000450f  SimpleLinkNetAppEventHandler          
200045f5  SimpleLinkSockEventHandler            
20004401  SimpleLinkWlanEventHandler            
2000f8d5  SysTickEnable                         
2000f475  SysTickIntRegister                    
2000f6b5  SysTickPeriodSet                      
2000f945  SysTickValueGet                       
2000612d  SystickInit                           
20006143  SystickReset                          
20006111  TimerBaseIntHandler                   
2000e841  TimerConfigure                        
2000f3c3  TimerDisable                          
2000f3e1  TimerEnable                           
2000f309  TimerGetCurrentTimestamp              
2000f8b1  TimerIntClear                         
2000f6cd  TimerIntDisable                       
2000f6e5  TimerIntEnable                        
2000dbb1  TimerIntRegister                      
2000f3ff  TimerIntStatus                        
2000ddd9  TimerIntUnregister                    
2000efe1  TimerLoadSet                          
2000f00b  TimerPrescaleSet                      
2000f491  TimerValueGet                         
2000a2cb  Timer_IF_DeInit                       
2000a2fd  Timer_IF_GetCount                     
2000a205  Timer_IF_Init                         
2000a237  Timer_IF_IntSetup                     
2000a283  Timer_IF_InterruptClear               
2000a2e5  Timer_IF_ReLoad                       
2000a29b  Timer_IF_Start                        
2000a2bb  Timer_IF_Stop                         
200090f9  TrimSpace                             
2000f4ad  UARTCharGetNonBlocking                
2000f41d  UARTCharPut                           
2000f6fd  UARTCharsAvail                        
2000dac5  UARTConfigSetExpClk                   
2000ee75  UARTDisable                           
2000f1b9  UARTEnable                            
2000f981  UtilsDelay                            
20004c61  WlanConnect                           
20010244  _SlActionLookupTable                  
2000c985  _SlDriverHandleError                  
2000e76d  _SlDrvBasicCmd                        
2000c611  _SlDrvCmdOp                           
2000dd01  _SlDrvCmdSend                         
200096fd  _SlDrvDataReadOp                      
2000aa89  _SlDrvDataWriteOp                     
2000cc05  _SlDrvDeviceEventHandler              
2000f8e5  _SlDrvDispatchHttpServerEvents        
2000b351  _SlDrvDriverCBDeinit                  
20009e35  _SlDrvDriverCBInit                    
2000f05d  _SlDrvGlobalObjUnLock                 
2000e885  _SlDrvHandleHttpServerEvents          
2000ea19  _SlDrvHandleNetAppEvents              
2000ea59  _SlDrvHandleWlanEvents                
2000d38d  _SlDrvIsTimeoutExpired                
2000f7fb  _SlDrvMemZero                         
2000be75  _SlDrvMsgReadSpawnCtx                 
2000b6d1  _SlDrvNetAppEventHandler              
2000f125  _SlDrvObjLockWaitForever              
2000f329  _SlDrvObjUnLock                       
2000e5ad  _SlDrvProtectAsyncRespSetting         
2000efb5  _SlDrvProtectionObjLockWaitForever    
2000f085  _SlDrvProtectionObjUnLock             
200098e1  _SlDrvReleasePoolObj                  
2000f903  _SlDrvResetCmdExt                     
2000e375  _SlDrvRxIrqHandler                    
2000f4c9  _SlDrvStartMeasureTimeout             
2000f349  _SlDrvSyncObjSignal                   
2000f0ad  _SlDrvSyncObjWaitForever              
2000e8c9  _SlDrvSyncObjWaitTimeout              
2000a31d  _SlDrvWaitForPoolObj                  
200104c2  _SlNetAppSendTokenValueCmdCtrl        
2000db3d  _SlNonOsMainLoopTask                  
2000c785  _SlNonOsSemGet                        
2000f715  _SlNonOsSemSet                        
2000dea9  _SlNonOsSpawn                         
20030000  __STACK_END                           
00001000  __STACK_SIZE                          
00008000  __SYSMEM_SIZE                         
20010578  __TI_CINIT_Base                       
20010588  __TI_CINIT_Limit                      
20010564  __TI_Handler_Table_Base               
20010570  __TI_Handler_Table_Limit              
2000e90d  __TI_auto_init_nobinit_nopinit        
2000de41  __TI_decompress_lzss                  
2000f911  __TI_decompress_none                  
2000e3c9  __TI_ltoa                             
ffffffff  __TI_pprof_out_hndl                   
20006ffd  __TI_printfi                          
ffffffff  __TI_prof_data_size                   
ffffffff  __TI_prof_data_start                  
20010508  __TI_static_base__                    
2000f4e5  __TI_zero_init_nomemset               
2000d5b9  __aeabi_cdcmpeq                       
2000d5b9  __aeabi_cdcmple                       
2000d63f  __aeabi_cdrcmple                      
2000e7b5  __aeabi_d2iz                          
20009c87  __aeabi_dadd                          
2000b0e5  __aeabi_ddiv                          
2000b8d5  __aeabi_dmul                          
20009c7d  __aeabi_dsub                          
2000f971  __aeabi_errno_addr                    
2000eed5  __aeabi_i2d                           
20009e33  __aeabi_idiv0                         
20009e33  __aeabi_ldiv0                         
2000d9d1  __aeabi_memclr                        
2000d9d1  __aeabi_memclr4                       
2000d9d1  __aeabi_memclr8                       
2000cb69  __aeabi_memcpy                        
2000cb69  __aeabi_memcpy4                       
2000cb69  __aeabi_memcpy8                       
2000d9d3  __aeabi_memset                        
2000d9d3  __aeabi_memset4                       
2000d9d3  __aeabi_memset8                       
2000cf99  __aeabi_uldivmod                      
ffffffff  __binit__                             
ffffffff  __c_args__                            
UNDEFED   __mpu_init                            
2002f000  __stack                               
20017000  __start___llvm_prf_cnts               
20017000  __stop___llvm_prf_cnts                
2000f1dd  _c_int00_noargs                       
2000fe8b  _ctypes_                              
2001f340  _lock                                 
20008487  _nop                                  
2000df0d  _sl_HandleAsync_Accept                
2000d851  _sl_HandleAsync_Connect               
2000d0c5  _sl_HandleAsync_DnsGetHostByName      
2000c3b5  _sl_HandleAsync_DnsGetHostByService   
2000d419  _sl_HandleAsync_InitComplete          
2000d155  _sl_HandleAsync_PingResponse          
2000e41d  _sl_HandleAsync_Select                
2000e4c5  _sl_HandleAsync_Stop                  
2000dd6d  _sl_NetAppSendTokenValue              
20017000  _sys_memory                           
UNDEFED   _system_post_cinit                    
2000f987  _system_pre_init                      
2001f344  _unlock                               
2000f98b  abort                                 
2000b7d5  aligned_alloc                         
2000e645  atoi                                  
ffffffff  binit                                 
20006183  codeCountDiff                         
2001f274  colorCounter                          
20005015  connectToAccessPoint                  
2000f951  copysign                              
2000f951  copysignl                             
2001f268  currentColor                          
2001f2bc  cursor_x                              
2001f2c0  cursor_y                              
20005af9  decodeDEC                             
20006ddb  drawChar                              
2000657d  drawCircle                            
200066b1  drawCircleHelper                      
20008391  drawFastHLine                         
200082f5  drawFastVLine                         
200068f7  drawLine                              
2000842d  drawPixel                             
200069e3  drawRect                              
20006a31  drawRoundRect                         
20006b99  drawTriangle                          
20006153  edgeTickDiff                          
2001f358  errno                                 
200067cf  fillCircle                            
20006809  fillCircleHelper                      
20008243  fillRect                              
20006b1f  fillRoundRect                         
2000822d  fillScreen                            
20006bdb  fillTriangle                          
2000bf5d  free                                  
2000e1bd  frexp                                 
2000e1bd  frexpl                                
2001f304  g_Host                                
2001f318  g_SlDeviceStatus                      
2001f334  g_SpiFd                               
2001f280  g__SlNonOsCB                          
2001f235  g_bDeviceRestartIsRequired            
2001f236  g_cDummy                              
2001f248  g_codeCountLast                       
2001f258  g_codeTicksElapsed                    
2001f228  g_inputMode                           
2001f237  g_lastInt                             
2001f31c  g_pCB                                 
2001f338  g_pHostIntHdl                         
20004000  g_pfnVectors                          
2001f250  g_ticksElapsed                        
2001f244  g_ticksLast                           
2001f1b8  g_time                                
2001f218  g_ucConnectionBSSID                   
2001f1e4  g_ucConnectionSSID                    
2001f33c  g_ucDMAEnabled                        
2001f168  g_ucDinDout                           
2001f238  g_ucLED1Pin                           
2001f239  g_ucLED2Pin                           
2001f23a  g_ucLED3Pin                           
2001f328  g_uiLED1Port                          
2001f32c  g_uiLED2Port                          
2001f330  g_uiLED3Port                          
2001f300  g_ulGatewayIP                         
2001f2fc  g_ulPingPacketsRecv                   
2001f2f8  g_ulStatus                            
2001f260  g_ulTimerInts                         
20008ac1  getFirmwareVersion                    
2000577d  getRealTime                           
200081a7  goTo                                  
2001f308  gpioArr                               
20006fdb  height                                
200058b1  httpGetTime                           
20005359  http_post                             
2001f240  ifTime                                
2001f278  inputMode                             
2000846b  invert                                
2000c2e5  ldexp                                 
2000c2e5  ldexpl                                
20006361  main                                  
2000f979  malloc                                
2000b7d5  memalign                              
2000f51d  memccpy                               
2000cb69  memcpy                                
2000f0fd  memmove                               
2000d9d9  memset                                
2001f27c  pArr                                  
2001f320  pPingCallBackFunc                     
2001f22c  pin63_intcount                        
2001f23b  pin63_intflag                         
20004d2f  printErrConvenience                   
2001f208  psw                                   
20008c1f  readPassiveTargetID                   
2001f230  realTime                              
2000c041  realloc                               
2000c2e5  scalbn                                
2000c2e5  scalbnl                               
20006f73  setCursor                             
20006fab  setTextColor                          
20006f8b  setTextSize                           
20006fc3  setTextWrap                           
20004d81  set_time                              
2000ec4d  simplelink_timerA2_start              
2000e09d  sl_Close                              
2000a4ad  sl_Connect                            
2000c481  sl_DevGet                             
2000cca1  sl_DevSet                             
2000e995  sl_Htonl                              
2000ec89  sl_Htons                              
2000ae65  sl_NetAppDnsGetHostByName             
2000c125  sl_NetAppMDNSRegisterUnregisterService
2000df71  sl_NetAppMDNSUnRegisterService        
2000cd39  sl_NetCfgSet                          
2000f14b  sl_Provisioning_HttpServerEventHdl    
2000f159  sl_Provisioning_NetAppEventHdl        
2000f165  sl_Provisioning_WlanEventHdl          
2000cac9  sl_Recv                               
2000b21d  sl_Send                               
2000cdd1  sl_SetSockOpt                         
2000d4a5  sl_Socket                             
2000bca1  sl_Start                              
2000b9d1  sl_Stop                               
20008d51  sl_WlanConnect                        
2000ed39  sl_WlanDisconnect                     
2000d1e5  sl_WlanPolicySet                      
2000e0fd  sl_WlanProfileDel                     
2000d749  sl_WlanRxFilterSet                    
2000ce69  sl_WlanSet                            
2000e15d  sl_WlanSetMode                        
2000da4d  spi_Close                             
2000abd9  spi_Open                              
2000bac1  spi_Read                              
2000cf01  spi_Write                             
2000ead9  sprintf                               
2000f811  strchr                                
2000f775  strcmp                                
2000f865  strcpy                                
2000f879  strlen                                
2000eda7  strncpy                               
2000b481  strtol                                
2001f2cc  textbgcolor                           
2001f2c8  textcolor                             
2001f2c4  textsize                              
20005f59  timeDisplay                           
20004e51  tls_connect                           
2000e691  uDMAChannelAssign                     
2000dfd5  uDMAChannelAttributeDisable           
2000e039  uDMAChannelAttributeEnable            
2000ecc5  uDMAChannelControlSet                 
2000f539  uDMAChannelEnable                     
2000bbb1  uDMAChannelTransferSet                
2000eb19  vsnprintf                             
2000f8c3  wcslen                                
20006fd7  width                                 
2001f2d0  wrap                                  
20007fdd  writeCommand                          
20008027  writeData                             
2001f26c  x                                     
2001f270  y                                     


GLOBAL SYMBOLS: SORTED BY Symbol Address 

address   name                                  
-------   ----                                  
00001000  __STACK_SIZE                          
00008000  __SYSMEM_SIZE                         
20004000  g_pfnVectors                          
20004401  SimpleLinkWlanEventHandler            
2000450f  SimpleLinkNetAppEventHandler          
200045b1  SimpleLinkHttpServerCallback          
200045d5  SimpleLinkGeneralEventHandler         
200045f5  SimpleLinkSockEventHandler            
20004641  InitializeAppVariables                
20004935  ConfigureSimpleLinkToDefaultState     
20004c61  WlanConnect                           
20004d2f  printErrConvenience                   
20004d81  set_time                              
20004e51  tls_connect                           
20005015  connectToAccessPoint                  
20005359  http_post                             
2000577d  getRealTime                           
200058b1  httpGetTime                           
20005af9  decodeDEC                             
20005da5  OLEDPrintString                       
20005f59  timeDisplay                           
20006057  OLEDInit                              
20006089  OLEDIdle                              
200060e3  MasterMain                            
20006111  TimerBaseIntHandler                   
2000612d  SystickInit                           
20006143  SystickReset                          
20006153  edgeTickDiff                          
20006183  codeCountDiff                         
200061ed  DebugRoutine                          
20006361  main                                  
2000657d  drawCircle                            
200066b1  drawCircleHelper                      
200067cf  fillCircle                            
20006809  fillCircleHelper                      
200068f7  drawLine                              
200069e3  drawRect                              
20006a31  drawRoundRect                         
20006b1f  fillRoundRect                         
20006b99  drawTriangle                          
20006bdb  fillTriangle                          
20006ddb  drawChar                              
20006f27  Outstr                                
20006f73  setCursor                             
20006f8b  setTextSize                           
20006fab  setTextColor                          
20006fc3  setTextWrap                           
20006fd7  width                                 
20006fdb  height                                
20006ffd  __TI_printfi                          
20007fdd  writeCommand                          
20008027  writeData                             
20008071  Adafruit_Init                         
200081a7  goTo                                  
200081eb  Color565                              
2000822d  fillScreen                            
20008243  fillRect                              
200082f5  drawFastVLine                         
20008391  drawFastHLine                         
2000842d  drawPixel                             
2000846b  invert                                
20008487  _nop                                  
200084c5  GPIO_IF_LedConfigure                  
20008503  GPIO_IF_LedOn                         
200085b7  GPIO_IF_LedOff                        
2000866b  GPIO_IF_LedStatus                     
200086d5  GPIO_IF_LedToggle                     
20008703  GPIO_IF_GetPortNPin                   
20008749  GPIO_IF_ConfigureNIntEnable           
20008791  GPIO_IF_Set                           
200087d5  GPIO_IF_Get                           
2000889d  I2C_IF_Write                          
2000894d  I2C_IF_Read                           
20008a09  I2C_IF_ReadFrom                       
20008a4f  I2C_IF_Open                           
20008aab  I2C_IF_Close                          
20008ac1  getFirmwareVersion                    
20008b73  SAMConfig                             
20008c1f  readPassiveTargetID                   
20008d51  sl_WlanConnect                        
20008fd1  InitTerm                              
20008fef  Message                               
20009011  ClearTerm                             
2000901b  Error                                 
20009053  GetCmd                                
200090f9  TrimSpace                             
20009191  Report                                
200096fd  _SlDrvDataReadOp                      
200098e1  _SlDrvReleasePoolObj                  
20009c7d  __aeabi_dsub                          
20009c87  __aeabi_dadd                          
20009e33  __aeabi_idiv0                         
20009e33  __aeabi_ldiv0                         
20009e35  _SlDrvDriverCBInit                    
2000a205  Timer_IF_Init                         
2000a237  Timer_IF_IntSetup                     
2000a283  Timer_IF_InterruptClear               
2000a29b  Timer_IF_Start                        
2000a2bb  Timer_IF_Stop                         
2000a2cb  Timer_IF_DeInit                       
2000a2e5  Timer_IF_ReLoad                       
2000a2fd  Timer_IF_GetCount                     
2000a31d  _SlDrvWaitForPoolObj                  
2000a4ad  sl_Connect                            
2000a639  PRCMCC3200MCUInit                     
2000a921  PinMuxConfig                          
2000aa89  _SlDrvDataWriteOp                     
2000abd9  spi_Open                              
2000ae65  sl_NetAppDnsGetHostByName             
2000b0e5  __aeabi_ddiv                          
2000b21d  sl_Send                               
2000b351  _SlDrvDriverCBDeinit                  
2000b481  strtol                                
2000b6d1  _SlDrvNetAppEventHandler              
2000b7d5  aligned_alloc                         
2000b7d5  memalign                              
2000b8d5  __aeabi_dmul                          
2000b9d1  sl_Stop                               
2000bac1  spi_Read                              
2000bbb1  uDMAChannelTransferSet                
2000bca1  sl_Start                              
2000be75  _SlDrvMsgReadSpawnCtx                 
2000bf5d  free                                  
2000c041  realloc                               
2000c125  sl_NetAppMDNSRegisterUnregisterService
2000c2e5  ldexp                                 
2000c2e5  ldexpl                                
2000c2e5  scalbn                                
2000c2e5  scalbnl                               
2000c3b5  _sl_HandleAsync_DnsGetHostByService   
2000c481  sl_DevGet                             
2000c611  _SlDrvCmdOp                           
2000c785  _SlNonOsSemGet                        
2000c835  IntDisable                            
2000c8dd  IntEnable                             
2000c985  _SlDriverHandleError                  
2000ca29  SPIConfigSetExpClk                    
2000cac9  sl_Recv                               
2000cb69  __aeabi_memcpy                        
2000cb69  __aeabi_memcpy4                       
2000cb69  __aeabi_memcpy8                       
2000cb69  memcpy                                
2000cc05  _SlDrvDeviceEventHandler              
2000cca1  sl_DevSet                             
2000cd39  sl_NetCfgSet                          
2000cdd1  sl_SetSockOpt                         
2000ce69  sl_WlanSet                            
2000cf01  spi_Write                             
2000cf99  __aeabi_uldivmod                      
2000d031  PRCMPeripheralClockGet                
2000d0c5  _sl_HandleAsync_DnsGetHostByName      
2000d155  _sl_HandleAsync_PingResponse          
2000d1e5  sl_WlanPolicySet                      
2000d38d  _SlDrvIsTimeoutExpired                
2000d419  _sl_HandleAsync_InitComplete          
2000d4a5  sl_Socket                             
2000d531  PinConfigSet                          
2000d5b9  __aeabi_cdcmpeq                       
2000d5b9  __aeabi_cdcmple                       
2000d63f  __aeabi_cdrcmple                      
2000d6c5  I2CMasterInitExpClk                   
2000d749  sl_WlanRxFilterSet                    
2000d7cd  GPIOIntTypeSet                        
2000d851  _sl_HandleAsync_Connect               
2000d9d1  __aeabi_memclr                        
2000d9d1  __aeabi_memclr4                       
2000d9d1  __aeabi_memclr8                       
2000d9d3  __aeabi_memset                        
2000d9d3  __aeabi_memset4                       
2000d9d3  __aeabi_memset8                       
2000d9d9  memset                                
2000da4d  spi_Close                             
2000dac5  UARTConfigSetExpClk                   
2000db3d  _SlNonOsMainLoopTask                  
2000dbb1  TimerIntRegister                      
2000dd01  _SlDrvCmdSend                         
2000dd6d  _sl_NetAppSendTokenValue              
2000ddd9  TimerIntUnregister                    
2000de41  __TI_decompress_lzss                  
2000dea9  _SlNonOsSpawn                         
2000df0d  _sl_HandleAsync_Accept                
2000df71  sl_NetAppMDNSUnRegisterService        
2000dfd5  uDMAChannelAttributeDisable           
2000e039  uDMAChannelAttributeEnable            
2000e09d  sl_Close                              
2000e0fd  sl_WlanProfileDel                     
2000e15d  sl_WlanSetMode                        
2000e1bd  frexp                                 
2000e1bd  frexpl                                
2000e219  IntPendClear                          
2000e271  PRCMPeripheralReset                   
2000e321  IntPrioritySet                        
2000e375  _SlDrvRxIrqHandler                    
2000e3c9  __TI_ltoa                             
2000e41d  _sl_HandleAsync_Select                
2000e4c5  _sl_HandleAsync_Stop                  
2000e515  SPIIntEnable                          
2000e5ad  _SlDrvProtectAsyncRespSetting         
2000e645  atoi                                  
2000e691  uDMAChannelAssign                     
2000e725  SPIIntClear                           
2000e76d  _SlDrvBasicCmd                        
2000e7b5  __aeabi_d2iz                          
2000e841  TimerConfigure                        
2000e885  _SlDrvHandleHttpServerEvents          
2000e8c9  _SlDrvSyncObjWaitTimeout              
2000e90d  __TI_auto_init_nobinit_nopinit        
2000e995  sl_Htonl                              
2000e9d9  PinModeSet                            
2000ea19  _SlDrvHandleNetAppEvents              
2000ea59  _SlDrvHandleWlanEvents                
2000ead9  sprintf                               
2000eb19  vsnprintf                             
2000eb59  NwpRegisterInterruptHandler           
2000ec11  PRCMPeripheralClkEnable               
2000ec4d  simplelink_timerA2_start              
2000ec89  sl_Htons                              
2000ecc5  uDMAChannelControlSet                 
2000ed01  NwpPowerOff                           
2000ed39  sl_WlanDisconnect                     
2000ed71  GPIODirModeSet                        
2000eda7  strncpy                               
2000eddd  PRCMPeripheralStatusGet               
2000ee11  SPIFIFOLevelSet                       
2000ee45  PinTypeGPIO                           
2000ee75  UARTDisable                           
2000eed5  __aeabi_i2d                           
2000ef03  I2CMasterErr                          
2000ef31  NwpPowerOn                            
2000ef5d  PRCMSysResetCauseGet                  
2000efb5  _SlDrvProtectionObjLockWaitForever    
2000efe1  TimerLoadSet                          
2000f00b  TimerPrescaleSet                      
2000f035  PRCMPeripheralClkDisable              
2000f05d  _SlDrvGlobalObjUnLock                 
2000f085  _SlDrvProtectionObjUnLock             
2000f0ad  _SlDrvSyncObjWaitForever              
2000f0fd  memmove                               
2000f125  _SlDrvObjLockWaitForever              
2000f14b  sl_Provisioning_HttpServerEventHdl    
2000f159  sl_Provisioning_NetAppEventHdl        
2000f165  sl_Provisioning_WlanEventHdl          
2000f171  DmaSpiSwIntHandler                    
2000f195  IntUnregister                         
2000f1b9  UARTEnable                            
2000f1dd  _c_int00_noargs                       
2000f201  GPIOIntStatus                         
2000f223  I2CMasterSlaveAddrSet                 
2000f245  SPIReset                              
2000f267  SPIWordCountSet                       
2000f289  GPIOPinWrite                          
2000f2a9  IntRegister                           
2000f2c9  NwpPrePowerOffTimout0                 
2000f2e9  SPIDataGet                            
2000f309  TimerGetCurrentTimestamp              
2000f329  _SlDrvObjUnLock                       
2000f349  _SlDrvSyncObjSignal                   
2000f369  GPIOIntRegister                       
2000f387  I2CMasterIntStatusEx                  
2000f3a5  SPIDataPut                            
2000f3c3  TimerDisable                          
2000f3e1  TimerEnable                           
2000f3ff  TimerIntStatus                        
2000f41d  UARTCharPut                           
2000f459  PinTypeI2C                            
2000f475  SysTickIntRegister                    
2000f491  TimerValueGet                         
2000f4ad  UARTCharGetNonBlocking                
2000f4c9  _SlDrvStartMeasureTimeout             
2000f4e5  __TI_zero_init_nomemset               
2000f51d  memccpy                               
2000f539  uDMAChannelEnable                     
2000f555  GPIOIntEnable                         
2000f56f  PinTypeSPI                            
2000f589  PinTypeUART                           
2000f5a3  SPIDmaDisable                         
2000f5bd  SPIDmaEnable                          
2000f5d7  SPIFIFODisable                        
2000f5f1  SPIFIFOEnable                         
2000f60b  SPIIntUnregister                      
2000f625  GPIOPinRead                           
2000f63d  I2CMasterIntEnableEx                  
2000f655  SPICSDisable                          
2000f66d  SPICSEnable                           
2000f685  SPIDisable                            
2000f69d  SPIEnable                             
2000f6b5  SysTickPeriodSet                      
2000f6cd  TimerIntDisable                       
2000f6e5  TimerIntEnable                        
2000f6fd  UARTCharsAvail                        
2000f715  _SlNonOsSemSet                        
2000f775  strcmp                                
2000f78d  I2CMasterDataPut                      
2000f7a3  I2CMasterEnable                       
2000f7b9  I2CMasterIntClear                     
2000f7cf  PRCMHIBRegRead                        
2000f7e5  PRCMHIBRegWrite                       
2000f7fb  _SlDrvMemZero                         
2000f811  strchr                                
2000f827  CPUcpsie                              
2000f83b  GPIOIntClear                          
2000f851  IntVTableBaseSet                      
2000f865  strcpy                                
2000f879  strlen                                
2000f88d  I2CMasterControl                      
2000f89f  I2CMasterTimeoutSet                   
2000f8b1  TimerIntClear                         
2000f8c3  wcslen                                
2000f8d5  SysTickEnable                         
2000f8e5  _SlDrvDispatchHttpServerEvents        
2000f8f5  I2CMasterDataGet                      
2000f903  _SlDrvResetCmdExt                     
2000f911  __TI_decompress_none                  
2000f91f  ResetISR                              
2000f92d  NwpMaskInterrupt                      
2000f939  NwpUnMaskInterrupt                    
2000f945  SysTickValueGet                       
2000f951  copysign                              
2000f951  copysignl                             
2000f95d  IntMasterEnable                       
2000f971  __aeabi_errno_addr                    
2000f979  malloc                                
2000f981  UtilsDelay                            
2000f987  _system_pre_init                      
2000f98b  C$$EXIT                               
2000f98b  abort                                 
2000fe8b  _ctypes_                              
20010208  OpcodeTranslateTable                  
20010244  _SlActionLookupTable                  
200104c2  _SlNetAppSendTokenValueCmdCtrl        
20010508  __TI_static_base__                    
20010564  __TI_Handler_Table_Base               
20010570  __TI_Handler_Table_Limit              
20010578  __TI_CINIT_Base                       
20010588  __TI_CINIT_Limit                      
20017000  __start___llvm_prf_cnts               
20017000  __stop___llvm_prf_cnts                
20017000  _sys_memory                           
2001f168  g_ucDinDout                           
2001f1b8  g_time                                
2001f1e4  g_ucConnectionSSID                    
2001f208  psw                                   
2001f218  g_ucConnectionBSSID                   
2001f228  g_inputMode                           
2001f22c  pin63_intcount                        
2001f230  realTime                              
2001f234  RxIrqCnt                              
2001f235  g_bDeviceRestartIsRequired            
2001f236  g_cDummy                              
2001f237  g_lastInt                             
2001f238  g_ucLED1Pin                           
2001f239  g_ucLED2Pin                           
2001f23a  g_ucLED3Pin                           
2001f23b  pin63_intflag                         
2001f240  ifTime                                
2001f244  g_ticksLast                           
2001f248  g_codeCountLast                       
2001f250  g_ticksElapsed                        
2001f258  g_codeTicksElapsed                    
2001f260  g_ulTimerInts                         
2001f268  currentColor                          
2001f26c  x                                     
2001f270  y                                     
2001f274  colorCounter                          
2001f278  inputMode                             
2001f27c  pArr                                  
2001f280  g__SlNonOsCB                          
2001f2bc  cursor_x                              
2001f2c0  cursor_y                              
2001f2c4  textsize                              
2001f2c8  textcolor                             
2001f2cc  textbgcolor                           
2001f2d0  wrap                                  
2001f2e8  PASSWORD                              
2001f2f8  g_ulStatus                            
2001f2fc  g_ulPingPacketsRecv                   
2001f300  g_ulGatewayIP                         
2001f304  g_Host                                
2001f308  gpioArr                               
2001f318  g_SlDeviceStatus                      
2001f31c  g_pCB                                 
2001f320  pPingCallBackFunc                     
2001f328  g_uiLED1Port                          
2001f32c  g_uiLED2Port                          
2001f330  g_uiLED3Port                          
2001f334  g_SpiFd                               
2001f338  g_pHostIntHdl                         
2001f33c  g_ucDMAEnabled                        
2001f340  _lock                                 
2001f344  _unlock                               
2001f358  errno                                 
2002f000  __stack                               
20030000  __STACK_END                           
ffffffff  __TI_pprof_out_hndl                   
ffffffff  __TI_prof_data_size                   
ffffffff  __TI_prof_data_start                  
ffffffff  __binit__                             
ffffffff  __c_args__                            
ffffffff  binit                                 
UNDEFED   __mpu_init                            
UNDEFED   _system_post_cinit                    

[401 symbols]
