<?xml version="1.0" encoding="ISO-8859-1" ?>
<link_info>
   <banner>TI ARM Linker PC v20.2.5.LTS</banner>
   <copyright>Copyright (c) 1996-2018 Texas Instruments Incorporated</copyright>
   <link_time>0x622bde08</link_time>
   <link_errors>0x0</link_errors>
   <output_file>SSL_REST_API_AWS_W19.out</output_file>
   <entry_point>
      <name>_c_int00_noargs</name>
      <address>0x2000f1dd</address>
   </entry_point>
   <input_file_list>
      <input_file id="fl-2">
         <path>.\</path>
         <kind>object</kind>
         <file>Adafruit_GFX.obj</file>
         <name>Adafruit_GFX.obj</name>
      </input_file>
      <input_file id="fl-3">
         <path>.\</path>
         <kind>object</kind>
         <file>Adafruit_OLED.obj</file>
         <name>Adafruit_OLED.obj</name>
      </input_file>
      <input_file id="fl-4">
         <path>.\</path>
         <kind>object</kind>
         <file>PN532_CC3200.obj</file>
         <name>PN532_CC3200.obj</name>
      </input_file>
      <input_file id="fl-5">
         <path>.\</path>
         <kind>object</kind>
         <file>awsconnect.obj</file>
         <name>awsconnect.obj</name>
      </input_file>
      <input_file id="fl-6">
         <path>.\</path>
         <kind>object</kind>
         <file>gpio_if.obj</file>
         <name>gpio_if.obj</name>
      </input_file>
      <input_file id="fl-7">
         <path>.\</path>
         <kind>object</kind>
         <file>i2c_if.obj</file>
         <name>i2c_if.obj</name>
      </input_file>
      <input_file id="fl-8">
         <path>.\</path>
         <kind>object</kind>
         <file>main.obj</file>
         <name>main.obj</name>
      </input_file>
      <input_file id="fl-9">
         <path>.\</path>
         <kind>object</kind>
         <file>network_common.obj</file>
         <name>network_common.obj</name>
      </input_file>
      <input_file id="fl-a">
         <path>.\</path>
         <kind>object</kind>
         <file>pin_mux_config.obj</file>
         <name>pin_mux_config.obj</name>
      </input_file>
      <input_file id="fl-b">
         <path>.\</path>
         <kind>object</kind>
         <file>startup_ccs.obj</file>
         <name>startup_ccs.obj</name>
      </input_file>
      <input_file id="fl-c">
         <path>.\</path>
         <kind>object</kind>
         <file>timer_if.obj</file>
         <name>timer_if.obj</name>
      </input_file>
      <input_file id="fl-d">
         <path>.\</path>
         <kind>object</kind>
         <file>uart_if.obj</file>
         <name>uart_if.obj</name>
      </input_file>
      <input_file id="fl-13">
         <kind>object</kind>
         <file>&lt;internal&gt;</file>
         <name>&lt;internal&gt;</name>
      </input_file>
      <input_file id="fl-c9">
         <path>D:\ccs\ccs\tools\compiler\ti-cgt-arm_20.2.5.LTS\lib\</path>
         <kind>archive</kind>
         <file>rtsv7M4_T_le_eabi.lib</file>
         <name>sprintf.c.obj</name>
      </input_file>
      <input_file id="fl-ca">
         <path>D:\ccs\ccs\tools\compiler\ti-cgt-arm_20.2.5.LTS\lib\</path>
         <kind>archive</kind>
         <file>rtsv7M4_T_le_eabi.lib</file>
         <name>vsnprintf.c.obj</name>
      </input_file>
      <input_file id="fl-cb">
         <path>D:\ccs\ccs\tools\compiler\ti-cgt-arm_20.2.5.LTS\lib\</path>
         <kind>archive</kind>
         <file>rtsv7M4_T_le_eabi.lib</file>
         <name>memcpy_t2.asm.obj</name>
      </input_file>
      <input_file id="fl-cc">
         <path>D:\ccs\ccs\tools\compiler\ti-cgt-arm_20.2.5.LTS\lib\</path>
         <kind>archive</kind>
         <file>rtsv7M4_T_le_eabi.lib</file>
         <name>memset_t2.asm.obj</name>
      </input_file>
      <input_file id="fl-cd">
         <path>D:\ccs\ccs\tools\compiler\ti-cgt-arm_20.2.5.LTS\lib\</path>
         <kind>archive</kind>
         <file>rtsv7M4_T_le_eabi.lib</file>
         <name>copy_zero_init.c.obj</name>
      </input_file>
      <input_file id="fl-ce">
         <path>D:\ccs\ccs\tools\compiler\ti-cgt-arm_20.2.5.LTS\lib\</path>
         <kind>archive</kind>
         <file>rtsv7M4_T_le_eabi.lib</file>
         <name>copy_decompress_none.c.obj</name>
      </input_file>
      <input_file id="fl-cf">
         <path>D:\ccs\ccs\tools\compiler\ti-cgt-arm_20.2.5.LTS\lib\</path>
         <kind>archive</kind>
         <file>rtsv7M4_T_le_eabi.lib</file>
         <name>copy_decompress_lzss.c.obj</name>
      </input_file>
      <input_file id="fl-d0">
         <path>D:\ccs\ccs\tools\compiler\ti-cgt-arm_20.2.5.LTS\lib\</path>
         <kind>archive</kind>
         <file>rtsv7M4_T_le_eabi.lib</file>
         <name>memmov.c.obj</name>
      </input_file>
      <input_file id="fl-d1">
         <path>D:\ccs\ccs\tools\compiler\ti-cgt-arm_20.2.5.LTS\lib\</path>
         <kind>archive</kind>
         <file>rtsv7M4_T_le_eabi.lib</file>
         <name>memory.c.obj</name>
      </input_file>
      <input_file id="fl-d2">
         <path>D:\ccs\ccs\tools\compiler\ti-cgt-arm_20.2.5.LTS\lib\</path>
         <kind>archive</kind>
         <file>rtsv7M4_T_le_eabi.lib</file>
         <name>strchr.c.obj</name>
      </input_file>
      <input_file id="fl-d3">
         <path>D:\ccs\ccs\tools\compiler\ti-cgt-arm_20.2.5.LTS\lib\</path>
         <kind>archive</kind>
         <file>rtsv7M4_T_le_eabi.lib</file>
         <name>strcmp.c.obj</name>
      </input_file>
      <input_file id="fl-d4">
         <path>D:\ccs\ccs\tools\compiler\ti-cgt-arm_20.2.5.LTS\lib\</path>
         <kind>archive</kind>
         <file>rtsv7M4_T_le_eabi.lib</file>
         <name>strcpy.c.obj</name>
      </input_file>
      <input_file id="fl-d5">
         <path>D:\ccs\ccs\tools\compiler\ti-cgt-arm_20.2.5.LTS\lib\</path>
         <kind>archive</kind>
         <file>rtsv7M4_T_le_eabi.lib</file>
         <name>strlen.c.obj</name>
      </input_file>
      <input_file id="fl-d6">
         <path>D:\ccs\ccs\tools\compiler\ti-cgt-arm_20.2.5.LTS\lib\</path>
         <kind>archive</kind>
         <file>rtsv7M4_T_le_eabi.lib</file>
         <name>strncpy.c.obj</name>
      </input_file>
      <input_file id="fl-d7">
         <path>D:\ccs\ccs\tools\compiler\ti-cgt-arm_20.2.5.LTS\lib\</path>
         <kind>archive</kind>
         <file>rtsv7M4_T_le_eabi.lib</file>
         <name>strtol.c.obj</name>
      </input_file>
      <input_file id="fl-d8">
         <path>D:\ccs\ccs\tools\compiler\ti-cgt-arm_20.2.5.LTS\lib\</path>
         <kind>archive</kind>
         <file>rtsv7M4_T_le_eabi.lib</file>
         <name>errno.c.obj</name>
      </input_file>
      <input_file id="fl-d9">
         <path>D:\ccs\ccs\tools\compiler\ti-cgt-arm_20.2.5.LTS\lib\</path>
         <kind>archive</kind>
         <file>rtsv7M4_T_le_eabi.lib</file>
         <name>boot_cortex_m.c.obj</name>
      </input_file>
      <input_file id="fl-da">
         <path>D:\ccs\ccs\tools\compiler\ti-cgt-arm_20.2.5.LTS\lib\</path>
         <kind>archive</kind>
         <file>rtsv7M4_T_le_eabi.lib</file>
         <name>_printfi.c.obj</name>
      </input_file>
      <input_file id="fl-db">
         <path>D:\ccs\ccs\tools\compiler\ti-cgt-arm_20.2.5.LTS\lib\</path>
         <kind>archive</kind>
         <file>rtsv7M4_T_le_eabi.lib</file>
         <name>s_frexp.c.obj</name>
      </input_file>
      <input_file id="fl-dc">
         <path>D:\ccs\ccs\tools\compiler\ti-cgt-arm_20.2.5.LTS\lib\</path>
         <kind>archive</kind>
         <file>rtsv7M4_T_le_eabi.lib</file>
         <name>s_scalbn.c.obj</name>
      </input_file>
      <input_file id="fl-dd">
         <path>D:\ccs\ccs\tools\compiler\ti-cgt-arm_20.2.5.LTS\lib\</path>
         <kind>archive</kind>
         <file>rtsv7M4_T_le_eabi.lib</file>
         <name>wcslen.c.obj</name>
      </input_file>
      <input_file id="fl-de">
         <path>D:\ccs\ccs\tools\compiler\ti-cgt-arm_20.2.5.LTS\lib\</path>
         <kind>archive</kind>
         <file>rtsv7M4_T_le_eabi.lib</file>
         <name>fd_add_t2.asm.obj</name>
      </input_file>
      <input_file id="fl-df">
         <path>D:\ccs\ccs\tools\compiler\ti-cgt-arm_20.2.5.LTS\lib\</path>
         <kind>archive</kind>
         <file>rtsv7M4_T_le_eabi.lib</file>
         <name>fd_cmp_t2.asm.obj</name>
      </input_file>
      <input_file id="fl-e0">
         <path>D:\ccs\ccs\tools\compiler\ti-cgt-arm_20.2.5.LTS\lib\</path>
         <kind>archive</kind>
         <file>rtsv7M4_T_le_eabi.lib</file>
         <name>fd_div_t2.asm.obj</name>
      </input_file>
      <input_file id="fl-e1">
         <path>D:\ccs\ccs\tools\compiler\ti-cgt-arm_20.2.5.LTS\lib\</path>
         <kind>archive</kind>
         <file>rtsv7M4_T_le_eabi.lib</file>
         <name>fd_mul_t2.asm.obj</name>
      </input_file>
      <input_file id="fl-e2">
         <path>D:\ccs\ccs\tools\compiler\ti-cgt-arm_20.2.5.LTS\lib\</path>
         <kind>archive</kind>
         <file>rtsv7M4_T_le_eabi.lib</file>
         <name>fd_toi_t2.asm.obj</name>
      </input_file>
      <input_file id="fl-e3">
         <path>D:\ccs\ccs\tools\compiler\ti-cgt-arm_20.2.5.LTS\lib\</path>
         <kind>archive</kind>
         <file>rtsv7M4_T_le_eabi.lib</file>
         <name>i_tofd_t2.asm.obj</name>
      </input_file>
      <input_file id="fl-e4">
         <path>D:\ccs\ccs\tools\compiler\ti-cgt-arm_20.2.5.LTS\lib\</path>
         <kind>archive</kind>
         <file>rtsv7M4_T_le_eabi.lib</file>
         <name>ull_div_t2.asm.obj</name>
      </input_file>
      <input_file id="fl-e5">
         <path>D:\ccs\ccs\tools\compiler\ti-cgt-arm_20.2.5.LTS\lib\</path>
         <kind>archive</kind>
         <file>rtsv7M4_T_le_eabi.lib</file>
         <name>autoinit.c.obj</name>
      </input_file>
      <input_file id="fl-e6">
         <path>D:\ccs\ccs\tools\compiler\ti-cgt-arm_20.2.5.LTS\lib\</path>
         <kind>archive</kind>
         <file>rtsv7M4_T_le_eabi.lib</file>
         <name>pre_init.c.obj</name>
      </input_file>
      <input_file id="fl-e7">
         <path>D:\ccs\ccs\tools\compiler\ti-cgt-arm_20.2.5.LTS\lib\</path>
         <kind>archive</kind>
         <file>rtsv7M4_T_le_eabi.lib</file>
         <name>cpy_tbl.c.obj</name>
      </input_file>
      <input_file id="fl-e8">
         <path>D:\ccs\ccs\tools\compiler\ti-cgt-arm_20.2.5.LTS\lib\</path>
         <kind>archive</kind>
         <file>rtsv7M4_T_le_eabi.lib</file>
         <name>exit.c.obj</name>
      </input_file>
      <input_file id="fl-e9">
         <path>D:\ccs\ccs\tools\compiler\ti-cgt-arm_20.2.5.LTS\lib\</path>
         <kind>archive</kind>
         <file>rtsv7M4_T_le_eabi.lib</file>
         <name>_lock.c.obj</name>
      </input_file>
      <input_file id="fl-ea">
         <path>D:\ccs\ccs\tools\compiler\ti-cgt-arm_20.2.5.LTS\lib\</path>
         <kind>archive</kind>
         <file>rtsv7M4_T_le_eabi.lib</file>
         <name>_ltoa.c.obj</name>
      </input_file>
      <input_file id="fl-eb">
         <path>D:\ccs\ccs\tools\compiler\ti-cgt-arm_20.2.5.LTS\lib\</path>
         <kind>archive</kind>
         <file>rtsv7M4_T_le_eabi.lib</file>
         <name>args_main.c.obj</name>
      </input_file>
      <input_file id="fl-ec">
         <path>D:\ccs\ccs\tools\compiler\ti-cgt-arm_20.2.5.LTS\lib\</path>
         <kind>archive</kind>
         <file>rtsv7M4_T_le_eabi.lib</file>
         <name>atoi.c.obj</name>
      </input_file>
      <input_file id="fl-ed">
         <path>D:\ccs\ccs\tools\compiler\ti-cgt-arm_20.2.5.LTS\lib\</path>
         <kind>archive</kind>
         <file>rtsv7M4_T_le_eabi.lib</file>
         <name>ctype.c.obj</name>
      </input_file>
      <input_file id="fl-ee">
         <path>D:\ccs\ccs\tools\compiler\ti-cgt-arm_20.2.5.LTS\lib\</path>
         <kind>archive</kind>
         <file>rtsv7M4_T_le_eabi.lib</file>
         <name>memccpy.c.obj</name>
      </input_file>
      <input_file id="fl-ef">
         <path>D:\ccs\ccs\tools\compiler\ti-cgt-arm_20.2.5.LTS\lib\</path>
         <kind>archive</kind>
         <file>rtsv7M4_T_le_eabi.lib</file>
         <name>s_copysign.c.obj</name>
      </input_file>
      <input_file id="fl-f0">
         <path>D:\ccs\ccs\tools\compiler\ti-cgt-arm_20.2.5.LTS\lib\</path>
         <kind>archive</kind>
         <file>rtsv7M4_T_le_eabi.lib</file>
         <name>div0.asm.obj</name>
      </input_file>
      <input_file id="fl-f1">
         <path>C:\ti\CC3200SDK_1.3.0\cc3200-sdk\driverlib\ccs\Release\</path>
         <kind>archive</kind>
         <file>driverlib.a</file>
         <name>gpio.obj</name>
      </input_file>
      <input_file id="fl-f2">
         <path>C:\ti\CC3200SDK_1.3.0\cc3200-sdk\driverlib\ccs\Release\</path>
         <kind>archive</kind>
         <file>driverlib.a</file>
         <name>i2c.obj</name>
      </input_file>
      <input_file id="fl-f3">
         <path>C:\ti\CC3200SDK_1.3.0\cc3200-sdk\driverlib\ccs\Release\</path>
         <kind>archive</kind>
         <file>driverlib.a</file>
         <name>interrupt.obj</name>
      </input_file>
      <input_file id="fl-f4">
         <path>C:\ti\CC3200SDK_1.3.0\cc3200-sdk\driverlib\ccs\Release\</path>
         <kind>archive</kind>
         <file>driverlib.a</file>
         <name>pin.obj</name>
      </input_file>
      <input_file id="fl-f5">
         <path>C:\ti\CC3200SDK_1.3.0\cc3200-sdk\driverlib\ccs\Release\</path>
         <kind>archive</kind>
         <file>driverlib.a</file>
         <name>prcm.obj</name>
      </input_file>
      <input_file id="fl-f6">
         <path>C:\ti\CC3200SDK_1.3.0\cc3200-sdk\driverlib\ccs\Release\</path>
         <kind>archive</kind>
         <file>driverlib.a</file>
         <name>spi.obj</name>
      </input_file>
      <input_file id="fl-f7">
         <path>C:\ti\CC3200SDK_1.3.0\cc3200-sdk\driverlib\ccs\Release\</path>
         <kind>archive</kind>
         <file>driverlib.a</file>
         <name>systick.obj</name>
      </input_file>
      <input_file id="fl-f8">
         <path>C:\ti\CC3200SDK_1.3.0\cc3200-sdk\driverlib\ccs\Release\</path>
         <kind>archive</kind>
         <file>driverlib.a</file>
         <name>timer.obj</name>
      </input_file>
      <input_file id="fl-f9">
         <path>C:\ti\CC3200SDK_1.3.0\cc3200-sdk\driverlib\ccs\Release\</path>
         <kind>archive</kind>
         <file>driverlib.a</file>
         <name>uart.obj</name>
      </input_file>
      <input_file id="fl-fa">
         <path>C:\ti\CC3200SDK_1.3.0\cc3200-sdk\driverlib\ccs\Release\</path>
         <kind>archive</kind>
         <file>driverlib.a</file>
         <name>utils.obj</name>
      </input_file>
      <input_file id="fl-fb">
         <path>C:\ti\CC3200SDK_1.3.0\cc3200-sdk\driverlib\ccs\Release\</path>
         <kind>archive</kind>
         <file>driverlib.a</file>
         <name>cpu.obj</name>
      </input_file>
      <input_file id="fl-fc">
         <path>C:\ti\CC3200SDK_1.3.0\cc3200-sdk\driverlib\ccs\Release\</path>
         <kind>archive</kind>
         <file>driverlib.a</file>
         <name>flash.obj</name>
      </input_file>
      <input_file id="fl-fd">
         <path>C:\ti\CC3200SDK_1.3.0\cc3200-sdk\simplelink\ccs\NON_OS\</path>
         <kind>archive</kind>
         <file>simplelink.a</file>
         <name>device.obj</name>
      </input_file>
      <input_file id="fl-fe">
         <path>C:\ti\CC3200SDK_1.3.0\cc3200-sdk\simplelink\ccs\NON_OS\</path>
         <kind>archive</kind>
         <file>simplelink.a</file>
         <name>driver.obj</name>
      </input_file>
      <input_file id="fl-ff">
         <path>C:\ti\CC3200SDK_1.3.0\cc3200-sdk\simplelink\ccs\NON_OS\</path>
         <kind>archive</kind>
         <file>simplelink.a</file>
         <name>netapp.obj</name>
      </input_file>
      <input_file id="fl-100">
         <path>C:\ti\CC3200SDK_1.3.0\cc3200-sdk\simplelink\ccs\NON_OS\</path>
         <kind>archive</kind>
         <file>simplelink.a</file>
         <name>netcfg.obj</name>
      </input_file>
      <input_file id="fl-101">
         <path>C:\ti\CC3200SDK_1.3.0\cc3200-sdk\simplelink\ccs\NON_OS\</path>
         <kind>archive</kind>
         <file>simplelink.a</file>
         <name>nonos.obj</name>
      </input_file>
      <input_file id="fl-102">
         <path>C:\ti\CC3200SDK_1.3.0\cc3200-sdk\simplelink\ccs\NON_OS\</path>
         <kind>archive</kind>
         <file>simplelink.a</file>
         <name>socket.obj</name>
      </input_file>
      <input_file id="fl-103">
         <path>C:\ti\CC3200SDK_1.3.0\cc3200-sdk\simplelink\ccs\NON_OS\</path>
         <kind>archive</kind>
         <file>simplelink.a</file>
         <name>wlan.obj</name>
      </input_file>
      <input_file id="fl-104">
         <path>C:\ti\CC3200SDK_1.3.0\cc3200-sdk\simplelink\ccs\NON_OS\</path>
         <kind>archive</kind>
         <file>simplelink.a</file>
         <name>cc_pal.obj</name>
      </input_file>
      <input_file id="fl-105">
         <path>C:\ti\CC3200SDK_1.3.0\cc3200-sdk\driverlib\ccs\Release\</path>
         <kind>archive</kind>
         <file>driverlib.a</file>
         <name>udma.obj</name>
      </input_file>
   </input_file_list>
   <object_component_list>
      <object_component id="oc-12">
         <name>.intvecs</name>
         <load_address>0x20004000</load_address>
         <run_address>0x20004000</run_address>
         <size>0x400</size>
         <input_file_ref idref="fl-b"/>
      </object_component>
      <object_component id="oc-fe">
         <name>.text</name>
         <load_address>0x20004400</load_address>
         <run_address>0x20004400</run_address>
         <size>0x16dc</size>
         <input_file_ref idref="fl-5"/>
      </object_component>
      <object_component id="oc-97">
         <name>.text</name>
         <load_address>0x20005adc</load_address>
         <run_address>0x20005adc</run_address>
         <size>0xaa0</size>
         <input_file_ref idref="fl-8"/>
      </object_component>
      <object_component id="oc-f8">
         <name>.text</name>
         <load_address>0x2000657c</load_address>
         <run_address>0x2000657c</run_address>
         <size>0xa80</size>
         <input_file_ref idref="fl-2"/>
      </object_component>
      <object_component id="oc-4d1">
         <name>.text:__TI_printfi</name>
         <load_address>0x20006ffc</load_address>
         <run_address>0x20006ffc</run_address>
         <size>0xa4e</size>
         <input_file_ref idref="fl-da"/>
      </object_component>
      <object_component id="oc-85c">
         <name>.text:IntDefaultHandler</name>
         <load_address>0x20007a4a</load_address>
         <run_address>0x20007a4a</run_address>
         <size>0x2</size>
         <input_file_ref idref="fl-f3"/>
      </object_component>
      <object_component id="oc-87a">
         <name>.text:_SlDrvMsgRead</name>
         <load_address>0x20007a4c</load_address>
         <run_address>0x20007a4c</run_address>
         <size>0x590</size>
         <input_file_ref idref="fl-fe"/>
      </object_component>
      <object_component id="oc-11c">
         <name>.text</name>
         <load_address>0x20007fdc</load_address>
         <run_address>0x20007fdc</run_address>
         <size>0x4aa</size>
         <input_file_ref idref="fl-3"/>
      </object_component>
      <object_component id="oc-6eb">
         <name>.text:_nop</name>
         <load_address>0x20008486</load_address>
         <run_address>0x20008486</run_address>
         <size>0x2</size>
         <input_file_ref idref="fl-e9"/>
      </object_component>
      <object_component id="oc-2d5">
         <name>.text</name>
         <load_address>0x20008488</load_address>
         <run_address>0x20008488</run_address>
         <size>0x398</size>
         <input_file_ref idref="fl-6"/>
      </object_component>
      <object_component id="oc-17a">
         <name>.text</name>
         <load_address>0x20008820</load_address>
         <run_address>0x20008820</run_address>
         <size>0x2a0</size>
         <input_file_ref idref="fl-7"/>
      </object_component>
      <object_component id="oc-198">
         <name>.text</name>
         <load_address>0x20008ac0</load_address>
         <run_address>0x20008ac0</run_address>
         <size>0x290</size>
         <input_file_ref idref="fl-4"/>
      </object_component>
      <object_component id="oc-2cf">
         <name>.text:sl_WlanConnect</name>
         <load_address>0x20008d50</load_address>
         <run_address>0x20008d50</run_address>
         <size>0x280</size>
         <input_file_ref idref="fl-103"/>
      </object_component>
      <object_component id="oc-ef">
         <name>.text</name>
         <load_address>0x20008fd0</load_address>
         <run_address>0x20008fd0</run_address>
         <size>0x27c</size>
         <input_file_ref idref="fl-d"/>
      </object_component>
      <object_component id="oc-737">
         <name>.text:_pconv_a</name>
         <load_address>0x2000924c</load_address>
         <run_address>0x2000924c</run_address>
         <size>0x268</size>
         <input_file_ref idref="fl-da"/>
      </object_component>
      <object_component id="oc-975">
         <name>.text:_SlDrvRxHdrRead</name>
         <load_address>0x200094b4</load_address>
         <run_address>0x200094b4</run_address>
         <size>0x248</size>
         <input_file_ref idref="fl-fe"/>
      </object_component>
      <object_component id="oc-646">
         <name>.text:_SlDrvDataReadOp</name>
         <load_address>0x200096fc</load_address>
         <run_address>0x200096fc</run_address>
         <size>0x1e4</size>
         <input_file_ref idref="fl-fe"/>
      </object_component>
      <object_component id="oc-551">
         <name>.text:_SlDrvReleasePoolObj</name>
         <load_address>0x200098e0</load_address>
         <run_address>0x200098e0</run_address>
         <size>0x1d0</size>
         <input_file_ref idref="fl-fe"/>
      </object_component>
      <object_component id="oc-725">
         <name>.text:_pconv_g</name>
         <load_address>0x20009ab0</load_address>
         <run_address>0x20009ab0</run_address>
         <size>0x1cc</size>
         <input_file_ref idref="fl-da"/>
      </object_component>
      <object_component id="oc-8be">
         <name>.text</name>
         <load_address>0x20009c7c</load_address>
         <run_address>0x20009c7c</run_address>
         <size>0x1b6</size>
         <input_file_ref idref="fl-de"/>
      </object_component>
      <object_component id="oc-994">
         <name>.text</name>
         <load_address>0x20009e32</load_address>
         <run_address>0x20009e32</run_address>
         <size>0x2</size>
         <input_file_ref idref="fl-f0"/>
      </object_component>
      <object_component id="oc-527">
         <name>.text:_SlDrvDriverCBInit</name>
         <load_address>0x20009e34</load_address>
         <run_address>0x20009e34</run_address>
         <size>0x1b4</size>
         <input_file_ref idref="fl-fe"/>
      </object_component>
      <object_component id="oc-6c7">
         <name>.text:_SlDrvMsgWrite</name>
         <load_address>0x20009fe8</load_address>
         <run_address>0x20009fe8</run_address>
         <size>0x19c</size>
         <input_file_ref idref="fl-fe"/>
      </object_component>
      <object_component id="oc-122">
         <name>.text</name>
         <load_address>0x2000a184</load_address>
         <run_address>0x2000a184</run_address>
         <size>0x198</size>
         <input_file_ref idref="fl-c"/>
      </object_component>
      <object_component id="oc-5f2">
         <name>.text:_SlDrvWaitForPoolObj</name>
         <load_address>0x2000a31c</load_address>
         <run_address>0x2000a31c</run_address>
         <size>0x190</size>
         <input_file_ref idref="fl-fe"/>
      </object_component>
      <object_component id="oc-305">
         <name>.text:sl_Connect</name>
         <load_address>0x2000a4ac</load_address>
         <run_address>0x2000a4ac</run_address>
         <size>0x18c</size>
         <input_file_ref idref="fl-102"/>
      </object_component>
      <object_component id="oc-d7">
         <name>.text:PRCMCC3200MCUInit</name>
         <load_address>0x2000a638</load_address>
         <run_address>0x2000a638</run_address>
         <size>0x178</size>
         <input_file_ref idref="fl-f5"/>
      </object_component>
      <object_component id="oc-987">
         <name>.text:_SlFindAndSetActiveObj</name>
         <load_address>0x2000a7b0</load_address>
         <run_address>0x2000a7b0</run_address>
         <size>0x170</size>
         <input_file_ref idref="fl-fe"/>
      </object_component>
      <object_component id="oc-174">
         <name>.text</name>
         <load_address>0x2000a920</load_address>
         <run_address>0x2000a920</run_address>
         <size>0x168</size>
         <input_file_ref idref="fl-a"/>
      </object_component>
      <object_component id="oc-63c">
         <name>.text:_SlDrvDataWriteOp</name>
         <load_address>0x2000aa88</load_address>
         <run_address>0x2000aa88</run_address>
         <size>0x150</size>
         <input_file_ref idref="fl-fe"/>
      </object_component>
      <object_component id="oc-52d">
         <name>.text:spi_Open</name>
         <load_address>0x2000abd8</load_address>
         <run_address>0x2000abd8</run_address>
         <size>0x148</size>
         <input_file_ref idref="fl-104"/>
      </object_component>
      <object_component id="oc-6cd">
         <name>.text:_SlDrvMsgReadCmdCtx</name>
         <load_address>0x2000ad20</load_address>
         <run_address>0x2000ad20</run_address>
         <size>0x144</size>
         <input_file_ref idref="fl-fe"/>
      </object_component>
      <object_component id="oc-2e7">
         <name>.text:sl_NetAppDnsGetHostByName</name>
         <load_address>0x2000ae64</load_address>
         <run_address>0x2000ae64</run_address>
         <size>0x144</size>
         <input_file_ref idref="fl-ff"/>
      </object_component>
      <object_component id="oc-731">
         <name>.text:_pconv_e</name>
         <load_address>0x2000afa8</load_address>
         <run_address>0x2000afa8</run_address>
         <size>0x13c</size>
         <input_file_ref idref="fl-da"/>
      </object_component>
      <object_component id="oc-8a4">
         <name>.text</name>
         <load_address>0x2000b0e4</load_address>
         <run_address>0x2000b0e4</run_address>
         <size>0x136</size>
         <input_file_ref idref="fl-e0"/>
      </object_component>
      <object_component id="oc-312">
         <name>.text:sl_Send</name>
         <load_address>0x2000b21c</load_address>
         <run_address>0x2000b21c</run_address>
         <size>0x134</size>
         <input_file_ref idref="fl-102"/>
      </object_component>
      <object_component id="oc-585">
         <name>.text:_SlDrvDriverCBDeinit</name>
         <load_address>0x2000b350</load_address>
         <run_address>0x2000b350</run_address>
         <size>0x130</size>
         <input_file_ref idref="fl-fe"/>
      </object_component>
      <object_component id="oc-e3">
         <name>.text:strtol</name>
         <load_address>0x2000b480</load_address>
         <run_address>0x2000b480</run_address>
         <size>0x130</size>
         <input_file_ref idref="fl-d7"/>
      </object_component>
      <object_component id="oc-8d0">
         <name>.text:fcvt</name>
         <load_address>0x2000b5b0</load_address>
         <run_address>0x2000b5b0</run_address>
         <size>0x120</size>
         <input_file_ref idref="fl-da"/>
      </object_component>
      <object_component id="oc-9f4">
         <name>.text:_SlDrvNetAppEventHandler</name>
         <load_address>0x2000b6d0</load_address>
         <run_address>0x2000b6d0</run_address>
         <size>0x104</size>
         <input_file_ref idref="fl-ff"/>
      </object_component>
      <object_component id="oc-4f3">
         <name>.text:aligned_alloc</name>
         <load_address>0x2000b7d4</load_address>
         <run_address>0x2000b7d4</run_address>
         <size>0x100</size>
         <input_file_ref idref="fl-d1"/>
      </object_component>
      <object_component id="oc-89f">
         <name>.text</name>
         <load_address>0x2000b8d4</load_address>
         <run_address>0x2000b8d4</run_address>
         <size>0xfc</size>
         <input_file_ref idref="fl-e1"/>
      </object_component>
      <object_component id="oc-292">
         <name>.text:sl_Stop</name>
         <load_address>0x2000b9d0</load_address>
         <run_address>0x2000b9d0</run_address>
         <size>0xf0</size>
         <input_file_ref idref="fl-fd"/>
      </object_component>
      <object_component id="oc-981">
         <name>.text:spi_Read</name>
         <load_address>0x2000bac0</load_address>
         <run_address>0x2000bac0</run_address>
         <size>0xf0</size>
         <input_file_ref idref="fl-104"/>
      </object_component>
      <object_component id="oc-a38">
         <name>.text:uDMAChannelTransferSet</name>
         <load_address>0x2000bbb0</load_address>
         <run_address>0x2000bbb0</run_address>
         <size>0xf0</size>
         <input_file_ref idref="fl-105"/>
      </object_component>
      <object_component id="oc-280">
         <name>.text:sl_Start</name>
         <load_address>0x2000bca0</load_address>
         <run_address>0x2000bca0</run_address>
         <size>0xec</size>
         <input_file_ref idref="fl-fd"/>
      </object_component>
      <object_component id="oc-880">
         <name>.text:_SlAsyncEventGenericHandler</name>
         <load_address>0x2000bd8c</load_address>
         <run_address>0x2000bd8c</run_address>
         <size>0xe8</size>
         <input_file_ref idref="fl-fe"/>
      </object_component>
      <object_component id="oc-7df">
         <name>.text:_SlDrvMsgReadSpawnCtx</name>
         <load_address>0x2000be74</load_address>
         <run_address>0x2000be74</run_address>
         <size>0xe8</size>
         <input_file_ref idref="fl-fe"/>
      </object_component>
      <object_component id="oc-25a">
         <name>.text:free</name>
         <load_address>0x2000bf5c</load_address>
         <run_address>0x2000bf5c</run_address>
         <size>0xe4</size>
         <input_file_ref idref="fl-d1"/>
      </object_component>
      <object_component id="oc-254">
         <name>.text:realloc</name>
         <load_address>0x2000c040</load_address>
         <run_address>0x2000c040</run_address>
         <size>0xe4</size>
         <input_file_ref idref="fl-d1"/>
      </object_component>
      <object_component id="oc-5c0">
         <name>.text:sl_NetAppMDNSRegisterUnregisterService</name>
         <load_address>0x2000c124</load_address>
         <run_address>0x2000c124</run_address>
         <size>0xe4</size>
         <input_file_ref idref="fl-ff"/>
      </object_component>
      <object_component id="oc-97b">
         <name>.text:_SlDrvClassifyRxMsg</name>
         <load_address>0x2000c208</load_address>
         <run_address>0x2000c208</run_address>
         <size>0xdc</size>
         <input_file_ref idref="fl-fe"/>
      </object_component>
      <object_component id="oc-8e4">
         <name>.text:scalbn</name>
         <load_address>0x2000c2e4</load_address>
         <run_address>0x2000c2e4</run_address>
         <size>0xd0</size>
         <input_file_ref idref="fl-dc"/>
      </object_component>
      <object_component id="oc-a63">
         <name>.text:_sl_HandleAsync_DnsGetHostByService</name>
         <load_address>0x2000c3b4</load_address>
         <run_address>0x2000c3b4</run_address>
         <size>0xcc</size>
         <input_file_ref idref="fl-ff"/>
      </object_component>
      <object_component id="oc-298">
         <name>.text:sl_DevGet</name>
         <load_address>0x2000c480</load_address>
         <run_address>0x2000c480</run_address>
         <size>0xcc</size>
         <input_file_ref idref="fl-fd"/>
      </object_component>
      <object_component id="oc-7c8">
         <name>.text:_SlRemoveFromList</name>
         <load_address>0x2000c54c</load_address>
         <run_address>0x2000c54c</run_address>
         <size>0xc4</size>
         <input_file_ref idref="fl-fe"/>
      </object_component>
      <object_component id="oc-469">
         <name>.text:_SlDrvCmdOp</name>
         <load_address>0x2000c610</load_address>
         <run_address>0x2000c610</run_address>
         <size>0xc0</size>
         <input_file_ref idref="fl-fe"/>
      </object_component>
      <object_component id="oc-71a">
         <name>.text:_ltostr</name>
         <load_address>0x2000c6d0</load_address>
         <run_address>0x2000c6d0</run_address>
         <size>0xb1</size>
         <input_file_ref idref="fl-da"/>
      </object_component>
      <object_component id="oc-768">
         <name>.text:_SlNonOsSemGet</name>
         <load_address>0x2000c784</load_address>
         <run_address>0x2000c784</run_address>
         <size>0xb0</size>
         <input_file_ref idref="fl-101"/>
      </object_component>
      <object_component id="oc-668">
         <name>.text:IntDisable</name>
         <load_address>0x2000c834</load_address>
         <run_address>0x2000c834</run_address>
         <size>0xa8</size>
         <input_file_ref idref="fl-f3"/>
      </object_component>
      <object_component id="oc-d1">
         <name>.text:IntEnable</name>
         <load_address>0x2000c8dc</load_address>
         <run_address>0x2000c8dc</run_address>
         <size>0xa8</size>
         <input_file_ref idref="fl-f3"/>
      </object_component>
      <object_component id="oc-7c1">
         <name>.text:_SlDriverHandleError</name>
         <load_address>0x2000c984</load_address>
         <run_address>0x2000c984</run_address>
         <size>0xa4</size>
         <input_file_ref idref="fl-fe"/>
      </object_component>
      <object_component id="oc-110">
         <name>.text:SPIConfigSetExpClk</name>
         <load_address>0x2000ca28</load_address>
         <run_address>0x2000ca28</run_address>
         <size>0xa0</size>
         <input_file_ref idref="fl-f6"/>
      </object_component>
      <object_component id="oc-318">
         <name>.text:sl_Recv</name>
         <load_address>0x2000cac8</load_address>
         <run_address>0x2000cac8</run_address>
         <size>0xa0</size>
         <input_file_ref idref="fl-102"/>
      </object_component>
      <object_component id="oc-3d">
         <name>.text</name>
         <load_address>0x2000cb68</load_address>
         <run_address>0x2000cb68</run_address>
         <size>0x9c</size>
         <input_file_ref idref="fl-cb"/>
      </object_component>
      <object_component id="oc-a49">
         <name>.text:_SlDrvDeviceEventHandler</name>
         <load_address>0x2000cc04</load_address>
         <run_address>0x2000cc04</run_address>
         <size>0x9a</size>
         <input_file_ref idref="fl-fd"/>
      </object_component>
      <object_component id="oc-2db">
         <name>.text:sl_DevSet</name>
         <load_address>0x2000cca0</load_address>
         <run_address>0x2000cca0</run_address>
         <size>0x98</size>
         <input_file_ref idref="fl-fd"/>
      </object_component>
      <object_component id="oc-2b0">
         <name>.text:sl_NetCfgSet</name>
         <load_address>0x2000cd38</load_address>
         <run_address>0x2000cd38</run_address>
         <size>0x98</size>
         <input_file_ref idref="fl-100"/>
      </object_component>
      <object_component id="oc-2ff">
         <name>.text:sl_SetSockOpt</name>
         <load_address>0x2000cdd0</load_address>
         <run_address>0x2000cdd0</run_address>
         <size>0x98</size>
         <input_file_ref idref="fl-102"/>
      </object_component>
      <object_component id="oc-2b6">
         <name>.text:sl_WlanSet</name>
         <load_address>0x2000ce68</load_address>
         <run_address>0x2000ce68</run_address>
         <size>0x98</size>
         <input_file_ref idref="fl-103"/>
      </object_component>
      <object_component id="oc-870">
         <name>.text:spi_Write</name>
         <load_address>0x2000cf00</load_address>
         <run_address>0x2000cf00</run_address>
         <size>0x98</size>
         <input_file_ref idref="fl-104"/>
      </object_component>
      <object_component id="oc-898">
         <name>.text</name>
         <load_address>0x2000cf98</load_address>
         <run_address>0x2000cf98</run_address>
         <size>0x96</size>
         <input_file_ref idref="fl-e4"/>
      </object_component>
      <object_component id="oc-10a">
         <name>.text:PRCMPeripheralClockGet</name>
         <load_address>0x2000d030</load_address>
         <run_address>0x2000d030</run_address>
         <size>0x94</size>
         <input_file_ref idref="fl-f5"/>
      </object_component>
      <object_component id="oc-a5d">
         <name>.text:_sl_HandleAsync_DnsGetHostByName</name>
         <load_address>0x2000d0c4</load_address>
         <run_address>0x2000d0c4</run_address>
         <size>0x90</size>
         <input_file_ref idref="fl-ff"/>
      </object_component>
      <object_component id="oc-9fa">
         <name>.text:_sl_HandleAsync_PingResponse</name>
         <load_address>0x2000d154</load_address>
         <run_address>0x2000d154</run_address>
         <size>0x90</size>
         <input_file_ref idref="fl-ff"/>
      </object_component>
      <object_component id="oc-29e">
         <name>.text:sl_WlanPolicySet</name>
         <load_address>0x2000d1e4</load_address>
         <run_address>0x2000d1e4</run_address>
         <size>0x90</size>
         <input_file_ref idref="fl-103"/>
      </object_component>
      <object_component id="oc-a01">
         <name>.text:SetupDMAReceive</name>
         <load_address>0x2000d274</load_address>
         <run_address>0x2000d274</run_address>
         <size>0x8c</size>
         <input_file_ref idref="fl-104"/>
      </object_component>
      <object_component id="oc-960">
         <name>.text:SetupDMASend</name>
         <load_address>0x2000d300</load_address>
         <run_address>0x2000d300</run_address>
         <size>0x8c</size>
         <input_file_ref idref="fl-104"/>
      </object_component>
      <object_component id="oc-909">
         <name>.text:_SlDrvIsTimeoutExpired</name>
         <load_address>0x2000d38c</load_address>
         <run_address>0x2000d38c</run_address>
         <size>0x8c</size>
         <input_file_ref idref="fl-fe"/>
      </object_component>
      <object_component id="oc-a9f">
         <name>.text:_sl_HandleAsync_InitComplete</name>
         <load_address>0x2000d418</load_address>
         <run_address>0x2000d418</run_address>
         <size>0x8c</size>
         <input_file_ref idref="fl-fd"/>
      </object_component>
      <object_component id="oc-2f9">
         <name>.text:sl_Socket</name>
         <load_address>0x2000d4a4</load_address>
         <run_address>0x2000d4a4</run_address>
         <size>0x8c</size>
         <input_file_ref idref="fl-102"/>
      </object_component>
      <object_component id="oc-683">
         <name>.text:PinConfigSet</name>
         <load_address>0x2000d530</load_address>
         <run_address>0x2000d530</run_address>
         <size>0x88</size>
         <input_file_ref idref="fl-f4"/>
      </object_component>
      <object_component id="oc-720">
         <name>.text:__aeabi_cdcmple</name>
         <load_address>0x2000d5b8</load_address>
         <run_address>0x2000d5b8</run_address>
         <size>0x86</size>
         <input_file_ref idref="fl-df"/>
      </object_component>
      <object_component id="oc-8a9">
         <name>.text:__aeabi_cdrcmple</name>
         <load_address>0x2000d63e</load_address>
         <run_address>0x2000d63e</run_address>
         <size>0x86</size>
         <input_file_ref idref="fl-df"/>
      </object_component>
      <object_component id="oc-43c">
         <name>.text:I2CMasterInitExpClk</name>
         <load_address>0x2000d6c4</load_address>
         <run_address>0x2000d6c4</run_address>
         <size>0x84</size>
         <input_file_ref idref="fl-f2"/>
      </object_component>
      <object_component id="oc-2c8">
         <name>.text:sl_WlanRxFilterSet</name>
         <load_address>0x2000d748</load_address>
         <run_address>0x2000d748</run_address>
         <size>0x84</size>
         <input_file_ref idref="fl-103"/>
      </object_component>
      <object_component id="oc-186">
         <name>.text:GPIOIntTypeSet</name>
         <load_address>0x2000d7cc</load_address>
         <run_address>0x2000d7cc</run_address>
         <size>0x82</size>
         <input_file_ref idref="fl-f1"/>
      </object_component>
      <object_component id="oc-a85">
         <name>.text:_sl_HandleAsync_Connect</name>
         <load_address>0x2000d850</load_address>
         <run_address>0x2000d850</run_address>
         <size>0x80</size>
         <input_file_ref idref="fl-102"/>
      </object_component>
      <object_component id="oc-a07">
         <name>.text:spi_Read_CPU</name>
         <load_address>0x2000d8d0</load_address>
         <run_address>0x2000d8d0</run_address>
         <size>0x80</size>
         <input_file_ref idref="fl-104"/>
      </object_component>
      <object_component id="oc-96c">
         <name>.text:spi_Write_CPU</name>
         <load_address>0x2000d950</load_address>
         <run_address>0x2000d950</run_address>
         <size>0x80</size>
         <input_file_ref idref="fl-104"/>
      </object_component>
      <object_component id="oc-8b">
         <name>.text</name>
         <load_address>0x2000d9d0</load_address>
         <run_address>0x2000d9d0</run_address>
         <size>0x7a</size>
         <input_file_ref idref="fl-cc"/>
      </object_component>
      <object_component id="oc-57f">
         <name>.text:spi_Close</name>
         <load_address>0x2000da4c</load_address>
         <run_address>0x2000da4c</run_address>
         <size>0x78</size>
         <input_file_ref idref="fl-104"/>
      </object_component>
      <object_component id="oc-22a">
         <name>.text:UARTConfigSetExpClk</name>
         <load_address>0x2000dac4</load_address>
         <run_address>0x2000dac4</run_address>
         <size>0x76</size>
         <input_file_ref idref="fl-f9"/>
      </object_component>
      <object_component id="oc-286">
         <name>.text:_SlNonOsMainLoopTask</name>
         <load_address>0x2000db3c</load_address>
         <run_address>0x2000db3c</run_address>
         <size>0x74</size>
         <input_file_ref idref="fl-101"/>
      </object_component>
      <object_component id="oc-366">
         <name>.text:TimerIntRegister</name>
         <load_address>0x2000dbb0</load_address>
         <run_address>0x2000dbb0</run_address>
         <size>0x70</size>
         <input_file_ref idref="fl-f8"/>
      </object_component>
      <object_component id="oc-500">
         <name>.text:split</name>
         <load_address>0x2000dc20</load_address>
         <run_address>0x2000dc20</run_address>
         <size>0x70</size>
         <input_file_ref idref="fl-d1"/>
      </object_component>
      <object_component id="oc-8c9">
         <name>.text:_mcpy</name>
         <load_address>0x2000dc90</load_address>
         <run_address>0x2000dc90</run_address>
         <size>0x6e</size>
         <input_file_ref idref="fl-da"/>
      </object_component>
      <object_component id="oc-ab7">
         <name>.text:_SlDrvCmdSend</name>
         <load_address>0x2000dd00</load_address>
         <run_address>0x2000dd00</run_address>
         <size>0x6c</size>
         <input_file_ref idref="fl-fe"/>
      </object_component>
      <object_component id="oc-a6f">
         <name>.text:_sl_NetAppSendTokenValue</name>
         <load_address>0x2000dd6c</load_address>
         <run_address>0x2000dd6c</run_address>
         <size>0x6c</size>
         <input_file_ref idref="fl-ff"/>
      </object_component>
      <object_component id="oc-396">
         <name>.text:TimerIntUnregister</name>
         <load_address>0x2000ddd8</load_address>
         <run_address>0x2000ddd8</run_address>
         <size>0x68</size>
         <input_file_ref idref="fl-f8"/>
      </object_component>
      <object_component id="oc-15">
         <name>.text:decompress:lzss:__TI_decompress_lzss</name>
         <load_address>0x2000de40</load_address>
         <run_address>0x2000de40</run_address>
         <size>0x68</size>
         <input_file_ref idref="fl-cf"/>
      </object_component>
      <object_component id="oc-7d9">
         <name>.text:_SlNonOsSpawn</name>
         <load_address>0x2000dea8</load_address>
         <run_address>0x2000dea8</run_address>
         <size>0x64</size>
         <input_file_ref idref="fl-101"/>
      </object_component>
      <object_component id="oc-a7f">
         <name>.text:_sl_HandleAsync_Accept</name>
         <load_address>0x2000df0c</load_address>
         <run_address>0x2000df0c</run_address>
         <size>0x64</size>
         <input_file_ref idref="fl-102"/>
      </object_component>
      <object_component id="oc-2bc">
         <name>.text:sl_NetAppMDNSUnRegisterService</name>
         <load_address>0x2000df70</load_address>
         <run_address>0x2000df70</run_address>
         <size>0x64</size>
         <input_file_ref idref="fl-ff"/>
      </object_component>
      <object_component id="oc-91d">
         <name>.text:uDMAChannelAttributeDisable</name>
         <load_address>0x2000dfd4</load_address>
         <run_address>0x2000dfd4</run_address>
         <size>0x64</size>
         <input_file_ref idref="fl-105"/>
      </object_component>
      <object_component id="oc-a32">
         <name>.text:uDMAChannelAttributeEnable</name>
         <load_address>0x2000e038</load_address>
         <run_address>0x2000e038</run_address>
         <size>0x64</size>
         <input_file_ref idref="fl-105"/>
      </object_component>
      <object_component id="oc-19e">
         <name>.text:sl_Close</name>
         <load_address>0x2000e09c</load_address>
         <run_address>0x2000e09c</run_address>
         <size>0x60</size>
         <input_file_ref idref="fl-102"/>
      </object_component>
      <object_component id="oc-2a4">
         <name>.text:sl_WlanProfileDel</name>
         <load_address>0x2000e0fc</load_address>
         <run_address>0x2000e0fc</run_address>
         <size>0x60</size>
         <input_file_ref idref="fl-103"/>
      </object_component>
      <object_component id="oc-28c">
         <name>.text:sl_WlanSetMode</name>
         <load_address>0x2000e15c</load_address>
         <run_address>0x2000e15c</run_address>
         <size>0x60</size>
         <input_file_ref idref="fl-103"/>
      </object_component>
      <object_component id="oc-8de">
         <name>.text:frexp</name>
         <load_address>0x2000e1bc</load_address>
         <run_address>0x2000e1bc</run_address>
         <size>0x5c</size>
         <input_file_ref idref="fl-db"/>
      </object_component>
      <object_component id="oc-7b3">
         <name>.text:IntPendClear</name>
         <load_address>0x2000e218</load_address>
         <run_address>0x2000e218</run_address>
         <size>0x58</size>
         <input_file_ref idref="fl-f3"/>
      </object_component>
      <object_component id="oc-192">
         <name>.text:PRCMPeripheralReset</name>
         <load_address>0x2000e270</load_address>
         <run_address>0x2000e270</run_address>
         <size>0x58</size>
         <input_file_ref idref="fl-f5"/>
      </object_component>
      <object_component id="oc-72b">
         <name>.text:_pconv_f</name>
         <load_address>0x2000e2c8</load_address>
         <run_address>0x2000e2c8</run_address>
         <size>0x56</size>
         <input_file_ref idref="fl-da"/>
      </object_component>
      <object_component id="oc-360">
         <name>.text:IntPrioritySet</name>
         <load_address>0x2000e320</load_address>
         <run_address>0x2000e320</run_address>
         <size>0x54</size>
         <input_file_ref idref="fl-f3"/>
      </object_component>
      <object_component id="oc-55d">
         <name>.text:_SlDrvRxIrqHandler</name>
         <load_address>0x2000e374</load_address>
         <run_address>0x2000e374</run_address>
         <size>0x54</size>
         <input_file_ref idref="fl-fe"/>
      </object_component>
      <object_component id="oc-8b3">
         <name>.text:__TI_ltoa</name>
         <load_address>0x2000e3c8</load_address>
         <run_address>0x2000e3c8</run_address>
         <size>0x54</size>
         <input_file_ref idref="fl-ea"/>
      </object_component>
      <object_component id="oc-a8b">
         <name>.text:_sl_HandleAsync_Select</name>
         <load_address>0x2000e41c</load_address>
         <run_address>0x2000e41c</run_address>
         <size>0x54</size>
         <input_file_ref idref="fl-102"/>
      </object_component>
      <object_component id="oc-8c3">
         <name>.text:_ecpy</name>
         <load_address>0x2000e470</load_address>
         <run_address>0x2000e470</run_address>
         <size>0x52</size>
         <input_file_ref idref="fl-da"/>
      </object_component>
      <object_component id="oc-a91">
         <name>.text:_sl_HandleAsync_Stop</name>
         <load_address>0x2000e4c4</load_address>
         <run_address>0x2000e4c4</run_address>
         <size>0x50</size>
         <input_file_ref idref="fl-fd"/>
      </object_component>
      <object_component id="oc-797">
         <name>.text:SPIIntEnable</name>
         <load_address>0x2000e514</load_address>
         <run_address>0x2000e514</run_address>
         <size>0x4c</size>
         <input_file_ref idref="fl-f6"/>
      </object_component>
      <object_component id="oc-94b">
         <name>.text:SPIIntNumberGet</name>
         <load_address>0x2000e560</load_address>
         <run_address>0x2000e560</run_address>
         <size>0x4c</size>
         <input_file_ref idref="fl-f6"/>
      </object_component>
      <object_component id="oc-533">
         <name>.text:_SlDrvProtectAsyncRespSetting</name>
         <load_address>0x2000e5ac</load_address>
         <run_address>0x2000e5ac</run_address>
         <size>0x4c</size>
         <input_file_ref idref="fl-fe"/>
      </object_component>
      <object_component id="oc-61e">
         <name>.text:_sl_BuildAddress</name>
         <load_address>0x2000e5f8</load_address>
         <run_address>0x2000e5f8</run_address>
         <size>0x4c</size>
         <input_file_ref idref="fl-102"/>
      </object_component>
      <object_component id="oc-714">
         <name>.text:atoi</name>
         <load_address>0x2000e644</load_address>
         <run_address>0x2000e644</run_address>
         <size>0x4c</size>
         <input_file_ref idref="fl-ec"/>
      </object_component>
      <object_component id="oc-917">
         <name>.text:uDMAChannelAssign</name>
         <load_address>0x2000e690</load_address>
         <run_address>0x2000e690</run_address>
         <size>0x4c</size>
         <input_file_ref idref="fl-105"/>
      </object_component>
      <object_component id="oc-449">
         <name>.text:GPIOGetIntNumber</name>
         <load_address>0x2000e6dc</load_address>
         <run_address>0x2000e6dc</run_address>
         <size>0x48</size>
         <input_file_ref idref="fl-f1"/>
      </object_component>
      <object_component id="oc-937">
         <name>.text:SPIIntClear</name>
         <load_address>0x2000e724</load_address>
         <run_address>0x2000e724</run_address>
         <size>0x48</size>
         <input_file_ref idref="fl-f6"/>
      </object_component>
      <object_component id="oc-5ab">
         <name>.text:_SlDrvBasicCmd</name>
         <load_address>0x2000e76c</load_address>
         <run_address>0x2000e76c</run_address>
         <size>0x48</size>
         <input_file_ref idref="fl-fe"/>
      </object_component>
      <object_component id="oc-8ae">
         <name>.text</name>
         <load_address>0x2000e7b4</load_address>
         <run_address>0x2000e7b4</run_address>
         <size>0x48</size>
         <input_file_ref idref="fl-e2"/>
      </object_component>
      <object_component id="oc-927">
         <name>.text:SPIDmaMaskGet</name>
         <load_address>0x2000e7fc</load_address>
         <run_address>0x2000e7fc</run_address>
         <size>0x44</size>
         <input_file_ref idref="fl-f6"/>
      </object_component>
      <object_component id="oc-354">
         <name>.text:TimerConfigure</name>
         <load_address>0x2000e840</load_address>
         <run_address>0x2000e840</run_address>
         <size>0x44</size>
         <input_file_ref idref="fl-f8"/>
      </object_component>
      <object_component id="oc-ab0">
         <name>.text:_SlDrvHandleHttpServerEvents</name>
         <load_address>0x2000e884</load_address>
         <run_address>0x2000e884</run_address>
         <size>0x44</size>
         <input_file_ref idref="fl-fe"/>
      </object_component>
      <object_component id="oc-54b">
         <name>.text:_SlDrvSyncObjWaitTimeout</name>
         <load_address>0x2000e8c8</load_address>
         <run_address>0x2000e8c8</run_address>
         <size>0x44</size>
         <input_file_ref idref="fl-fe"/>
      </object_component>
      <object_component id="oc-1bf">
         <name>.text:__TI_auto_init_nobinit_nopinit:__TI_auto_init_nobinit_nopinit</name>
         <load_address>0x2000e90c</load_address>
         <run_address>0x2000e90c</run_address>
         <size>0x44</size>
         <input_file_ref idref="fl-e5"/>
      </object_component>
      <object_component id="oc-9e1">
         <name>.text:cc_SetupTransfer</name>
         <load_address>0x2000e950</load_address>
         <run_address>0x2000e950</run_address>
         <size>0x44</size>
         <input_file_ref idref="fl-104"/>
      </object_component>
      <object_component id="oc-2f3">
         <name>.text:sl_Htonl</name>
         <load_address>0x2000e994</load_address>
         <run_address>0x2000e994</run_address>
         <size>0x42</size>
         <input_file_ref idref="fl-102"/>
      </object_component>
      <object_component id="oc-3db">
         <name>.text:PinModeSet</name>
         <load_address>0x2000e9d8</load_address>
         <run_address>0x2000e9d8</run_address>
         <size>0x40</size>
         <input_file_ref idref="fl-f4"/>
      </object_component>
      <object_component id="oc-a55">
         <name>.text:_SlDrvHandleNetAppEvents</name>
         <load_address>0x2000ea18</load_address>
         <run_address>0x2000ea18</run_address>
         <size>0x40</size>
         <input_file_ref idref="fl-fe"/>
      </object_component>
      <object_component id="oc-a4f">
         <name>.text:_SlDrvHandleWlanEvents</name>
         <load_address>0x2000ea58</load_address>
         <run_address>0x2000ea58</run_address>
         <size>0x40</size>
         <input_file_ref idref="fl-fe"/>
      </object_component>
      <object_component id="oc-636">
         <name>.text:_sl_TruncatePayloadByProtocol</name>
         <load_address>0x2000ea98</load_address>
         <run_address>0x2000ea98</run_address>
         <size>0x40</size>
         <input_file_ref idref="fl-102"/>
      </object_component>
      <object_component id="oc-30c">
         <name>.text:sprintf</name>
         <load_address>0x2000ead8</load_address>
         <run_address>0x2000ead8</run_address>
         <size>0x40</size>
         <input_file_ref idref="fl-c9"/>
      </object_component>
      <object_component id="oc-236">
         <name>.text:vsnprintf</name>
         <load_address>0x2000eb18</load_address>
         <run_address>0x2000eb18</run_address>
         <size>0x40</size>
         <input_file_ref idref="fl-ca"/>
      </object_component>
      <object_component id="oc-53f">
         <name>.text:NwpRegisterInterruptHandler</name>
         <load_address>0x2000eb58</load_address>
         <run_address>0x2000eb58</run_address>
         <size>0x3e</size>
         <input_file_ref idref="fl-104"/>
      </object_component>
      <object_component id="oc-8d6">
         <name>.text:_fcpy</name>
         <load_address>0x2000eb96</load_address>
         <run_address>0x2000eb96</run_address>
         <size>0x3e</size>
         <input_file_ref idref="fl-da"/>
      </object_component>
      <object_component id="oc-a76">
         <name>.text:CopyPingResultsToReport</name>
         <load_address>0x2000ebd4</load_address>
         <run_address>0x2000ebd4</run_address>
         <size>0x3c</size>
         <input_file_ref idref="fl-ff"/>
      </object_component>
      <object_component id="oc-18c">
         <name>.text:PRCMPeripheralClkEnable</name>
         <load_address>0x2000ec10</load_address>
         <run_address>0x2000ec10</run_address>
         <size>0x3c</size>
         <input_file_ref idref="fl-f5"/>
      </object_component>
      <object_component id="oc-a21">
         <name>.text:simplelink_timerA2_start</name>
         <load_address>0x2000ec4c</load_address>
         <run_address>0x2000ec4c</run_address>
         <size>0x3c</size>
         <input_file_ref idref="fl-104"/>
      </object_component>
      <object_component id="oc-2ed">
         <name>.text:sl_Htons</name>
         <load_address>0x2000ec88</load_address>
         <run_address>0x2000ec88</run_address>
         <size>0x3c</size>
         <input_file_ref idref="fl-102"/>
      </object_component>
      <object_component id="oc-a2c">
         <name>.text:uDMAChannelControlSet</name>
         <load_address>0x2000ecc4</load_address>
         <run_address>0x2000ecc4</run_address>
         <size>0x3c</size>
         <input_file_ref idref="fl-105"/>
      </object_component>
      <object_component id="oc-539">
         <name>.text:NwpPowerOff</name>
         <load_address>0x2000ed00</load_address>
         <run_address>0x2000ed00</run_address>
         <size>0x38</size>
         <input_file_ref idref="fl-104"/>
      </object_component>
      <object_component id="oc-2aa">
         <name>.text:sl_WlanDisconnect</name>
         <load_address>0x2000ed38</load_address>
         <run_address>0x2000ed38</run_address>
         <size>0x38</size>
         <input_file_ref idref="fl-103"/>
      </object_component>
      <object_component id="oc-3e7">
         <name>.text:GPIODirModeSet</name>
         <load_address>0x2000ed70</load_address>
         <run_address>0x2000ed70</run_address>
         <size>0x36</size>
         <input_file_ref idref="fl-f1"/>
      </object_component>
      <object_component id="oc-458">
         <name>.text:strncpy</name>
         <load_address>0x2000eda6</load_address>
         <run_address>0x2000eda6</run_address>
         <size>0x36</size>
         <input_file_ref idref="fl-d6"/>
      </object_component>
      <object_component id="oc-779">
         <name>.text:PRCMPeripheralStatusGet</name>
         <load_address>0x2000eddc</load_address>
         <run_address>0x2000eddc</run_address>
         <size>0x34</size>
         <input_file_ref idref="fl-f5"/>
      </object_component>
      <object_component id="oc-791">
         <name>.text:SPIFIFOLevelSet</name>
         <load_address>0x2000ee10</load_address>
         <run_address>0x2000ee10</run_address>
         <size>0x34</size>
         <input_file_ref idref="fl-f6"/>
      </object_component>
      <object_component id="oc-3e1">
         <name>.text:PinTypeGPIO</name>
         <load_address>0x2000ee44</load_address>
         <run_address>0x2000ee44</run_address>
         <size>0x30</size>
         <input_file_ref idref="fl-f4"/>
      </object_component>
      <object_component id="oc-4c3">
         <name>.text:UARTDisable</name>
         <load_address>0x2000ee74</load_address>
         <run_address>0x2000ee74</run_address>
         <size>0x30</size>
         <input_file_ref idref="fl-f9"/>
      </object_component>
      <object_component id="oc-4d7">
         <name>.text:_outs</name>
         <load_address>0x2000eea4</load_address>
         <run_address>0x2000eea4</run_address>
         <size>0x30</size>
         <input_file_ref idref="fl-ca"/>
      </object_component>
      <object_component id="oc-8b9">
         <name>.text</name>
         <load_address>0x2000eed4</load_address>
         <run_address>0x2000eed4</run_address>
         <size>0x2e</size>
         <input_file_ref idref="fl-e3"/>
      </object_component>
      <object_component id="oc-418">
         <name>.text:I2CMasterErr</name>
         <load_address>0x2000ef02</load_address>
         <run_address>0x2000ef02</run_address>
         <size>0x2c</size>
         <input_file_ref idref="fl-f2"/>
      </object_component>
      <object_component id="oc-545">
         <name>.text:NwpPowerOn</name>
         <load_address>0x2000ef30</load_address>
         <run_address>0x2000ef30</run_address>
         <size>0x2c</size>
         <input_file_ref idref="fl-104"/>
      </object_component>
      <object_component id="oc-202">
         <name>.text:PRCMSysResetCauseGet</name>
         <load_address>0x2000ef5c</load_address>
         <run_address>0x2000ef5c</run_address>
         <size>0x2c</size>
         <input_file_ref idref="fl-f5"/>
      </object_component>
      <object_component id="oc-6bb">
         <name>.text:_SlDrvObjGlobalLockWaitForever</name>
         <load_address>0x2000ef88</load_address>
         <run_address>0x2000ef88</run_address>
         <size>0x2c</size>
         <input_file_ref idref="fl-fe"/>
      </object_component>
      <object_component id="oc-5f8">
         <name>.text:_SlDrvProtectionObjLockWaitForever</name>
         <load_address>0x2000efb4</load_address>
         <run_address>0x2000efb4</run_address>
         <size>0x2c</size>
         <input_file_ref idref="fl-fe"/>
      </object_component>
      <object_component id="oc-37e">
         <name>.text:TimerLoadSet</name>
         <load_address>0x2000efe0</load_address>
         <run_address>0x2000efe0</run_address>
         <size>0x2a</size>
         <input_file_ref idref="fl-f8"/>
      </object_component>
      <object_component id="oc-35a">
         <name>.text:TimerPrescaleSet</name>
         <load_address>0x2000f00a</load_address>
         <run_address>0x2000f00a</run_address>
         <size>0x2a</size>
         <input_file_ref idref="fl-f8"/>
      </object_component>
      <object_component id="oc-214">
         <name>.text:PRCMPeripheralClkDisable</name>
         <load_address>0x2000f034</load_address>
         <run_address>0x2000f034</run_address>
         <size>0x28</size>
         <input_file_ref idref="fl-f5"/>
      </object_component>
      <object_component id="oc-6c1">
         <name>.text:_SlDrvGlobalObjUnLock</name>
         <load_address>0x2000f05c</load_address>
         <run_address>0x2000f05c</run_address>
         <size>0x28</size>
         <input_file_ref idref="fl-fe"/>
      </object_component>
      <object_component id="oc-5fe">
         <name>.text:_SlDrvProtectionObjUnLock</name>
         <load_address>0x2000f084</load_address>
         <run_address>0x2000f084</run_address>
         <size>0x28</size>
         <input_file_ref idref="fl-fe"/>
      </object_component>
      <object_component id="oc-604">
         <name>.text:_SlDrvSyncObjWaitForever</name>
         <load_address>0x2000f0ac</load_address>
         <run_address>0x2000f0ac</run_address>
         <size>0x28</size>
         <input_file_ref idref="fl-fe"/>
      </object_component>
      <object_component id="oc-507">
         <name>.text:free_list_insert</name>
         <load_address>0x2000f0d4</load_address>
         <run_address>0x2000f0d4</run_address>
         <size>0x28</size>
         <input_file_ref idref="fl-d1"/>
      </object_component>
      <object_component id="oc-248">
         <name>.text:memmove</name>
         <load_address>0x2000f0fc</load_address>
         <run_address>0x2000f0fc</run_address>
         <size>0x28</size>
         <input_file_ref idref="fl-d0"/>
      </object_component>
      <object_component id="oc-840">
         <name>.text:_SlDrvObjLockWaitForever</name>
         <load_address>0x2000f124</load_address>
         <run_address>0x2000f124</run_address>
         <size>0x26</size>
         <input_file_ref idref="fl-fe"/>
      </object_component>
      <object_component id="oc-ace">
         <name>.text</name>
         <load_address>0x2000f14a</load_address>
         <run_address>0x2000f14a</run_address>
         <size>0x26</size>
         <input_file_ref idref="fl-9"/>
      </object_component>
      <object_component id="oc-7a3">
         <name>.text:DmaSpiSwIntHandler</name>
         <load_address>0x2000f170</load_address>
         <run_address>0x2000f170</run_address>
         <size>0x24</size>
         <input_file_ref idref="fl-104"/>
      </object_component>
      <object_component id="oc-66e">
         <name>.text:IntUnregister</name>
         <load_address>0x2000f194</load_address>
         <run_address>0x2000f194</run_address>
         <size>0x24</size>
         <input_file_ref idref="fl-f3"/>
      </object_component>
      <object_component id="oc-4c9">
         <name>.text:UARTEnable</name>
         <load_address>0x2000f1b8</load_address>
         <run_address>0x2000f1b8</run_address>
         <size>0x24</size>
         <input_file_ref idref="fl-f9"/>
      </object_component>
      <object_component id="oc-5b">
         <name>.text:_c_int00_noargs:_c_int00_noargs</name>
         <load_address>0x2000f1dc</load_address>
         <run_address>0x2000f1dc</run_address>
         <size>0x24</size>
         <input_file_ref idref="fl-d9"/>
      </object_component>
      <object_component id="oc-140">
         <name>.text:GPIOIntStatus</name>
         <load_address>0x2000f200</load_address>
         <run_address>0x2000f200</run_address>
         <size>0x22</size>
         <input_file_ref idref="fl-f1"/>
      </object_component>
      <object_component id="oc-41e">
         <name>.text:I2CMasterSlaveAddrSet</name>
         <load_address>0x2000f222</load_address>
         <run_address>0x2000f222</run_address>
         <size>0x22</size>
         <input_file_ref idref="fl-f2"/>
      </object_component>
      <object_component id="oc-104">
         <name>.text:SPIReset</name>
         <load_address>0x2000f244</load_address>
         <run_address>0x2000f244</run_address>
         <size>0x22</size>
         <input_file_ref idref="fl-f6"/>
      </object_component>
      <object_component id="oc-966">
         <name>.text:SPIWordCountSet</name>
         <load_address>0x2000f266</load_address>
         <run_address>0x2000f266</run_address>
         <size>0x22</size>
         <input_file_ref idref="fl-f6"/>
      </object_component>
      <object_component id="oc-15f">
         <name>.text:GPIOPinWrite</name>
         <load_address>0x2000f288</load_address>
         <run_address>0x2000f288</run_address>
         <size>0x20</size>
         <input_file_ref idref="fl-f1"/>
      </object_component>
      <object_component id="oc-3a5">
         <name>.text:IntRegister</name>
         <load_address>0x2000f2a8</load_address>
         <run_address>0x2000f2a8</run_address>
         <size>0x20</size>
         <input_file_ref idref="fl-f3"/>
      </object_component>
      <object_component id="oc-579">
         <name>.text:NwpPrePowerOffTimout0</name>
         <load_address>0x2000f2c8</load_address>
         <run_address>0x2000f2c8</run_address>
         <size>0x20</size>
         <input_file_ref idref="fl-104"/>
      </object_component>
      <object_component id="oc-346">
         <name>.text:SPIDataGet</name>
         <load_address>0x2000f2e8</load_address>
         <run_address>0x2000f2e8</run_address>
         <size>0x20</size>
         <input_file_ref idref="fl-f6"/>
      </object_component>
      <object_component id="oc-9c3">
         <name>.text:TimerGetCurrentTimestamp</name>
         <load_address>0x2000f308</load_address>
         <run_address>0x2000f308</run_address>
         <size>0x20</size>
         <input_file_ref idref="fl-104"/>
      </object_component>
      <object_component id="oc-846">
         <name>.text:_SlDrvObjUnLock</name>
         <load_address>0x2000f328</load_address>
         <run_address>0x2000f328</run_address>
         <size>0x20</size>
         <input_file_ref idref="fl-fe"/>
      </object_component>
      <object_component id="oc-7ce">
         <name>.text:_SlDrvSyncObjSignal</name>
         <load_address>0x2000f348</load_address>
         <run_address>0x2000f348</run_address>
         <size>0x20</size>
         <input_file_ref idref="fl-fe"/>
      </object_component>
      <object_component id="oc-180">
         <name>.text:GPIOIntRegister</name>
         <load_address>0x2000f368</load_address>
         <run_address>0x2000f368</run_address>
         <size>0x1e</size>
         <input_file_ref idref="fl-f1"/>
      </object_component>
      <object_component id="oc-412">
         <name>.text:I2CMasterIntStatusEx</name>
         <load_address>0x2000f386</load_address>
         <run_address>0x2000f386</run_address>
         <size>0x1e</size>
         <input_file_ref idref="fl-f2"/>
      </object_component>
      <object_component id="oc-340">
         <name>.text:SPIDataPut</name>
         <load_address>0x2000f3a4</load_address>
         <run_address>0x2000f3a4</run_address>
         <size>0x1e</size>
         <input_file_ref idref="fl-f6"/>
      </object_component>
      <object_component id="oc-38a">
         <name>.text:TimerDisable</name>
         <load_address>0x2000f3c2</load_address>
         <run_address>0x2000f3c2</run_address>
         <size>0x1e</size>
         <input_file_ref idref="fl-f8"/>
      </object_component>
      <object_component id="oc-384">
         <name>.text:TimerEnable</name>
         <load_address>0x2000f3e0</load_address>
         <run_address>0x2000f3e0</run_address>
         <size>0x1e</size>
         <input_file_ref idref="fl-f8"/>
      </object_component>
      <object_component id="oc-372">
         <name>.text:TimerIntStatus</name>
         <load_address>0x2000f3fe</load_address>
         <run_address>0x2000f3fe</run_address>
         <size>0x1e</size>
         <input_file_ref idref="fl-f8"/>
      </object_component>
      <object_component id="oc-230">
         <name>.text:UARTCharPut</name>
         <load_address>0x2000f41c</load_address>
         <run_address>0x2000f41c</run_address>
         <size>0x1e</size>
         <input_file_ref idref="fl-f9"/>
      </object_component>
      <object_component id="oc-77f">
         <name>.text:cc_UDMAChannelSelect</name>
         <load_address>0x2000f43a</load_address>
         <run_address>0x2000f43a</run_address>
         <size>0x1e</size>
         <input_file_ref idref="fl-104"/>
      </object_component>
      <object_component id="oc-3ed">
         <name>.text:PinTypeI2C</name>
         <load_address>0x2000f458</load_address>
         <run_address>0x2000f458</run_address>
         <size>0x1c</size>
         <input_file_ref idref="fl-f4"/>
      </object_component>
      <object_component id="oc-12e">
         <name>.text:SysTickIntRegister</name>
         <load_address>0x2000f474</load_address>
         <run_address>0x2000f474</run_address>
         <size>0x1c</size>
         <input_file_ref idref="fl-f7"/>
      </object_component>
      <object_component id="oc-39c">
         <name>.text:TimerValueGet</name>
         <load_address>0x2000f490</load_address>
         <run_address>0x2000f490</run_address>
         <size>0x1c</size>
         <input_file_ref idref="fl-f8"/>
      </object_component>
      <object_component id="oc-242">
         <name>.text:UARTCharGetNonBlocking</name>
         <load_address>0x2000f4ac</load_address>
         <run_address>0x2000f4ac</run_address>
         <size>0x1c</size>
         <input_file_ref idref="fl-f9"/>
      </object_component>
      <object_component id="oc-903">
         <name>.text:_SlDrvStartMeasureTimeout</name>
         <load_address>0x2000f4c8</load_address>
         <run_address>0x2000f4c8</run_address>
         <size>0x1c</size>
         <input_file_ref idref="fl-fe"/>
      </object_component>
      <object_component id="oc-49">
         <name>.text:decompress:ZI:__TI_zero_init_nomemset:__TI_zero_init_nomemset</name>
         <load_address>0x2000f4e4</load_address>
         <run_address>0x2000f4e4</run_address>
         <size>0x1c</size>
         <input_file_ref idref="fl-cd"/>
      </object_component>
      <object_component id="oc-4fa">
         <name>.text:free_list_remove</name>
         <load_address>0x2000f500</load_address>
         <run_address>0x2000f500</run_address>
         <size>0x1c</size>
         <input_file_ref idref="fl-d1"/>
      </object_component>
      <object_component id="oc-73d">
         <name>.text:memccpy</name>
         <load_address>0x2000f51c</load_address>
         <run_address>0x2000f51c</run_address>
         <size>0x1c</size>
         <input_file_ref idref="fl-ee"/>
      </object_component>
      <object_component id="oc-a3e">
         <name>.text:uDMAChannelEnable</name>
         <load_address>0x2000f538</load_address>
         <run_address>0x2000f538</run_address>
         <size>0x1c</size>
         <input_file_ref idref="fl-105"/>
      </object_component>
      <object_component id="oc-1a4">
         <name>.text:GPIOIntEnable</name>
         <load_address>0x2000f554</load_address>
         <run_address>0x2000f554</run_address>
         <size>0x1a</size>
         <input_file_ref idref="fl-f1"/>
      </object_component>
      <object_component id="oc-3f3">
         <name>.text:PinTypeSPI</name>
         <load_address>0x2000f56e</load_address>
         <run_address>0x2000f56e</run_address>
         <size>0x1a</size>
         <input_file_ref idref="fl-f4"/>
      </object_component>
      <object_component id="oc-3f9">
         <name>.text:PinTypeUART</name>
         <load_address>0x2000f588</load_address>
         <run_address>0x2000f588</run_address>
         <size>0x1a</size>
         <input_file_ref idref="fl-f4"/>
      </object_component>
      <object_component id="oc-7fd">
         <name>.text:SPIDmaDisable</name>
         <load_address>0x2000f5a2</load_address>
         <run_address>0x2000f5a2</run_address>
         <size>0x1a</size>
         <input_file_ref idref="fl-f6"/>
      </object_component>
      <object_component id="oc-78b">
         <name>.text:SPIDmaEnable</name>
         <load_address>0x2000f5bc</load_address>
         <run_address>0x2000f5bc</run_address>
         <size>0x1a</size>
         <input_file_ref idref="fl-f6"/>
      </object_component>
      <object_component id="oc-7f7">
         <name>.text:SPIFIFODisable</name>
         <load_address>0x2000f5d6</load_address>
         <run_address>0x2000f5d6</run_address>
         <size>0x1a</size>
         <input_file_ref idref="fl-f6"/>
      </object_component>
      <object_component id="oc-785">
         <name>.text:SPIFIFOEnable</name>
         <load_address>0x2000f5f0</load_address>
         <run_address>0x2000f5f0</run_address>
         <size>0x1a</size>
         <input_file_ref idref="fl-f6"/>
      </object_component>
      <object_component id="oc-7f1">
         <name>.text:SPIIntUnregister</name>
         <load_address>0x2000f60a</load_address>
         <run_address>0x2000f60a</run_address>
         <size>0x1a</size>
         <input_file_ref idref="fl-f6"/>
      </object_component>
      <object_component id="oc-5e0">
         <name>.text:GPIOPinRead</name>
         <load_address>0x2000f624</load_address>
         <run_address>0x2000f624</run_address>
         <size>0x18</size>
         <input_file_ref idref="fl-f1"/>
      </object_component>
      <object_component id="oc-436">
         <name>.text:I2CMasterIntEnableEx</name>
         <load_address>0x2000f63c</load_address>
         <run_address>0x2000f63c</run_address>
         <size>0x18</size>
         <input_file_ref idref="fl-f2"/>
      </object_component>
      <object_component id="oc-34c">
         <name>.text:SPICSDisable</name>
         <load_address>0x2000f654</load_address>
         <run_address>0x2000f654</run_address>
         <size>0x18</size>
         <input_file_ref idref="fl-f6"/>
      </object_component>
      <object_component id="oc-33a">
         <name>.text:SPICSEnable</name>
         <load_address>0x2000f66c</load_address>
         <run_address>0x2000f66c</run_address>
         <size>0x18</size>
         <input_file_ref idref="fl-f6"/>
      </object_component>
      <object_component id="oc-773">
         <name>.text:SPIDisable</name>
         <load_address>0x2000f684</load_address>
         <run_address>0x2000f684</run_address>
         <size>0x18</size>
         <input_file_ref idref="fl-f6"/>
      </object_component>
      <object_component id="oc-116">
         <name>.text:SPIEnable</name>
         <load_address>0x2000f69c</load_address>
         <run_address>0x2000f69c</run_address>
         <size>0x18</size>
         <input_file_ref idref="fl-f6"/>
      </object_component>
      <object_component id="oc-128">
         <name>.text:SysTickPeriodSet</name>
         <load_address>0x2000f6b4</load_address>
         <run_address>0x2000f6b4</run_address>
         <size>0x18</size>
         <input_file_ref idref="fl-f7"/>
      </object_component>
      <object_component id="oc-390">
         <name>.text:TimerIntDisable</name>
         <load_address>0x2000f6cc</load_address>
         <run_address>0x2000f6cc</run_address>
         <size>0x18</size>
         <input_file_ref idref="fl-f8"/>
      </object_component>
      <object_component id="oc-36c">
         <name>.text:TimerIntEnable</name>
         <load_address>0x2000f6e4</load_address>
         <run_address>0x2000f6e4</run_address>
         <size>0x18</size>
         <input_file_ref idref="fl-f8"/>
      </object_component>
      <object_component id="oc-23c">
         <name>.text:UARTCharsAvail</name>
         <load_address>0x2000f6fc</load_address>
         <run_address>0x2000f6fc</run_address>
         <size>0x18</size>
         <input_file_ref idref="fl-f9"/>
      </object_component>
      <object_component id="oc-762">
         <name>.text:_SlNonOsSemSet</name>
         <load_address>0x2000f714</load_address>
         <run_address>0x2000f714</run_address>
         <size>0x18</size>
         <input_file_ref idref="fl-101"/>
      </object_component>
      <object_component id="oc-4dd">
         <name>.text:_outc</name>
[...]
         <value>0x2000f3ff</value>
         <object_component_ref idref="oc-372"/>
      </symbol>
      <symbol id="sm-e27">
         <name>TimerIntDisable</name>
         <value>0x2000f6cd</value>
         <object_component_ref idref="oc-390"/>
      </symbol>
      <symbol id="sm-e28">
         <name>TimerValueGet</name>
         <value>0x2000f491</value>
         <object_component_ref idref="oc-39c"/>
      </symbol>
      <symbol id="sm-e29">
         <name>TimerPrescaleSet</name>
         <value>0x2000f00b</value>
         <object_component_ref idref="oc-35a"/>
      </symbol>
      <symbol id="sm-e2a">
         <name>TimerIntEnable</name>
         <value>0x2000f6e5</value>
         <object_component_ref idref="oc-36c"/>
      </symbol>
      <symbol id="sm-e2b">
         <name>TimerConfigure</name>
         <value>0x2000e841</value>
         <object_component_ref idref="oc-354"/>
      </symbol>
      <symbol id="sm-e2c">
         <name>TimerIntClear</name>
         <value>0x2000f8b1</value>
         <object_component_ref idref="oc-378"/>
      </symbol>
      <symbol id="sm-e68">
         <name>UARTConfigSetExpClk</name>
         <value>0x2000dac5</value>
         <object_component_ref idref="oc-22a"/>
      </symbol>
      <symbol id="sm-e69">
         <name>UARTDisable</name>
         <value>0x2000ee75</value>
         <object_component_ref idref="oc-4c3"/>
      </symbol>
      <symbol id="sm-e6a">
         <name>UARTCharsAvail</name>
         <value>0x2000f6fd</value>
         <object_component_ref idref="oc-23c"/>
      </symbol>
      <symbol id="sm-e6b">
         <name>UARTCharGetNonBlocking</name>
         <value>0x2000f4ad</value>
         <object_component_ref idref="oc-242"/>
      </symbol>
      <symbol id="sm-e6c">
         <name>UARTCharPut</name>
         <value>0x2000f41d</value>
         <object_component_ref idref="oc-230"/>
      </symbol>
      <symbol id="sm-e6d">
         <name>UARTEnable</name>
         <value>0x2000f1b9</value>
         <object_component_ref idref="oc-4c9"/>
      </symbol>
      <symbol id="sm-e71">
         <name>UtilsDelay</name>
         <value>0x2000f981</value>
         <object_component_ref idref="oc-158"/>
      </symbol>
      <symbol id="sm-e7b">
         <name>CPUcpsie</name>
         <value>0x2000f827</value>
         <object_component_ref idref="oc-1f2"/>
      </symbol>
      <symbol id="sm-f37">
         <name>_sl_HandleAsync_InitComplete</name>
         <value>0x2000d419</value>
         <object_component_ref idref="oc-a9f"/>
      </symbol>
      <symbol id="sm-f38">
         <name>_SlDrvDeviceEventHandler</name>
         <value>0x2000cc05</value>
         <object_component_ref idref="oc-a49"/>
      </symbol>
      <symbol id="sm-f39">
         <name>_sl_HandleAsync_Stop</name>
         <value>0x2000e4c5</value>
         <object_component_ref idref="oc-a91"/>
      </symbol>
      <symbol id="sm-f3a">
         <name>sl_DevSet</name>
         <value>0x2000cca1</value>
         <object_component_ref idref="oc-2db"/>
      </symbol>
      <symbol id="sm-f3b">
         <name>sl_Stop</name>
         <value>0x2000b9d1</value>
         <object_component_ref idref="oc-292"/>
      </symbol>
      <symbol id="sm-f3c">
         <name>sl_Start</name>
         <value>0x2000bca1</value>
         <object_component_ref idref="oc-280"/>
      </symbol>
      <symbol id="sm-f3d">
         <name>sl_DevGet</name>
         <value>0x2000c481</value>
         <object_component_ref idref="oc-298"/>
      </symbol>
      <symbol id="sm-122b">
         <name>RxIrqCnt</name>
         <value>0x2001f234</value>
      </symbol>
      <symbol id="sm-122c">
         <name>g_bDeviceRestartIsRequired</name>
         <value>0x2001f235</value>
      </symbol>
      <symbol id="sm-122d">
         <name>_SlDrvProtectionObjUnLock</name>
         <value>0x2000f085</value>
         <object_component_ref idref="oc-5fe"/>
      </symbol>
      <symbol id="sm-122e">
         <name>_SlDrvBasicCmd</name>
         <value>0x2000e76d</value>
         <object_component_ref idref="oc-5ab"/>
      </symbol>
      <symbol id="sm-122f">
         <name>_SlDrvObjUnLock</name>
         <value>0x2000f329</value>
         <object_component_ref idref="oc-846"/>
      </symbol>
      <symbol id="sm-1230">
         <name>_SlDrvObjLockWaitForever</name>
         <value>0x2000f125</value>
         <object_component_ref idref="oc-840"/>
      </symbol>
      <symbol id="sm-1231">
         <name>_SlDrvMsgReadSpawnCtx</name>
         <value>0x2000be75</value>
         <object_component_ref idref="oc-7df"/>
      </symbol>
      <symbol id="sm-1232">
         <name>_SlDrvDispatchHttpServerEvents</name>
         <value>0x2000f8e5</value>
         <object_component_ref idref="oc-a69"/>
      </symbol>
      <symbol id="sm-1233">
         <name>_SlDrvHandleNetAppEvents</name>
         <value>0x2000ea19</value>
         <object_component_ref idref="oc-a55"/>
      </symbol>
      <symbol id="sm-1234">
         <name>_SlDriverHandleError</name>
         <value>0x2000c985</value>
         <object_component_ref idref="oc-7c1"/>
      </symbol>
      <symbol id="sm-1235">
         <name>_SlDrvDriverCBDeinit</name>
         <value>0x2000b351</value>
         <object_component_ref idref="oc-585"/>
      </symbol>
      <symbol id="sm-1236">
         <name>_SlDrvStartMeasureTimeout</name>
         <value>0x2000f4c9</value>
         <object_component_ref idref="oc-903"/>
      </symbol>
      <symbol id="sm-1237">
         <name>_SlDrvResetCmdExt</name>
         <value>0x2000f903</value>
         <object_component_ref idref="oc-594"/>
      </symbol>
      <symbol id="sm-1238">
         <name>_SlDrvIsTimeoutExpired</name>
         <value>0x2000d38d</value>
         <object_component_ref idref="oc-909"/>
      </symbol>
      <symbol id="sm-1239">
         <name>_SlDrvProtectAsyncRespSetting</name>
         <value>0x2000e5ad</value>
         <object_component_ref idref="oc-533"/>
      </symbol>
      <symbol id="sm-123a">
         <name>_SlDrvReleasePoolObj</name>
         <value>0x200098e1</value>
         <object_component_ref idref="oc-551"/>
      </symbol>
      <symbol id="sm-123b">
         <name>_SlDrvHandleWlanEvents</name>
         <value>0x2000ea59</value>
         <object_component_ref idref="oc-a4f"/>
      </symbol>
      <symbol id="sm-123c">
         <name>OpcodeTranslateTable</name>
         <value>0x20010208</value>
         <object_component_ref idref="oc-98e"/>
      </symbol>
      <symbol id="sm-123d">
         <name>pPingCallBackFunc</name>
         <value>0x2001f320</value>
         <object_component_ref idref="oc-472"/>
      </symbol>
      <symbol id="sm-123e">
         <name>_SlDrvDriverCBInit</name>
         <value>0x20009e35</value>
         <object_component_ref idref="oc-527"/>
      </symbol>
      <symbol id="sm-123f">
         <name>g_pCB</name>
         <value>0x2001f31c</value>
         <object_component_ref idref="oc-472"/>
      </symbol>
      <symbol id="sm-1240">
         <name>_SlDrvProtectionObjLockWaitForever</name>
         <value>0x2000efb5</value>
         <object_component_ref idref="oc-5f8"/>
      </symbol>
      <symbol id="sm-1241">
         <name>_SlDrvCmdOp</name>
         <value>0x2000c611</value>
         <object_component_ref idref="oc-469"/>
      </symbol>
      <symbol id="sm-1242">
         <name>_SlDrvSyncObjWaitTimeout</name>
         <value>0x2000e8c9</value>
         <object_component_ref idref="oc-54b"/>
      </symbol>
      <symbol id="sm-1243">
         <name>_SlDrvGlobalObjUnLock</name>
         <value>0x2000f05d</value>
         <object_component_ref idref="oc-6c1"/>
      </symbol>
      <symbol id="sm-1244">
         <name>_SlDrvMemZero</name>
         <value>0x2000f7fb</value>
         <object_component_ref idref="oc-5d0"/>
      </symbol>
      <symbol id="sm-1245">
         <name>_SlDrvWaitForPoolObj</name>
         <value>0x2000a31d</value>
         <object_component_ref idref="oc-5f2"/>
      </symbol>
      <symbol id="sm-1246">
         <name>_SlDrvSyncObjSignal</name>
         <value>0x2000f349</value>
         <object_component_ref idref="oc-7ce"/>
      </symbol>
      <symbol id="sm-1247">
         <name>_SlDrvDataReadOp</name>
         <value>0x200096fd</value>
         <object_component_ref idref="oc-646"/>
      </symbol>
      <symbol id="sm-1248">
         <name>_SlDrvDataWriteOp</name>
         <value>0x2000aa89</value>
         <object_component_ref idref="oc-63c"/>
      </symbol>
      <symbol id="sm-1249">
         <name>_SlDrvRxIrqHandler</name>
         <value>0x2000e375</value>
         <object_component_ref idref="oc-55d"/>
      </symbol>
      <symbol id="sm-124a">
         <name>_SlDrvHandleHttpServerEvents</name>
         <value>0x2000e885</value>
         <object_component_ref idref="oc-ab0"/>
      </symbol>
      <symbol id="sm-124b">
         <name>_SlDrvSyncObjWaitForever</name>
         <value>0x2000f0ad</value>
         <object_component_ref idref="oc-604"/>
      </symbol>
      <symbol id="sm-124c">
         <name>g_SlDeviceStatus</name>
         <value>0x2001f318</value>
         <object_component_ref idref="oc-472"/>
      </symbol>
      <symbol id="sm-124d">
         <name>_SlDrvCmdSend</name>
         <value>0x2000dd01</value>
         <object_component_ref idref="oc-ab7"/>
      </symbol>
      <symbol id="sm-124e">
         <name>_SlActionLookupTable</name>
         <value>0x20010244</value>
         <object_component_ref idref="oc-a0e"/>
      </symbol>
      <symbol id="sm-12f6">
         <name>sl_NetAppMDNSUnRegisterService</name>
         <value>0x2000df71</value>
         <object_component_ref idref="oc-2bc"/>
      </symbol>
      <symbol id="sm-12f7">
         <name>_SlNetAppSendTokenValueCmdCtrl</name>
         <value>0x200104c2</value>
         <object_component_ref idref="oc-abd"/>
      </symbol>
      <symbol id="sm-12f8">
         <name>sl_NetAppDnsGetHostByName</name>
         <value>0x2000ae65</value>
         <object_component_ref idref="oc-2e7"/>
      </symbol>
      <symbol id="sm-12f9">
         <name>_sl_HandleAsync_DnsGetHostByName</name>
         <value>0x2000d0c5</value>
         <object_component_ref idref="oc-a5d"/>
      </symbol>
      <symbol id="sm-12fa">
         <name>_sl_HandleAsync_PingResponse</name>
         <value>0x2000d155</value>
         <object_component_ref idref="oc-9fa"/>
      </symbol>
      <symbol id="sm-12fb">
         <name>_SlDrvNetAppEventHandler</name>
         <value>0x2000b6d1</value>
         <object_component_ref idref="oc-9f4"/>
      </symbol>
      <symbol id="sm-12fc">
         <name>_sl_HandleAsync_DnsGetHostByService</name>
         <value>0x2000c3b5</value>
         <object_component_ref idref="oc-a63"/>
      </symbol>
      <symbol id="sm-12fd">
         <name>_sl_NetAppSendTokenValue</name>
         <value>0x2000dd6d</value>
         <object_component_ref idref="oc-a6f"/>
      </symbol>
      <symbol id="sm-12fe">
         <name>sl_NetAppMDNSRegisterUnregisterService</name>
         <value>0x2000c125</value>
         <object_component_ref idref="oc-5c0"/>
      </symbol>
      <symbol id="sm-1320">
         <name>sl_NetCfgSet</name>
         <value>0x2000cd39</value>
         <object_component_ref idref="oc-2b0"/>
      </symbol>
      <symbol id="sm-1368">
         <name>_SlNonOsSemSet</name>
         <value>0x2000f715</value>
         <object_component_ref idref="oc-762"/>
      </symbol>
      <symbol id="sm-1369">
         <name>_SlNonOsSpawn</name>
         <value>0x2000dea9</value>
         <object_component_ref idref="oc-7d9"/>
      </symbol>
      <symbol id="sm-136a">
         <name>_SlNonOsSemGet</name>
         <value>0x2000c785</value>
         <object_component_ref idref="oc-768"/>
      </symbol>
      <symbol id="sm-136b">
         <name>_SlNonOsMainLoopTask</name>
         <value>0x2000db3d</value>
         <object_component_ref idref="oc-286"/>
      </symbol>
      <symbol id="sm-136c">
         <name>g__SlNonOsCB</name>
         <value>0x2001f280</value>
         <object_component_ref idref="oc-56a"/>
      </symbol>
      <symbol id="sm-146d">
         <name>sl_Recv</name>
         <value>0x2000cac9</value>
         <object_component_ref idref="oc-318"/>
      </symbol>
      <symbol id="sm-146e">
         <name>sl_Send</name>
         <value>0x2000b21d</value>
         <object_component_ref idref="oc-312"/>
      </symbol>
      <symbol id="sm-146f">
         <name>_sl_HandleAsync_Connect</name>
         <value>0x2000d851</value>
         <object_component_ref idref="oc-a85"/>
      </symbol>
      <symbol id="sm-1470">
         <name>sl_Htonl</name>
         <value>0x2000e995</value>
         <object_component_ref idref="oc-2f3"/>
      </symbol>
      <symbol id="sm-1471">
         <name>sl_Htons</name>
         <value>0x2000ec89</value>
         <object_component_ref idref="oc-2ed"/>
      </symbol>
      <symbol id="sm-1472">
         <name>sl_Connect</name>
         <value>0x2000a4ad</value>
         <object_component_ref idref="oc-305"/>
      </symbol>
      <symbol id="sm-1473">
         <name>sl_Socket</name>
         <value>0x2000d4a5</value>
         <object_component_ref idref="oc-2f9"/>
      </symbol>
      <symbol id="sm-1474">
         <name>_sl_HandleAsync_Select</name>
         <value>0x2000e41d</value>
         <object_component_ref idref="oc-a8b"/>
      </symbol>
      <symbol id="sm-1475">
         <name>sl_Close</name>
         <value>0x2000e09d</value>
         <object_component_ref idref="oc-19e"/>
      </symbol>
      <symbol id="sm-1476">
         <name>_sl_HandleAsync_Accept</name>
         <value>0x2000df0d</value>
         <object_component_ref idref="oc-a7f"/>
      </symbol>
      <symbol id="sm-1477">
         <name>sl_SetSockOpt</name>
         <value>0x2000cdd1</value>
         <object_component_ref idref="oc-2ff"/>
      </symbol>
      <symbol id="sm-1531">
         <name>sl_WlanDisconnect</name>
         <value>0x2000ed39</value>
         <object_component_ref idref="oc-2aa"/>
      </symbol>
      <symbol id="sm-1532">
         <name>sl_WlanPolicySet</name>
         <value>0x2000d1e5</value>
         <object_component_ref idref="oc-29e"/>
      </symbol>
      <symbol id="sm-1533">
         <name>sl_WlanProfileDel</name>
         <value>0x2000e0fd</value>
         <object_component_ref idref="oc-2a4"/>
      </symbol>
      <symbol id="sm-1534">
         <name>sl_WlanRxFilterSet</name>
         <value>0x2000d749</value>
         <object_component_ref idref="oc-2c8"/>
      </symbol>
      <symbol id="sm-1535">
         <name>sl_WlanConnect</name>
         <value>0x20008d51</value>
         <object_component_ref idref="oc-2cf"/>
      </symbol>
      <symbol id="sm-1536">
         <name>sl_WlanSet</name>
         <value>0x2000ce69</value>
         <object_component_ref idref="oc-2b6"/>
      </symbol>
      <symbol id="sm-1537">
         <name>sl_WlanSetMode</name>
         <value>0x2000e15d</value>
         <object_component_ref idref="oc-28c"/>
      </symbol>
      <symbol id="sm-1657">
         <name>g_ucDinDout</name>
         <value>0x2001f168</value>
      </symbol>
      <symbol id="sm-1658">
         <name>g_cDummy</name>
         <value>0x2001f236</value>
      </symbol>
      <symbol id="sm-1659">
         <name>NwpMaskInterrupt</name>
         <value>0x2000f92d</value>
         <object_component_ref idref="oc-7ac"/>
      </symbol>
      <symbol id="sm-165a">
         <name>NwpPrePowerOffTimout0</name>
         <value>0x2000f2c9</value>
         <object_component_ref idref="oc-579"/>
      </symbol>
      <symbol id="sm-165b">
         <name>NwpRegisterInterruptHandler</name>
         <value>0x2000eb59</value>
         <object_component_ref idref="oc-53f"/>
      </symbol>
      <symbol id="sm-165c">
         <name>g_pHostIntHdl</name>
         <value>0x2001f338</value>
         <object_component_ref idref="oc-79d"/>
      </symbol>
      <symbol id="sm-165d">
         <name>simplelink_timerA2_start</name>
         <value>0x2000ec4d</value>
         <object_component_ref idref="oc-a21"/>
      </symbol>
      <symbol id="sm-165e">
         <name>NwpUnMaskInterrupt</name>
         <value>0x2000f939</value>
         <object_component_ref idref="oc-7ba"/>
      </symbol>
      <symbol id="sm-165f">
         <name>NwpPowerOff</name>
         <value>0x2000ed01</value>
         <object_component_ref idref="oc-539"/>
      </symbol>
      <symbol id="sm-1660">
         <name>TimerGetCurrentTimestamp</name>
         <value>0x2000f309</value>
         <object_component_ref idref="oc-9c3"/>
      </symbol>
      <symbol id="sm-1661">
         <name>spi_Read</name>
         <value>0x2000bac1</value>
         <object_component_ref idref="oc-981"/>
      </symbol>
      <symbol id="sm-1662">
         <name>DmaSpiSwIntHandler</name>
         <value>0x2000f171</value>
         <object_component_ref idref="oc-7a3"/>
      </symbol>
      <symbol id="sm-1663">
         <name>NwpPowerOn</name>
         <value>0x2000ef31</value>
         <object_component_ref idref="oc-545"/>
      </symbol>
      <symbol id="sm-1664">
         <name>spi_Close</name>
         <value>0x2000da4d</value>
         <object_component_ref idref="oc-57f"/>
      </symbol>
      <symbol id="sm-1665">
         <name>spi_Write</name>
         <value>0x2000cf01</value>
         <object_component_ref idref="oc-870"/>
      </symbol>
      <symbol id="sm-1666">
         <name>spi_Open</name>
         <value>0x2000abd9</value>
         <object_component_ref idref="oc-52d"/>
      </symbol>
      <symbol id="sm-1667">
         <name>g_ucDMAEnabled</name>
         <value>0x2001f33c</value>
         <object_component_ref idref="oc-79d"/>
      </symbol>
      <symbol id="sm-1668">
         <name>g_SpiFd</name>
         <value>0x2001f334</value>
         <object_component_ref idref="oc-79d"/>
      </symbol>
      <symbol id="sm-16bf">
         <name>uDMAChannelControlSet</name>
         <value>0x2000ecc5</value>
         <object_component_ref idref="oc-a2c"/>
      </symbol>
      <symbol id="sm-16c0">
         <name>uDMAChannelAttributeEnable</name>
         <value>0x2000e039</value>
         <object_component_ref idref="oc-a32"/>
      </symbol>
      <symbol id="sm-16c1">
         <name>uDMAChannelTransferSet</name>
         <value>0x2000bbb1</value>
         <object_component_ref idref="oc-a38"/>
      </symbol>
      <symbol id="sm-16c2">
         <name>uDMAChannelAssign</name>
         <value>0x2000e691</value>
         <object_component_ref idref="oc-917"/>
      </symbol>
      <symbol id="sm-16c3">
         <name>uDMAChannelAttributeDisable</name>
         <value>0x2000dfd5</value>
         <object_component_ref idref="oc-91d"/>
      </symbol>
      <symbol id="sm-16c4">
         <name>uDMAChannelEnable</name>
         <value>0x2000f539</value>
         <object_component_ref idref="oc-a3e"/>
      </symbol>
      <symbol id="sm-16c5">
         <name>__TI_static_base__</name>
         <value>0x20010508</value>
      </symbol>
      <symbol id="sm-16c8">
         <name>__mpu_init</name>
         <value>0x0</value>
      </symbol>
      <symbol id="sm-16c9">
         <name>_system_post_cinit</name>
         <value>0x0</value>
      </symbol>
   </symbol_table>
   <title>Link successful</title>
</link_info>
