******************************************************************************
                  TI ARM Linker PC v18.12.4                    
******************************************************************************
>> Linked Mon Jan 17 22:05:06 2022

OUTPUT FILE NAME:   <lab1.out>
ENTRY POINT SYMBOL: "_c_int00_noargs"  address: 20007569


MEMORY CONFIGURATION

         name            origin    length      used     unused   attr    fill
----------------------  --------  ---------  --------  --------  ----  --------
  SRAM_CODE             20004000   00019000  00003d82  0001527e  RW X
  SRAM_DATA             2001d000   00023000  0000103f  00021fc1  RW X


SEGMENT ALLOCATION MAP

run origin  load origin   length   init length attrs members
----------  ----------- ---------- ----------- ----- -------
20004000    20004000    00003d88   00003d88    r-x
  20004000    20004000    00000400   00000400    r-- .intvecs
  20004400    20004400    0000358a   0000358a    r-x .text
  2000798c    2000798c    000003b0   000003b0    r-- .const
  20007d40    20007d40    00000048   00000048    r-- .cinit
2001d000    2001d000    0000083f   00000000    rw-
  2001d000    2001d000    00000800   00000000    rw- .sysmem
  2001d800    2001d800    00000038   00000000    rw- .data
  2001d838    2001d838    00000007   00000000    rw- .bss
2003f800    2003f800    00000800   00000000    rw-
  2003f800    2003f800    00000800   00000000    rw- .stack


SECTION ALLOCATION MAP

 output                                  attributes/
section   page    origin      length       input sections
--------  ----  ----------  ----------   ----------------
.intvecs   0    20004000    00000400     
                  20004000    00000400     startup_ccs.obj (.intvecs)

.init_array 
*          0    20004000    00000000     UNINITIALIZED

.text      0    20004400    0000358a     
                  20004400    00000a4e     rtsv7M4_T_le_v4SPD16_eabi.lib : _printfi.c.obj (.text:__TI_printfi)
                  20004e4e    00000002                                   : _lock.c.obj (.text:_nop)
                  20004e50    000003f8     main.obj (.text)
                  20005248    00000398     gpio_if.obj (.text)
                  200055e0    00000280     uart_if.obj (.text)
                  20005860    00000270     rtsv7M4_T_le_v4SPD16_eabi.lib : _printfi.c.obj (.text:_pconv_a)
                  20005ad0    000001d0                                   : _printfi.c.obj (.text:_pconv_g)
                  20005ca0    000001b6                                   : fd_add_t2.asm.obj (.text)
                  20005e56    00000002                                   : div0.asm.obj (.text)
                  20005e58    00000178     driverlib.a : prcm.obj (.text:PRCMCC3200MCUInit)
                  20005fd0    0000013c     rtsv7M4_T_le_v4SPD16_eabi.lib : _printfi.c.obj (.text:_pconv_e)
                  2000610c    00000138     pin_mux_config.obj (.text)
                  20006244    00000136     rtsv7M4_T_le_v4SPD16_eabi.lib : fd_div_t2.asm.obj (.text)
                  2000637a    00000002     --HOLE-- [fill = 0]
                  2000637c    00000124                                   : _printfi.c.obj (.text:fcvt)
                  200064a0    00000118                                   : memory.c.obj (.text:aligned_alloc)
                  200065b8    00000110                                   : s_scalbn.c.obj (.text:scalbn)
                  200066c8    000000fc                                   : fd_mul_t2.asm.obj (.text)
                  200067c4    000000e8                                   : memory.c.obj (.text:realloc)
                  200068ac    000000e4                                   : memory.c.obj (.text:free)
                  20006990    000000b1                                   : _printfi.c.obj (.text:_ltostr)
                  20006a41    00000003     --HOLE-- [fill = 0]
                  20006a44    000000a8     driverlib.a : interrupt.obj (.text:IntEnable)
                  20006aec    0000009c     rtsv7M4_T_le_v4SPD16_eabi.lib : memcpy_t2.asm.obj (.text)
                  20006b88    00000096                                   : ull_div_t2.asm.obj (.text)
                  20006c1e    00000002     --HOLE-- [fill = 0]
                  20006c20    00000094     driverlib.a : prcm.obj (.text:PRCMPeripheralClockGet)
                  20006cb4    00000088                 : pin.obj (.text:PinConfigSet)
                  20006d3c    00000086     rtsv7M4_T_le_v4SPD16_eabi.lib : fd_cmp_t2.asm.obj (.text:__aeabi_cdcmple)
                  20006dc2    00000086                                   : fd_cmp_t2.asm.obj (.text:__aeabi_cdrcmple)
                  20006e48    00000082     driverlib.a : gpio.obj (.text:GPIOIntTypeSet)
                  20006eca    0000007a     rtsv7M4_T_le_v4SPD16_eabi.lib : memset_t2.asm.obj (.text)
                  20006f44    00000076     driverlib.a : uart.obj (.text:UARTConfigSetExpClk)
                  20006fba    00000002     --HOLE-- [fill = 0]
                  20006fbc    00000070     rtsv7M4_T_le_v4SPD16_eabi.lib : memory.c.obj (.text:split)
                  2000702c    0000006e                                   : _printfi.c.obj (.text:_mcpy)
                  2000709a    00000068                                   : copy_decompress_lzss.c.obj (.text:decompress:lzss:__TI_decompress_lzss)
                  20007102    00000002     --HOLE-- [fill = 0]
                  20007104    00000064                                   : s_frexp.c.obj (.text:frexp)
                  20007168    00000058     driverlib.a : prcm.obj (.text:PRCMPeripheralReset)
                  200071c0    00000056     rtsv7M4_T_le_v4SPD16_eabi.lib : _printfi.c.obj (.text:_pconv_f)
                  20007216    00000002     --HOLE-- [fill = 0]
                  20007218    00000054     driverlib.a : interrupt.obj (.text:IntPrioritySet)
                  2000726c    00000054     rtsv7M4_T_le_v4SPD16_eabi.lib : ltoa.c.obj (.text:ltoa)
                  200072c0    00000052                                   : _printfi.c.obj (.text:_ecpy)
                  20007312    00000002     --HOLE-- [fill = 0]
                  20007314    0000004c                                   : atoi.c.obj (.text:atoi)
                  20007360    00000048     driverlib.a : gpio.obj (.text:GPIOGetIntNumber)
                  200073a8    00000048     rtsv7M4_T_le_v4SPD16_eabi.lib : fd_toi_t2.asm.obj (.text)
                  200073f0    00000044                                   : autoinit.c.obj (.text:__TI_auto_init_nobinit_nopinit:__TI_auto_init_nobinit_nopinit)
                  20007434    00000040     driverlib.a : pin.obj (.text:PinModeSet)
                  20007474    00000040     rtsv7M4_T_le_v4SPD16_eabi.lib : vsnprintf.c.obj (.text:vsnprintf)
                  200074b4    0000003e                                   : _printfi.c.obj (.text:_fcpy)
                  200074f2    00000002     --HOLE-- [fill = 0]
                  200074f4    0000003c     driverlib.a : prcm.obj (.text:PRCMPeripheralClkEnable)
                  20007530    00000036                 : gpio.obj (.text:GPIODirModeSet)
                  20007566    00000002     --HOLE-- [fill = 0]
                  20007568    00000034     rtsv7M4_T_le_v4SPD16_eabi.lib : boot_cortex_m.c.obj (.text:_c_int00_noargs:_c_int00_noargs)
                  2000759c    00000030     driverlib.a : pin.obj (.text:PinTypeGPIO)
                  200075cc    00000030                 : uart.obj (.text:UARTDisable)
                  200075fc    00000030     rtsv7M4_T_le_v4SPD16_eabi.lib : vsnprintf.c.obj (.text:_outs)
                  2000762c    0000002e                                   : i_tofd_t2.asm.obj (.text)
                  2000765a    00000002     --HOLE-- [fill = 0]
                  2000765c    0000002c     driverlib.a : prcm.obj (.text:PRCMSysResetCauseGet)
                  20007688    00000028                 : prcm.obj (.text:PRCMPeripheralClkDisable)
                  200076b0    00000028     rtsv7M4_T_le_v4SPD16_eabi.lib : memory.c.obj (.text:free_list_insert)
                  200076d8    00000024     driverlib.a : uart.obj (.text:UARTEnable)
                  200076fc    00000024     rtsv7M4_T_le_v4SPD16_eabi.lib : memmov.c.obj (.text:memmove)
                  20007720    00000020     driverlib.a : gpio.obj (.text:GPIOPinWrite)
                  20007740    00000020                 : interrupt.obj (.text:IntRegister)
                  20007760    0000001e                 : gpio.obj (.text:GPIOIntRegister)
                  2000777e    0000001e                 : uart.obj (.text:UARTCharPut)
                  2000779c    0000001c                 : uart.obj (.text:UARTCharGetNonBlocking)
                  200077b8    0000001c     rtsv7M4_T_le_v4SPD16_eabi.lib : copy_zero_init.c.obj (.text:decompress:ZI:__TI_zero_init_nomemset:__TI_zero_init_nomemset)
                  200077d4    0000001c                                   : memory.c.obj (.text:free_list_remove)
                  200077f0    0000001c                                   : memccpy.c.obj (.text:memccpy)
                  2000780c    0000001a     driverlib.a : gpio.obj (.text:GPIOIntEnable)
                  20007826    0000001a                 : pin.obj (.text:PinTypeUART)
                  20007840    0000001a     rtsv7M4_T_le_v4SPD16_eabi.lib : s_copysign.c.obj (.text:copysign)
                  2000785a    00000018     driverlib.a : gpio.obj (.text:GPIOPinRead)
                  20007872    00000018                 : uart.obj (.text:UARTCharsAvail)
                  2000788a    00000018     rtsv7M4_T_le_v4SPD16_eabi.lib : vsnprintf.c.obj (.text:_outc)
                  200078a2    00000016     driverlib.a : prcm.obj (.text:PRCMHIBRegRead)
                  200078b8    00000016                 : prcm.obj (.text:PRCMHIBRegWrite)
                  200078ce    00000016     rtsv7M4_T_le_v4SPD16_eabi.lib : strchr.c.obj (.text:strchr)
                  200078e4    00000014     driverlib.a : cpu.obj (.text:CPUcpsie)
                  200078f8    00000014                 : gpio.obj (.text:GPIOIntClear)
                  2000790c    00000014                 : interrupt.obj (.text:IntVTableBaseSet)
                  20007920    00000014     rtsv7M4_T_le_v4SPD16_eabi.lib : strlen.c.obj (.text:strlen)
                  20007934    00000012                                   : wcslen.c.obj (.text:wcslen)
                  20007946    0000000e                                   : copy_decompress_none.c.obj (.text:decompress:none:__TI_decompress_none)
                  20007954    0000000e     startup_ccs.obj (.text)
                  20007962    0000000a     driverlib.a : interrupt.obj (.text:IntMasterEnable)
                  2000796c    00000008     rtsv7M4_T_le_v4SPD16_eabi.lib : errno.c.obj (.text:__aeabi_errno_addr)
                  20007974    00000008                                   : memory.c.obj (.text:malloc)
                  2000797c    00000006     driverlib.a : utils.obj (.text:UtilsDelay)
                  20007982    00000004     rtsv7M4_T_le_v4SPD16_eabi.lib : pre_init.c.obj (.text:_system_pre_init)
                  20007986    00000004                                   : exit.c.obj (.text:abort:abort)

.const     0    2000798c    000003b0     
                  2000798c    00000101     rtsv7M4_T_le_v4SPD16_eabi.lib : ctype.c.obj (.const:.string:_ctypes_)
                  20007a8d    00000003     --HOLE-- [fill = 0]
                  20007a90    00000100     driverlib.a : pin.obj (.const:g_ulPinToPadMap)
                  20007b90    000000d4                 : interrupt.obj (.const:g_pulRegs)
                  20007c64    000000a8                 : prcm.obj (.const:PRCM_PeriphRegsList)
                  20007d0c    00000018                 : interrupt.obj (.const:g_pulEnRegs)
                  20007d24    0000000c     main.obj (.const:.string:$P$T0$1)
                  20007d30    0000000c     main.obj (.const:.string:$P$T1$2)

.cinit     0    20007d40    00000048     
                  20007d40    00000023     (.cinit..data.load) [load image, compression = lzss]
                  20007d63    00000001     --HOLE-- [fill = 0]
                  20007d64    0000000c     (__TI_handler_table)
                  20007d70    00000008     (.cinit..bss.load) [load image, compression = zero_init]
                  20007d78    00000010     (__TI_cinit_table)

.sysmem    0    2001d000    00000800     UNINITIALIZED
                  2001d000    00000010     rtsv7M4_T_le_v4SPD16_eabi.lib : memory.c.obj (.sysmem)
                  2001d010    000007f0     --HOLE--

.data      0    2001d800    00000038     UNINITIALIZED
                  2001d800    00000014     gpio_if.obj (.data:ulReg)
                  2001d814    0000000c     gpio_if.obj (.data)
                  2001d820    00000008     rtsv7M4_T_le_v4SPD16_eabi.lib : _lock.c.obj (.data:$O1$$)
                  2001d828    00000008                                   : memory.c.obj (.data:$O1$$)
                  2001d830    00000004     main.obj (.data)
                  2001d834    00000004     rtsv7M4_T_le_v4SPD16_eabi.lib : errno.c.obj (.data)

.bss       0    2001d838    00000007     UNINITIALIZED
                  2001d838    00000004     uart_if.obj (.bss)
                  2001d83c    00000001     (.common:g_ucLED1Pin)
                  2001d83d    00000001     (.common:g_ucLED2Pin)
                  2001d83e    00000001     (.common:g_ucLED3Pin)

.stack     0    2003f800    00000800     UNINITIALIZED
                  2003f800    00000004     rtsv7M4_T_le_v4SPD16_eabi.lib : boot_cortex_m.c.obj (.stack)
                  2003f804    000007fc     --HOLE--

MODULE SUMMARY

       Module                       code    ro data   rw data
       ------                       ----    -------   -------
    .\
       main.obj                     1016    24        4      
       startup_ccs.obj              14      1024      0      
       gpio_if.obj                  920     0         35     
       uart_if.obj                  640     0         4      
       pin_mux_config.obj           312     0         0      
    +--+----------------------------+-------+---------+---------+
       Total:                       2902    1048      43     
                                                             
    C:/ti/CC3200SDK_1.4.0/cc3200-sdk/driverlib/ccs/Release/driverlib.a
       prcm.obj                     800     168       0      
       interrupt.obj                314     236       0      
       pin.obj                      274     256       0      
       gpio.obj                     388     0         0      
       uart.obj                     284     0         0      
       cpu.obj                      20      0         0      
       utils.obj                    6       0         0      
    +--+----------------------------+-------+---------+---------+
       Total:                       2086    660       0      
                                                             
    C:\ti\ccs930\ccs\tools\compiler\ti-cgt-arm_18.12.4.LTS\lib\rtsv7M4_T_le_v4SPD16_eabi.lib
       _printfi.c.obj               4851    0         0      
       memory.c.obj                 928     0         8      
       fd_add_t2.asm.obj            438     0         0      
       fd_div_t2.asm.obj            310     0         0      
       s_scalbn.c.obj               272     0         0      
       fd_cmp_t2.asm.obj            268     0         0      
       ctype.c.obj                  0       257       0      
       fd_mul_t2.asm.obj            252     0         0      
       memcpy_t2.asm.obj            156     0         0      
       ull_div_t2.asm.obj           150     0         0      
       vsnprintf.c.obj              136     0         0      
       memset_t2.asm.obj            122     0         0      
       copy_decompress_lzss.c.obj   104     0         0      
       s_frexp.c.obj                100     0         0      
       ltoa.c.obj                   84      0         0      
       atoi.c.obj                   76      0         0      
       fd_toi_t2.asm.obj            72      0         0      
       autoinit.c.obj               68      0         0      
       boot_cortex_m.c.obj          52      0         0      
       i_tofd_t2.asm.obj            46      0         0      
       memmov.c.obj                 36      0         0      
       copy_zero_init.c.obj         28      0         0      
       memccpy.c.obj                28      0         0      
       s_copysign.c.obj             26      0         0      
       strchr.c.obj                 22      0         0      
       strlen.c.obj                 20      0         0      
       wcslen.c.obj                 18      0         0      
       copy_decompress_none.c.obj   14      0         0      
       errno.c.obj                  8       0         4      
       _lock.c.obj                  2       0         8      
       exit.c.obj                   4       0         0      
       pre_init.c.obj               4       0         0      
       div0.asm.obj                 2       0         0      
    +--+----------------------------+-------+---------+---------+
       Total:                       8697    257       20     
                                                             
       Heap:                        0       0         2048   
       Stack:                       0       0         2048   
       Linker Generated:            0       71        0      
    +--+----------------------------+-------+---------+---------+
       Grand Total:                 13685   2036      4159   


LINKER GENERATED COPY TABLES

__TI_cinit_table @ 20007d78 records: 2, size/record: 8, table size: 16
	.data: load addr=20007d40, load size=00000023 bytes, run addr=2001d800, run size=00000038 bytes, compression=lzss
	.bss: load addr=20007d70, load size=00000008 bytes, run addr=2001d838, run size=00000007 bytes, compression=zero_init


LINKER GENERATED HANDLER TABLE

__TI_handler_table @ 20007d64 records: 3, size/record: 4, table size: 12
	index: 0, handler: __TI_decompress_lzss
	index: 1, handler: __TI_decompress_none
	index: 2, handler: __TI_zero_init


GLOBAL SYMBOLS: SORTED ALPHABETICALLY BY Name 

address   name                          
-------   ----                          
20007987  C$$EXIT                       
200078e5  CPUcpsie                      
20005621  ClearTerm                     
2000562b  Error                         
20007531  GPIODirModeSet                
200078f9  GPIOIntClear                  
2000780d  GPIOIntEnable                 
20007761  GPIOIntRegister               
20006e49  GPIOIntTypeSet                
2000785b  GPIOPinRead                   
20007721  GPIOPinWrite                  
20005509  GPIO_IF_ConfigureNIntEnable   
20005595  GPIO_IF_Get                   
200054c3  GPIO_IF_GetPortNPin           
20005285  GPIO_IF_LedConfigure          
20005377  GPIO_IF_LedOff                
200052c3  GPIO_IF_LedOn                 
2000542b  GPIO_IF_LedStatus             
20005495  GPIO_IF_LedToggle             
20005551  GPIO_IF_Set                   
20005663  GetCmd                        
200055e1  InitTerm                      
20006a45  IntEnable                     
20007963  IntMasterEnable               
20007219  IntPrioritySet                
20007741  IntRegister                   
2000790d  IntVTableBaseSet              
20004e77  LEDBinaryCounting             
20004faf  LEDBlinkUnison                
2001d830  MAX_BINARY_SEQUENCE           
200055ff  Message                       
20005e59  PRCMCC3200MCUInit             
200078a3  PRCMHIBRegRead                
200078b9  PRCMHIBRegWrite               
20007689  PRCMPeripheralClkDisable      
200074f5  PRCMPeripheralClkEnable       
20006c21  PRCMPeripheralClockGet        
20007169  PRCMPeripheralReset           
2000765d  PRCMSysResetCauseGet          
20006cb5  PinConfigSet                  
20007435  PinModeSet                    
2000610d  PinMuxConfig                  
2000759d  PinTypeGPIO                   
20007827  PinTypeUART                   
200057a1  Report                        
20007955  ResetISR                      
20005709  TrimSpace                     
2000779d  UARTCharGetNonBlocking        
2000777f  UARTCharPut                   
20007873  UARTCharsAvail                
20006f45  UARTConfigSetExpClk           
200075cd  UARTDisable                   
200076d9  UARTEnable                    
2000797d  UtilsDelay                    
20040000  __STACK_END                   
00000800  __STACK_SIZE                  
00000800  __SYSMEM_SIZE                 
20007d78  __TI_CINIT_Base               
20007d88  __TI_CINIT_Limit              
20007d64  __TI_Handler_Table_Base       
20007d70  __TI_Handler_Table_Limit      
200073f1  __TI_auto_init_nobinit_nopinit
2000709b  __TI_decompress_lzss          
20007947  __TI_decompress_none          
ffffffff  __TI_pprof_out_hndl           
20004401  __TI_printfi                  
ffffffff  __TI_prof_data_size           
ffffffff  __TI_prof_data_start          
20007d40  __TI_static_base__            
200077b9  __TI_zero_init_nomemset       
20006d3d  __aeabi_cdcmpeq               
20006d3d  __aeabi_cdcmple               
20006dc3  __aeabi_cdrcmple              
200073a9  __aeabi_d2iz                  
20005cab  __aeabi_dadd                  
20006245  __aeabi_ddiv                  
200066c9  __aeabi_dmul                  
20005ca1  __aeabi_dsub                  
2000796d  __aeabi_errno_addr            
2000762d  __aeabi_i2d                   
20005e57  __aeabi_idiv0                 
20005e57  __aeabi_ldiv0                 
20006ecb  __aeabi_memclr                
20006ecb  __aeabi_memclr4               
20006ecb  __aeabi_memclr8               
20006aed  __aeabi_memcpy                
20006aed  __aeabi_memcpy4               
20006aed  __aeabi_memcpy8               
20006ecd  __aeabi_memset                
20006ecd  __aeabi_memset4               
20006ecd  __aeabi_memset8               
20006b89  __aeabi_uldivmod              
ffffffff  __binit__                     
ffffffff  __c_args__                    
UNDEFED   __mpu_init                    
2003f800  __stack                       
20007569  _c_int00_noargs               
2000798c  _ctypes_                      
2001d820  _lock                         
20004e4f  _nop                          
2001d000  _sys_memory                   
UNDEFED   _system_post_cinit            
20007983  _system_pre_init              
2001d824  _unlock                       
20007987  abort                         
200064a1  aligned_alloc                 
20007315  atoi                          
ffffffff  binit                         
20007841  copysign                      
20007841  copysignl                     
2001d834  errno                         
200068ad  free                          
20007105  frexp                         
20007105  frexpl                        
20004000  g_pfnVectors                  
2001d83c  g_ucLED1Pin                   
2001d83d  g_ucLED2Pin                   
2001d83e  g_ucLED3Pin                   
2001d814  g_uiLED1Port                  
2001d818  g_uiLED2Port                  
2001d81c  g_uiLED3Port                  
200065b9  ldexp                         
200065b9  ldexpl                        
2000726d  ltoa                          
20005001  main                          
20007975  malloc                        
200064a1  memalign                      
200077f1  memccpy                       
20006aed  memcpy                        
200076fd  memmove                       
20006ed3  memset                        
200067c5  realloc                       
200065b9  scalbn                        
200065b9  scalbnl                       
200078cf  strchr                        
20007921  strlen                        
20007475  vsnprintf                     
20007935  wcslen                        


GLOBAL SYMBOLS: SORTED BY Symbol Address 

address   name                          
-------   ----                          
00000800  __STACK_SIZE                  
00000800  __SYSMEM_SIZE                 
20004000  g_pfnVectors                  
20004401  __TI_printfi                  
20004e4f  _nop                          
20004e77  LEDBinaryCounting             
20004faf  LEDBlinkUnison                
20005001  main                          
20005285  GPIO_IF_LedConfigure          
200052c3  GPIO_IF_LedOn                 
20005377  GPIO_IF_LedOff                
2000542b  GPIO_IF_LedStatus             
20005495  GPIO_IF_LedToggle             
200054c3  GPIO_IF_GetPortNPin           
20005509  GPIO_IF_ConfigureNIntEnable   
20005551  GPIO_IF_Set                   
20005595  GPIO_IF_Get                   
200055e1  InitTerm                      
200055ff  Message                       
20005621  ClearTerm                     
2000562b  Error                         
20005663  GetCmd                        
20005709  TrimSpace                     
200057a1  Report                        
20005ca1  __aeabi_dsub                  
20005cab  __aeabi_dadd                  
20005e57  __aeabi_idiv0                 
20005e57  __aeabi_ldiv0                 
20005e59  PRCMCC3200MCUInit             
2000610d  PinMuxConfig                  
20006245  __aeabi_ddiv                  
200064a1  aligned_alloc                 
200064a1  memalign                      
200065b9  ldexp                         
200065b9  ldexpl                        
200065b9  scalbn                        
200065b9  scalbnl                       
200066c9  __aeabi_dmul                  
200067c5  realloc                       
200068ad  free                          
20006a45  IntEnable                     
20006aed  __aeabi_memcpy                
20006aed  __aeabi_memcpy4               
20006aed  __aeabi_memcpy8               
20006aed  memcpy                        
20006b89  __aeabi_uldivmod              
20006c21  PRCMPeripheralClockGet        
20006cb5  PinConfigSet                  
20006d3d  __aeabi_cdcmpeq               
20006d3d  __aeabi_cdcmple               
20006dc3  __aeabi_cdrcmple              
20006e49  GPIOIntTypeSet                
20006ecb  __aeabi_memclr                
20006ecb  __aeabi_memclr4               
20006ecb  __aeabi_memclr8               
20006ecd  __aeabi_memset                
20006ecd  __aeabi_memset4               
20006ecd  __aeabi_memset8               
20006ed3  memset                        
20006f45  UARTConfigSetExpClk           
2000709b  __TI_decompress_lzss          
20007105  frexp                         
20007105  frexpl                        
20007169  PRCMPeripheralReset           
20007219  IntPrioritySet                
2000726d  ltoa                          
20007315  atoi                          
200073a9  __aeabi_d2iz                  
200073f1  __TI_auto_init_nobinit_nopinit
20007435  PinModeSet                    
20007475  vsnprintf                     
200074f5  PRCMPeripheralClkEnable       
20007531  GPIODirModeSet                
20007569  _c_int00_noargs               
2000759d  PinTypeGPIO                   
200075cd  UARTDisable                   
2000762d  __aeabi_i2d                   
2000765d  PRCMSysResetCauseGet          
20007689  PRCMPeripheralClkDisable      
200076d9  UARTEnable                    
200076fd  memmove                       
20007721  GPIOPinWrite                  
20007741  IntRegister                   
20007761  GPIOIntRegister               
2000777f  UARTCharPut                   
2000779d  UARTCharGetNonBlocking        
200077b9  __TI_zero_init_nomemset       
200077f1  memccpy                       
2000780d  GPIOIntEnable                 
20007827  PinTypeUART                   
20007841  copysign                      
20007841  copysignl                     
2000785b  GPIOPinRead                   
20007873  UARTCharsAvail                
200078a3  PRCMHIBRegRead                
200078b9  PRCMHIBRegWrite               
200078cf  strchr                        
200078e5  CPUcpsie                      
200078f9  GPIOIntClear                  
2000790d  IntVTableBaseSet              
20007921  strlen                        
20007935  wcslen                        
20007947  __TI_decompress_none          
20007955  ResetISR                      
20007963  IntMasterEnable               
2000796d  __aeabi_errno_addr            
20007975  malloc                        
2000797d  UtilsDelay                    
20007983  _system_pre_init              
20007987  C$$EXIT                       
20007987  abort                         
2000798c  _ctypes_                      
20007d40  __TI_static_base__            
20007d64  __TI_Handler_Table_Base       
20007d70  __TI_Handler_Table_Limit      
20007d78  __TI_CINIT_Base               
20007d88  __TI_CINIT_Limit              
2001d000  _sys_memory                   
2001d814  g_uiLED1Port                  
2001d818  g_uiLED2Port                  
2001d81c  g_uiLED3Port                  
2001d820  _lock                         
2001d824  _unlock                       
2001d830  MAX_BINARY_SEQUENCE           
2001d834  errno                         
2001d83c  g_ucLED1Pin                   
2001d83d  g_ucLED2Pin                   
2001d83e  g_ucLED3Pin                   
2003f800  __stack                       
20040000  __STACK_END                   
ffffffff  __TI_pprof_out_hndl           
ffffffff  __TI_prof_data_size           
ffffffff  __TI_prof_data_start          
ffffffff  __binit__                     
ffffffff  __c_args__                    
ffffffff  binit                         
UNDEFED   __mpu_init                    
UNDEFED   _system_post_cinit            

[138 symbols]
