******************************************************************************
                  TI ARM Linker PC v18.12.4                    
******************************************************************************
>> Linked Tue Feb 15 15:44:21 2022

OUTPUT FILE NAME:   <I2C Project Files.out>
ENTRY POINT SYMBOL: "_c_int00_noargs"  address: 20009b91


MEMORY CONFIGURATION

         name            origin    length      used     unused   attr    fill
----------------------  --------  ---------  --------  --------  ----  --------
  SRAM_CODE             20004000   00013000  000069b6  0000c64a  RW X
  SRAM_DATA             20017000   00019000  000013d0  00017c30  RW X


SEGMENT ALLOCATION MAP

run origin  load origin   length   init length attrs members
----------  ----------- ---------- ----------- ----- -------
20004000    20004000    000069b8   000069b8    r-x
  20004000    20004000    00000400   00000400    r-- .intvecs
  20004400    20004400    00005b26   00005b26    r-x .text
  20009f28    20009f28    000009f0   000009f0    r-- .const
  2000a918    2000a918    000000a0   000000a0    r-- .cinit
20017000    20017000    00000bd0   00000000    rw-
  20017000    20017000    00000800   00000000    rw- .sysmem
  20017800    20017800    00000208   00000000    rw- .data
  20017a08    20017a08    000001c8   00000000    rw- .bss
2002f800    2002f800    00000800   00000000    rw-
  2002f800    2002f800    00000800   00000000    rw- .stack


SECTION ALLOCATION MAP

 output                                  attributes/
section   page    origin      length       input sections
--------  ----  ----------  ----------   ----------------
.intvecs   0    20004000    00000400     
                  20004000    00000400     startup_ccs.obj (.intvecs)

.init_array 
*          0    20004000    00000000     UNINITIALIZED

.text      0    20004400    00005b26     
                  20004400    00000a80     Adafruit_GFX.obj (.text)
                  20004e80    00000a4e     rtsv7M4_T_le_eabi.lib : _printfi.c.obj (.text:__TI_printfi)
                  200058ce    00000002                           : _lock.c.obj (.text:_nop)
                  200058d0    000009bc                           : e_pow.c.obj (.text:pow)
                  2000628c    00000964     main.obj (.text)
                  20006bf0    000004aa     Adafruit_OLED.obj (.text)
                  2000709a    00000002     rtsv7M4_T_le_eabi.lib : div0.asm.obj (.text)
                  2000709c    000002b4     i2c_if.obj (.text)
                  20007350    00000268     rtsv7M4_T_le_eabi.lib : _printfi.c.obj (.text:_pconv_a)
                  200075b8    000001cc                           : _printfi.c.obj (.text:_pconv_g)
                  20007784    000001b6                           : fd_add_t2.asm.obj (.text)
                  2000793a    00000002     --HOLE-- [fill = 0]
                  2000793c    00000178     driverlib.a : prcm.obj (.text:PRCMCC3200MCUInit)
                  20007ab4    0000015c     rtsv7M4_T_le_eabi.lib : e_sqrt.c.obj (.text:sqrt)
                  20007c10    0000013c                           : _printfi.c.obj (.text:_pconv_e)
                  20007d4c    00000136                           : fd_div_t2.asm.obj (.text)
                  20007e82    00000002     --HOLE-- [fill = 0]
                  20007e84    00000120                           : _printfi.c.obj (.text:fcvt)
                  20007fa4    00000118                           : memory.c.obj (.text:aligned_alloc)
                  200080bc    00000114                           : fputs.c.obj (.text:fputs)
                  200081d0    00000110     pin_mux_config.obj (.text)
                  200082e0    00000110     rtsv7M4_T_le_eabi.lib : strtoul.c.obj (.text:strtoul)
                  200083f0    000000fc                           : fd_mul_t2.asm.obj (.text)
                  200084ec    000000e4                           : memory.c.obj (.text:free)
                  200085d0    000000dc                           : setvbuf.c.obj (.text:setvbuf)
                  200086ac    000000d0                           : s_scalbn.c.obj (.text:scalbn)
                  2000877c    000000b1                           : _printfi.c.obj (.text:_ltostr)
                  2000882d    00000003     --HOLE-- [fill = 0]
                  20008830    000000a8     driverlib.a : interrupt.obj (.text:IntEnable)
                  200088d8    000000a0                 : spi.obj (.text:SPIConfigSetExpClk)
                  20008978    0000009c     rtsv7M4_T_le_eabi.lib : memcpy_t2.asm.obj (.text)
                  20008a14    00000096                           : ull_div_t2.asm.obj (.text)
                  20008aaa    00000002     --HOLE-- [fill = 0]
                  20008aac    00000094     driverlib.a : prcm.obj (.text:PRCMPeripheralClockGet)
                  20008b40    0000008c     rtsv7M4_T_le_eabi.lib : fputc.c.obj (.text:fputc)
                  20008bcc    00000088     driverlib.a : pin.obj (.text:PinConfigSet)
                  20008c54    00000086     rtsv7M4_T_le_eabi.lib : fd_cmp_t2.asm.obj (.text:__aeabi_cdcmple)
                  20008cda    00000086                           : fd_cmp_t2.asm.obj (.text:__aeabi_cdrcmple)
                  20008d60    00000084     driverlib.a : i2c.obj (.text:I2CMasterInitExpClk)
                  20008de4    0000007a     rtsv7M4_T_le_eabi.lib : memset_t2.asm.obj (.text)
                  20008e5e    00000002     --HOLE-- [fill = 0]
                  20008e60    00000074                           : fclose.c.obj (.text:__TI_closefile)
                  20008ed4    00000070                           : memory.c.obj (.text:split)
                  20008f44    0000006e                           : _printfi.c.obj (.text:_mcpy)
                  20008fb2    00000002     --HOLE-- [fill = 0]
                  20008fb4    0000006c                           : hostrename.c.obj (.text:HOSTrename)
                  20009020    00000068                           : hostlseek.c.obj (.text:HOSTlseek)
                  20009088    00000068                           : copy_decompress_lzss.c.obj (.text:decompress:lzss:__TI_decompress_lzss)
                  200090f0    00000068                           : printf.c.obj (.text:printf)
                  20009158    00000064                           : fseek.c.obj (.text:fseek)
                  200091bc    00000062                           : _io_perm.c.obj (.text:__TI_wrt_ok)
                  2000921e    00000002     --HOLE-- [fill = 0]
                  20009220    00000060                           : hostopen.c.obj (.text:HOSTopen)
                  20009280    0000005c                           : close.c.obj (.text:close)
                  200092dc    0000005c                           : s_frexp.c.obj (.text:frexp)
                  20009338    00000058                           : hostread.c.obj (.text:HOSTread)
                  20009390    00000058                           : hostwrite.c.obj (.text:HOSTwrite)
                  200093e8    00000058     driverlib.a : prcm.obj (.text:PRCMPeripheralReset)
                  20009440    00000056     rtsv7M4_T_le_eabi.lib : _printfi.c.obj (.text:_pconv_f)
                  20009496    00000054                           : ltoa.c.obj (.text:ltoa)
                  200094ea    00000052                           : _printfi.c.obj (.text:_ecpy)
                  2000953c    0000004c                           : fflush.c.obj (.text:__TI_doflush)
                  20009588    0000004c                           : atoi.c.obj (.text:atoi)
                  200095d4    00000048                           : exit.c.obj (.text:exit)
                  2000961c    00000048                           : fd_toi_t2.asm.obj (.text)
                  20009664    00000044                           : hostclose.c.obj (.text:HOSTclose)
                  200096a8    00000044                           : hostunlink.c.obj (.text:HOSTunlink)
                  200096ec    00000044                           : autoinit.c.obj (.text:__TI_auto_init_nobinit_nopinit:__TI_auto_init_nobinit_nopinit)
                  20009730    00000044                           : getdevice.c.obj (.text:getdevice)
                  20009774    00000040     driverlib.a : pin.obj (.text:PinModeSet)
                  200097b4    00000040     rtsv7M4_T_le_eabi.lib : strtok.c.obj (.text:strtok)
                  200097f4    0000003e                           : _printfi.c.obj (.text:_fcpy)
                  20009832    00000002     --HOLE-- [fill = 0]
                  20009834    0000003c     driverlib.a : prcm.obj (.text:PRCMPeripheralClkEnable)
                  20009870    00000038     rtsv7M4_T_le_eabi.lib : trgmsg.c.obj (.text:__TI_writemsg)
                  200098a8    00000036     driverlib.a : gpio.obj (.text:GPIODirModeSet)
                  200098de    00000036     rtsv7M4_T_le_eabi.lib : strncpy.c.obj (.text:strncpy)
                  20009914    00000034                           : fopen.c.obj (.text:__TI_cleanup)
                  20009948    00000034                           : trgmsg.c.obj (.text:__TI_readmsg)
                  2000997c    00000034                           : rand.c.obj (.text:rand)
                  200099b0    00000030     driverlib.a : pin.obj (.text:PinTypeGPIO)
                  200099e0    00000030     rtsv7M4_T_le_eabi.lib : getdevice.c.obj (.text:finddevice)
                  20009a10    0000002e                           : i_tofd_t2.asm.obj (.text)
                  20009a3e    0000002c     driverlib.a : i2c.obj (.text:I2CMasterErr)
                  20009a6a    00000002     --HOLE-- [fill = 0]
                  20009a6c    0000002c                 : prcm.obj (.text:PRCMSysResetCauseGet)
                  20009a98    0000002c     rtsv7M4_T_le_eabi.lib : unlink.c.obj (.text:unlink)
                  20009ac4    0000002a                           : strspn.c.obj (.text:strspn)
                  20009aee    00000002     --HOLE-- [fill = 0]
                  20009af0    00000028     driverlib.a : prcm.obj (.text:PRCMPeripheralClkDisable)
                  20009b18    00000028     rtsv7M4_T_le_eabi.lib : memory.c.obj (.text:free_list_insert)
                  20009b40    00000028                           : lseek.c.obj (.text:lseek)
                  20009b68    00000028                           : write.c.obj (.text:write)
                  20009b90    00000024                           : boot_cortex_m.c.obj (.text:_c_int00_noargs:_c_int00_noargs)
                  20009bb4    00000024                           : strcspn.c.obj (.text:strcspn)
                  20009bd8    00000022     driverlib.a : i2c.obj (.text:I2CMasterSlaveAddrSet)
                  20009bfa    00000022                 : spi.obj (.text:SPIReset)
                  20009c1c    00000020                 : gpio.obj (.text:GPIOPinWrite)
                  20009c3c    00000020                 : spi.obj (.text:SPIDataGet)
                  20009c5c    00000020     rtsv7M4_T_le_eabi.lib : memchr.c.obj (.text:memchr)
                  20009c7c    0000001e     driverlib.a : i2c.obj (.text:I2CMasterIntStatusEx)
                  20009c9a    0000001e                 : spi.obj (.text:SPIDataPut)
                  20009cb8    0000001c                 : pin.obj (.text:PinTypeI2C)
                  20009cd4    0000001c     rtsv7M4_T_le_eabi.lib : copy_zero_init.c.obj (.text:decompress:ZI:__TI_zero_init_nomemset:__TI_zero_init_nomemset)
                  20009cf0    0000001c                           : memory.c.obj (.text:free_list_remove)
                  20009d0c    0000001c                           : memccpy.c.obj (.text:memccpy)
                  20009d28    0000001a     driverlib.a : pin.obj (.text:PinTypeSPI)
                  20009d42    00000018                 : i2c.obj (.text:I2CMasterIntEnableEx)
                  20009d5a    00000018                 : spi.obj (.text:SPICSDisable)
                  20009d72    00000018                 : spi.obj (.text:SPICSEnable)
                  20009d8a    00000018                 : spi.obj (.text:SPIEnable)
                  20009da2    00000018     rtsv7M4_T_le_eabi.lib : strcmp.c.obj (.text:strcmp)
                  20009dba    00000016     driverlib.a : i2c.obj (.text:I2CMasterDataPut)
                  20009dd0    00000016                 : i2c.obj (.text:I2CMasterEnable)
                  20009de6    00000016                 : prcm.obj (.text:PRCMHIBRegRead)
                  20009dfc    00000016                 : prcm.obj (.text:PRCMHIBRegWrite)
                  20009e12    00000016     rtsv7M4_T_le_eabi.lib : strchr.c.obj (.text:strchr)
                  20009e28    00000014     driverlib.a : cpu.obj (.text:CPUcpsie)
                  20009e3c    00000014                 : interrupt.obj (.text:IntVTableBaseSet)
                  20009e50    00000014     rtsv7M4_T_le_eabi.lib : strcpy.c.obj (.text:strcpy)
                  20009e64    00000014                           : strlen.c.obj (.text:strlen)
                  20009e78    00000012     driverlib.a : i2c.obj (.text:I2CMasterControl)
                  20009e8a    00000012                 : i2c.obj (.text:I2CMasterIntClearEx)
                  20009e9c    00000012                 : i2c.obj (.text:I2CMasterTimeoutSet)
                  20009eae    00000012     rtsv7M4_T_le_eabi.lib : wcslen.c.obj (.text:wcslen)
                  20009ec0    0000000e     driverlib.a : i2c.obj (.text:I2CMasterDataGet)
                  20009ece    0000000e     rtsv7M4_T_le_eabi.lib : copy_decompress_none.c.obj (.text:decompress:none:__TI_decompress_none)
                  20009edc    0000000e     startup_ccs.obj (.text)
                  20009eea    0000000c     rtsv7M4_T_le_eabi.lib : s_copysign.c.obj (.text:copysign)
                  20009ef6    0000000a     driverlib.a : interrupt.obj (.text:IntMasterEnable)
                  20009f00    00000008     rtsv7M4_T_le_eabi.lib : errno.c.obj (.text:__aeabi_errno_addr)
                  20009f08    00000008                           : memory.c.obj (.text:malloc)
                  20009f10    00000006     driverlib.a : utils.obj (.text:UtilsDelay)
                  20009f16    00000004     rtsv7M4_T_le_eabi.lib : printf.c.obj (.text:_outc)
                  20009f1a    00000004                           : printf.c.obj (.text:_outs)
                  20009f1e    00000004                           : pre_init.c.obj (.text:_system_pre_init)
                  20009f22    00000004                           : exit.c.obj (.text:abort:abort)

.const     0    20009f28    000009f0     
                  20009f28    000004fb     Adafruit_GFX.obj (.const:.string:font)
                  2000a423    00000101     rtsv7M4_T_le_eabi.lib : ctype.c.obj (.const:.string:_ctypes_)
                  2000a524    00000100     main.obj (.const:.string:$P$T0$1)
                  2000a624    00000100     main.obj (.const:.string:$P$T1$2)
                  2000a724    00000100     driverlib.a : pin.obj (.const:g_ulPinToPadMap)
                  2000a824    000000a8                 : prcm.obj (.const:PRCM_PeriphRegsList)
                  2000a8cc    00000004     --HOLE-- [fill = 0]
                  2000a8d0    00000030     rtsv7M4_T_le_eabi.lib : e_pow.c.obj (.const:$O1$$)
                  2000a900    00000018     driverlib.a : interrupt.obj (.const:g_pulEnRegs)

.cinit     0    2000a918    000000a0     
                  2000a918    0000007c     (.cinit..data.load) [load image, compression = lzss]
                  2000a994    0000000c     (__TI_handler_table)
                  2000a9a0    00000008     (.cinit..bss.load) [load image, compression = zero_init]
                  2000a9a8    00000010     (__TI_cinit_table)

.sysmem    0    20017000    00000800     UNINITIALIZED
                  20017000    00000010     rtsv7M4_T_le_eabi.lib : memory.c.obj (.sysmem)
                  20017010    000007f0     --HOLE--

.data      0    20017800    00000208     UNINITIALIZED
                  20017800    000000f0     rtsv7M4_T_le_eabi.lib : defs.c.obj (.data:_ftable)
                  200178f0    00000078                           : host_device.c.obj (.data:_device)
                  20017968    00000050                           : host_device.c.obj (.data:_stream)
                  200179b8    00000015     Adafruit_GFX.obj (.data)
                  200179cd    00000003     --HOLE--
                  200179d0    00000010     rtsv7M4_T_le_eabi.lib : defs.c.obj (.data)
                  200179e0    0000000c                           : exit.c.obj (.data:$O1$$)
                  200179ec    00000008                           : _lock.c.obj (.data:$O1$$)
                  200179f4    00000008                           : memory.c.obj (.data:$O1$$)
                  200179fc    00000004                           : errno.c.obj (.data)
                  20017a00    00000004                           : rand.c.obj (.data)
                  20017a04    00000004                           : strtok.c.obj (.data)

.bss       0    20017a08    000001c8     UNINITIALIZED
                  20017a08    00000120     rtsv7M4_T_le_eabi.lib : trgmsg.c.obj (.bss:_CIOBUF_)
                  20017b28    000000a0     (.common:__TI_tmpnams)
                  20017bc8    00000008     (.common:parmbuf)

.stack     0    2002f800    00000800     UNINITIALIZED
                  2002f800    00000004     rtsv7M4_T_le_eabi.lib : boot_cortex_m.c.obj (.stack)
                  2002f804    000007fc     --HOLE--

MODULE SUMMARY

       Module                       code    ro data   rw data
       ------                       ----    -------   -------
    .\
       Adafruit_GFX.obj             2688    1275      21     
       main.obj                     2404    512       0      
       Adafruit_OLED.obj            1194    0         0      
       startup_ccs.obj              14      1024      0      
       i2c_if.obj                   692     0         0      
       pin_mux_config.obj           272     0         0      
    +--+----------------------------+-------+---------+---------+
       Total:                       7264    2811      21     
                                                             
    C:/ti/CC3200SDK_1.3.0/cc3200-sdk/driverlib/ccs/Release/driverlib.a
       prcm.obj                     800     168       0      
       pin.obj                      302     256       0      
       i2c.obj                      376     0         0      
       spi.obj                      328     0         0      
       interrupt.obj                198     24        0      
       gpio.obj                     86      0         0      
       cpu.obj                      20      0         0      
       utils.obj                    6       0         0      
    +--+----------------------------+-------+---------+---------+
       Total:                       2116    448       0      
                                                             
    C:\ti\ccs930\ccs\tools\compiler\ti-cgt-arm_18.12.4.LTS\lib\rtsv7M4_T_le_eabi.lib
       _printfi.c.obj               4835    0         0      
       e_pow.c.obj                  2492    48        0      
       memory.c.obj                 696     0         8      
       fd_add_t2.asm.obj            438     0         0      
       defs.c.obj                   0       0         416    
       trgmsg.c.obj                 108     0         288    
       e_sqrt.c.obj                 348     0         0      
       fd_div_t2.asm.obj            310     0         0      
       fputs.c.obj                  276     0         0      
       strtoul.c.obj                272     0         0      
       fd_cmp_t2.asm.obj            268     0         0      
       ctype.c.obj                  0       257       0      
       fd_mul_t2.asm.obj            252     0         0      
       setvbuf.c.obj                220     0         0      
       s_scalbn.c.obj               208     0         0      
       host_device.c.obj            0       0         200    
       memcpy_t2.asm.obj            156     0         0      
       ull_div_t2.asm.obj           150     0         0      
       fputc.c.obj                  140     0         0      
       memset_t2.asm.obj            122     0         0      
       fclose.c.obj                 116     0         0      
       getdevice.c.obj              116     0         0      
       printf.c.obj                 112     0         0      
       hostrename.c.obj             108     0         0      
       copy_decompress_lzss.c.obj   104     0         0      
       hostlseek.c.obj              104     0         0      
       hostopen.c.obj               96      0         8      
       fseek.c.obj                  100     0         0      
       _io_perm.c.obj               98      0         0      
       close.c.obj                  92      0         0      
       s_frexp.c.obj                92      0         0      
       exit.c.obj                   76      0         12     
       hostread.c.obj               88      0         0      
       hostwrite.c.obj              88      0         0      
       ltoa.c.obj                   84      0         0      
       atoi.c.obj                   76      0         0      
       fflush.c.obj                 76      0         0      
       fd_toi_t2.asm.obj            72      0         0      
       autoinit.c.obj               68      0         0      
       hostclose.c.obj              68      0         0      
       hostunlink.c.obj             68      0         0      
       strtok.c.obj                 64      0         4      
       rand.c.obj                   52      0         4      
       strncpy.c.obj                54      0         0      
       fopen.c.obj                  52      0         0      
       i_tofd_t2.asm.obj            46      0         0      
       unlink.c.obj                 44      0         0      
       strspn.c.obj                 42      0         0      
       lseek.c.obj                  40      0         0      
       write.c.obj                  40      0         0      
       boot_cortex_m.c.obj          36      0         0      
       strcspn.c.obj                36      0         0      
       memchr.c.obj                 32      0         0      
       copy_zero_init.c.obj         28      0         0      
       memccpy.c.obj                28      0         0      
       strcmp.c.obj                 24      0         0      
       strchr.c.obj                 22      0         0      
       strcpy.c.obj                 20      0         0      
       strlen.c.obj                 20      0         0      
       wcslen.c.obj                 18      0         0      
       copy_decompress_none.c.obj   14      0         0      
       errno.c.obj                  8       0         4      
       s_copysign.c.obj             12      0         0      
       _lock.c.obj                  2       0         8      
       pre_init.c.obj               4       0         0      
       div0.asm.obj                 2       0         0      
    +--+----------------------------+-------+---------+---------+
       Total:                       13933   305       952    
                                                             
       Heap:                        0       0         2048   
       Stack:                       0       0         2048   
       Linker Generated:            0       160       0      
    +--+----------------------------+-------+---------+---------+
       Grand Total:                 23313   3724      5069   


LINKER GENERATED COPY TABLES

__TI_cinit_table @ 2000a9a8 records: 2, size/record: 8, table size: 16
	.data: load addr=2000a918, load size=0000007c bytes, run addr=20017800, run size=00000208 bytes, compression=lzss
	.bss: load addr=2000a9a0, load size=00000008 bytes, run addr=20017a08, run size=000001c8 bytes, compression=zero_init


LINKER GENERATED HANDLER TABLE

__TI_handler_table @ 2000a994 records: 3, size/record: 4, table size: 12
	index: 0, handler: __TI_decompress_lzss
	index: 1, handler: __TI_decompress_none
	index: 2, handler: __TI_zero_init


GLOBAL SYMBOLS: SORTED ALPHABETICALLY BY Name 

address   name                           
-------   ----                           
20006c85  Adafruit_Init                  
20009f23  C$$EXIT                        
2000989f  C$$IO$$                        
20009e29  CPUcpsie                       
20006dfb  Color565                       
200062d3  DisplayBuffer                  
200098a9  GPIODirModeSet                 
20009c1d  GPIOPinWrite                   
20009665  HOSTclose                      
20009021  HOSTlseek                      
20009221  HOSTopen                       
20009339  HOSTread                       
20008fb5  HOSTrename                     
200096a9  HOSTunlink                     
20009391  HOSTwrite                      
20009e79  I2CMasterControl               
20009ec1  I2CMasterDataGet               
20009dbb  I2CMasterDataPut               
20009dd1  I2CMasterEnable                
20009a3f  I2CMasterErr                   
20008d61  I2CMasterInitExpClk            
20009e8b  I2CMasterIntClearEx            
20009d43  I2CMasterIntEnableEx           
20009c7d  I2CMasterIntStatusEx           
20009bd9  I2CMasterSlaveAddrSet          
20009e9d  I2CMasterTimeoutSet            
2000733b  I2C_IF_Close                   
200072d5  I2C_IF_Open                    
200071d3  I2C_IF_Read                    
2000728f  I2C_IF_ReadFrom                
20007123  I2C_IF_Write                   
20008831  IntEnable                      
20009ef7  IntMasterEnable                
20009e3d  IntVTableBaseSet               
2000628d  MasterMain                     
20004dab  Outstr                         
2000793d  PRCMCC3200MCUInit              
20009de7  PRCMHIBRegRead                 
20009dfd  PRCMHIBRegWrite                
20009af1  PRCMPeripheralClkDisable       
20009835  PRCMPeripheralClkEnable        
20008aad  PRCMPeripheralClockGet         
200093e9  PRCMPeripheralReset            
20009a6d  PRCMSysResetCauseGet           
20006661  ParseNProcessCmd               
20008bcd  PinConfigSet                   
20009775  PinModeSet                     
200081d1  PinMuxConfig                   
200099b1  PinTypeGPIO                    
20009cb9  PinTypeI2C                     
20009d29  PinTypeSPI                     
2000631b  ProcessReadCommand             
200063a1  ProcessReadRegCommand          
20006577  ProcessWriteCommand            
20006465  ProcessWriteRegCommand         
20009edd  ResetISR                       
20009d5b  SPICSDisable                   
20009d73  SPICSEnable                    
200088d9  SPIConfigSetExpClk             
20009c3d  SPIDataGet                     
20009c9b  SPIDataPut                     
20009d8b  SPIEnable                      
20009bfb  SPIReset                       
20009f11  UtilsDelay                     
20017a08  __CIOBUF_                      
20030000  __STACK_END                    
00000800  __STACK_SIZE                   
00000800  __SYSMEM_SIZE                  
2000a9a8  __TI_CINIT_Base                
2000a9b8  __TI_CINIT_Limit               
2000a994  __TI_Handler_Table_Base        
2000a9a0  __TI_Handler_Table_Limit       
200096ed  __TI_auto_init_nobinit_nopinit 
20009915  __TI_cleanup                   
200179e0  __TI_cleanup_ptr               
20008e61  __TI_closefile                 
20009089  __TI_decompress_lzss           
20009ecf  __TI_decompress_none           
2000953d  __TI_doflush                   
200179e4  __TI_dtors_ptr                 
200179e8  __TI_enable_exit_profile_output
200179d0  __TI_ft_end                    
ffffffff  __TI_pprof_out_hndl            
20004e81  __TI_printfi                   
ffffffff  __TI_prof_data_size            
ffffffff  __TI_prof_data_start           
20009949  __TI_readmsg                   
2000a918  __TI_static_base__             
20017b28  __TI_tmpnams                   
20009871  __TI_writemsg                  
200091bd  __TI_wrt_ok                    
20009cd5  __TI_zero_init_nomemset        
20008c55  __aeabi_cdcmpeq                
20008c55  __aeabi_cdcmple                
20008cdb  __aeabi_cdrcmple               
2000961d  __aeabi_d2iz                   
2000778f  __aeabi_dadd                   
20007d4d  __aeabi_ddiv                   
200083f1  __aeabi_dmul                   
20007785  __aeabi_dsub                   
20009f01  __aeabi_errno_addr             
20009a11  __aeabi_i2d                    
2000709b  __aeabi_idiv0                  
2000709b  __aeabi_ldiv0                  
20008de5  __aeabi_memclr                 
20008de5  __aeabi_memclr4                
20008de5  __aeabi_memclr8                
20008979  __aeabi_memcpy                 
20008979  __aeabi_memcpy4                
20008979  __aeabi_memcpy8                
20008de7  __aeabi_memset                 
20008de7  __aeabi_memset4                
20008de7  __aeabi_memset8                
200179dc  __aeabi_stderr                 
200179d4  __aeabi_stdin                  
200179d8  __aeabi_stdout                 
20008a15  __aeabi_uldivmod               
ffffffff  __binit__                      
ffffffff  __c_args__                     
UNDEFED   __mpu_init                     
2002f800  __stack                        
20009b91  _c_int00_noargs                
2000a423  _ctypes_                       
200178f0  _device                        
20017800  _ftable                        
200179ec  _lock                          
200058cf  _nop                           
20017968  _stream                        
20017000  _sys_memory                    
UNDEFED   _system_post_cinit             
20009f1f  _system_pre_init               
200179f0  _unlock                        
20009f23  abort                          
20007fa5  aligned_alloc                  
20009589  atoi                           
ffffffff  binit                          
20009281  close                          
20009eeb  copysign                       
20009eeb  copysignl                      
200179b8  cursor_x                       
200179bc  cursor_y                       
20004c5f  drawChar                       
20004401  drawCircle                     
20004535  drawCircleHelper               
20006fa5  drawFastHLine                  
20006f05  drawFastVLine                  
2000477b  drawLine                       
20007041  drawPixel                      
20004867  drawRect                       
200048b5  drawRoundRect                  
20004a1d  drawTriangle                   
200179fc  errno                          
200095d5  exit                           
20004653  fillCircle                     
2000468d  fillCircleHelper               
20006e53  fillRect                       
200049a3  fillRoundRect                  
20006e3d  fillScreen                     
20004a5f  fillTriangle                   
200099e1  finddevice                     
20008b41  fputc                          
200080bd  fputs                          
200084ed  free                           
200092dd  frexp                          
200092dd  frexpl                         
20009159  fseek                          
20004000  g_pfnVectors                   
20009731  getdevice                      
20006db7  goTo                           
20004e5f  height                         
2000707f  invert                         
200086ad  ldexp                          
200086ad  ldexpl                         
20009b41  lseek                          
20009497  ltoa                           
20006765  main                           
20009f09  malloc                         
20007fa5  memalign                       
20009d0d  memccpy                        
20009c5d  memchr                         
20008979  memcpy                         
20008ded  memset                         
20017bc8  parmbuf                        
200058d1  pow                            
200058d1  powl                           
200090f1  printf                         
20008b41  putc                           
2000997d  rand                           
20009a99  remove                         
200086ad  scalbn                         
200086ad  scalbnl                        
20004df7  setCursor                      
20004e2f  setTextColor                   
20004e0f  setTextSize                    
20004e47  setTextWrap                    
200085d1  setvbuf                        
20007ab5  sqrt                           
20007ab5  sqrtl                          
20009e13  strchr                         
20009da3  strcmp                         
20009e51  strcpy                         
20009bb5  strcspn                        
20009e65  strlen                         
200098df  strncpy                        
20009ac5  strspn                         
200097b5  strtok                         
200082e1  strtoul                        
200179c8  textbgcolor                    
200179c4  textcolor                      
200179c0  textsize                       
20009a99  unlink                         
20009eaf  wcslen                         
20004e5b  width                          
200179cc  wrap                           
20009b69  write                          
20006bf1  writeCommand                   
20006c3b  writeData                      


GLOBAL SYMBOLS: SORTED BY Symbol Address 

address   name                           
-------   ----                           
00000800  __STACK_SIZE                   
00000800  __SYSMEM_SIZE                  
20004000  g_pfnVectors                   
20004401  drawCircle                     
20004535  drawCircleHelper               
20004653  fillCircle                     
2000468d  fillCircleHelper               
2000477b  drawLine                       
20004867  drawRect                       
200048b5  drawRoundRect                  
200049a3  fillRoundRect                  
20004a1d  drawTriangle                   
20004a5f  fillTriangle                   
20004c5f  drawChar                       
20004dab  Outstr                         
20004df7  setCursor                      
20004e0f  setTextSize                    
20004e2f  setTextColor                   
20004e47  setTextWrap                    
20004e5b  width                          
20004e5f  height                         
20004e81  __TI_printfi                   
200058cf  _nop                           
200058d1  pow                            
200058d1  powl                           
2000628d  MasterMain                     
200062d3  DisplayBuffer                  
2000631b  ProcessReadCommand             
200063a1  ProcessReadRegCommand          
20006465  ProcessWriteRegCommand         
20006577  ProcessWriteCommand            
20006661  ParseNProcessCmd               
20006765  main                           
20006bf1  writeCommand                   
20006c3b  writeData                      
20006c85  Adafruit_Init                  
20006db7  goTo                           
20006dfb  Color565                       
20006e3d  fillScreen                     
20006e53  fillRect                       
20006f05  drawFastVLine                  
20006fa5  drawFastHLine                  
20007041  drawPixel                      
2000707f  invert                         
2000709b  __aeabi_idiv0                  
2000709b  __aeabi_ldiv0                  
20007123  I2C_IF_Write                   
200071d3  I2C_IF_Read                    
2000728f  I2C_IF_ReadFrom                
200072d5  I2C_IF_Open                    
2000733b  I2C_IF_Close                   
20007785  __aeabi_dsub                   
2000778f  __aeabi_dadd                   
2000793d  PRCMCC3200MCUInit              
20007ab5  sqrt                           
20007ab5  sqrtl                          
20007d4d  __aeabi_ddiv                   
20007fa5  aligned_alloc                  
20007fa5  memalign                       
200080bd  fputs                          
200081d1  PinMuxConfig                   
200082e1  strtoul                        
200083f1  __aeabi_dmul                   
200084ed  free                           
200085d1  setvbuf                        
200086ad  ldexp                          
200086ad  ldexpl                         
200086ad  scalbn                         
200086ad  scalbnl                        
20008831  IntEnable                      
200088d9  SPIConfigSetExpClk             
20008979  __aeabi_memcpy                 
20008979  __aeabi_memcpy4                
20008979  __aeabi_memcpy8                
20008979  memcpy                         
20008a15  __aeabi_uldivmod               
20008aad  PRCMPeripheralClockGet         
20008b41  fputc                          
20008b41  putc                           
20008bcd  PinConfigSet                   
20008c55  __aeabi_cdcmpeq                
20008c55  __aeabi_cdcmple                
20008cdb  __aeabi_cdrcmple               
20008d61  I2CMasterInitExpClk            
20008de5  __aeabi_memclr                 
20008de5  __aeabi_memclr4                
20008de5  __aeabi_memclr8                
20008de7  __aeabi_memset                 
20008de7  __aeabi_memset4                
20008de7  __aeabi_memset8                
20008ded  memset                         
20008e61  __TI_closefile                 
20008fb5  HOSTrename                     
20009021  HOSTlseek                      
20009089  __TI_decompress_lzss           
200090f1  printf                         
20009159  fseek                          
200091bd  __TI_wrt_ok                    
20009221  HOSTopen                       
20009281  close                          
200092dd  frexp                          
200092dd  frexpl                         
20009339  HOSTread                       
20009391  HOSTwrite                      
200093e9  PRCMPeripheralReset            
20009497  ltoa                           
2000953d  __TI_doflush                   
20009589  atoi                           
200095d5  exit                           
2000961d  __aeabi_d2iz                   
20009665  HOSTclose                      
200096a9  HOSTunlink                     
200096ed  __TI_auto_init_nobinit_nopinit 
20009731  getdevice                      
20009775  PinModeSet                     
200097b5  strtok                         
20009835  PRCMPeripheralClkEnable        
20009871  __TI_writemsg                  
2000989f  C$$IO$$                        
200098a9  GPIODirModeSet                 
200098df  strncpy                        
20009915  __TI_cleanup                   
20009949  __TI_readmsg                   
2000997d  rand                           
200099b1  PinTypeGPIO                    
200099e1  finddevice                     
20009a11  __aeabi_i2d                    
20009a3f  I2CMasterErr                   
20009a6d  PRCMSysResetCauseGet           
20009a99  remove                         
20009a99  unlink                         
20009ac5  strspn                         
20009af1  PRCMPeripheralClkDisable       
20009b41  lseek                          
20009b69  write                          
20009b91  _c_int00_noargs                
20009bb5  strcspn                        
20009bd9  I2CMasterSlaveAddrSet          
20009bfb  SPIReset                       
20009c1d  GPIOPinWrite                   
20009c3d  SPIDataGet                     
20009c5d  memchr                         
20009c7d  I2CMasterIntStatusEx           
20009c9b  SPIDataPut                     
20009cb9  PinTypeI2C                     
20009cd5  __TI_zero_init_nomemset        
20009d0d  memccpy                        
20009d29  PinTypeSPI                     
20009d43  I2CMasterIntEnableEx           
20009d5b  SPICSDisable                   
20009d73  SPICSEnable                    
20009d8b  SPIEnable                      
20009da3  strcmp                         
20009dbb  I2CMasterDataPut               
20009dd1  I2CMasterEnable                
20009de7  PRCMHIBRegRead                 
20009dfd  PRCMHIBRegWrite                
20009e13  strchr                         
20009e29  CPUcpsie                       
20009e3d  IntVTableBaseSet               
20009e51  strcpy                         
20009e65  strlen                         
20009e79  I2CMasterControl               
20009e8b  I2CMasterIntClearEx            
20009e9d  I2CMasterTimeoutSet            
20009eaf  wcslen                         
20009ec1  I2CMasterDataGet               
20009ecf  __TI_decompress_none           
20009edd  ResetISR                       
20009eeb  copysign                       
20009eeb  copysignl                      
20009ef7  IntMasterEnable                
20009f01  __aeabi_errno_addr             
20009f09  malloc                         
20009f11  UtilsDelay                     
20009f1f  _system_pre_init               
20009f23  C$$EXIT                        
20009f23  abort                          
2000a423  _ctypes_                       
2000a918  __TI_static_base__             
2000a994  __TI_Handler_Table_Base        
2000a9a0  __TI_Handler_Table_Limit       
2000a9a8  __TI_CINIT_Base                
2000a9b8  __TI_CINIT_Limit               
20017000  _sys_memory                    
20017800  _ftable                        
200178f0  _device                        
20017968  _stream                        
200179b8  cursor_x                       
200179bc  cursor_y                       
200179c0  textsize                       
200179c4  textcolor                      
200179c8  textbgcolor                    
200179cc  wrap                           
200179d0  __TI_ft_end                    
200179d4  __aeabi_stdin                  
200179d8  __aeabi_stdout                 
200179dc  __aeabi_stderr                 
200179e0  __TI_cleanup_ptr               
200179e4  __TI_dtors_ptr                 
200179e8  __TI_enable_exit_profile_output
200179ec  _lock                          
200179f0  _unlock                        
200179fc  errno                          
20017a08  __CIOBUF_                      
20017b28  __TI_tmpnams                   
20017bc8  parmbuf                        
2002f800  __stack                        
20030000  __STACK_END                    
ffffffff  __TI_pprof_out_hndl            
ffffffff  __TI_prof_data_size            
ffffffff  __TI_prof_data_start           
ffffffff  __binit__                      
ffffffff  __c_args__                     
ffffffff  binit                          
UNDEFED   __mpu_init                     
UNDEFED   _system_post_cinit             

[217 symbols]
