******************************************************************************
                  TI ARM Linker PC v18.12.4                    
******************************************************************************
>> Linked Tue Feb 15 13:48:30 2022

OUTPUT FILE NAME:   <i2c_demo.out>
ENTRY POINT SYMBOL: "_c_int00_noargs"  address: 20009a95


MEMORY CONFIGURATION

         name            origin    length      used     unused   attr    fill
----------------------  --------  ---------  --------  --------  ----  --------
  SRAM_CODE             20004000   00013000  000068ba  0000c746  RW X
  SRAM_DATA             20017000   00019000  000013d0  00017c30  RW X


SEGMENT ALLOCATION MAP

run origin  load origin   length   init length attrs members
----------  ----------- ---------- ----------- ----- -------
20004000    20004000    000068c0   000068c0    r-x
  20004000    20004000    00000400   00000400    r-- .intvecs
  20004400    20004400    00005a2a   00005a2a    r-x .text
  20009e30    20009e30    000009f0   000009f0    r-- .const
  2000a820    2000a820    000000a0   000000a0    r-- .cinit
20017000    20017000    00000bd0   00000000    rw-
  20017000    20017000    00000800   00000000    rw- .sysmem
  20017800    20017800    00000208   00000000    rw- .data
  20017a08    20017a08    000001c8   00000000    rw- .bss
2002f800    2002f800    00000800   00000000    rw-
  2002f800    2002f800    00000800   00000000    rw- .stack


SECTION ALLOCATION MAP

 output                                  attributes/
section   page    origin      length       input sections
--------  ----  ----------  ----------   ----------------
.intvecs   0    20004000    00000400     
                  20004000    00000400     startup_ccs.obj (.intvecs)

.init_array 
*          0    20004000    00000000     UNINITIALIZED

.text      0    20004400    00005a2a     
                  20004400    00000a80     Adafruit_GFX.obj (.text)
                  20004e80    00000a4e     rtsv7M4_T_le_eabi.lib : _printfi.c.obj (.text:__TI_printfi)
                  200058ce    00000002                           : _lock.c.obj (.text:_nop)
                  200058d0    000009bc                           : e_pow.c.obj (.text:pow)
                  2000628c    00000868     main.obj (.text)
                  20006af4    000004aa     Adafruit_OLED.obj (.text)
                  20006f9e    00000002     rtsv7M4_T_le_eabi.lib : div0.asm.obj (.text)
                  20006fa0    000002b4     i2c_if.obj (.text)
                  20007254    00000268     rtsv7M4_T_le_eabi.lib : _printfi.c.obj (.text:_pconv_a)
                  200074bc    000001cc                           : _printfi.c.obj (.text:_pconv_g)
                  20007688    000001b6                           : fd_add_t2.asm.obj (.text)
                  2000783e    00000002     --HOLE-- [fill = 0]
                  20007840    00000178     driverlib.a : prcm.obj (.text:PRCMCC3200MCUInit)
                  200079b8    0000015c     rtsv7M4_T_le_eabi.lib : e_sqrt.c.obj (.text:sqrt)
                  20007b14    0000013c                           : _printfi.c.obj (.text:_pconv_e)
                  20007c50    00000136                           : fd_div_t2.asm.obj (.text)
                  20007d86    00000002     --HOLE-- [fill = 0]
                  20007d88    00000120                           : _printfi.c.obj (.text:fcvt)
                  20007ea8    00000118                           : memory.c.obj (.text:aligned_alloc)
                  20007fc0    00000114                           : fputs.c.obj (.text:fputs)
                  200080d4    00000110     pin_mux_config.obj (.text)
                  200081e4    00000110     rtsv7M4_T_le_eabi.lib : strtoul.c.obj (.text:strtoul)
                  200082f4    000000fc                           : fd_mul_t2.asm.obj (.text)
                  200083f0    000000e4                           : memory.c.obj (.text:free)
                  200084d4    000000dc                           : setvbuf.c.obj (.text:setvbuf)
                  200085b0    000000d0                           : s_scalbn.c.obj (.text:scalbn)
                  20008680    000000b1                           : _printfi.c.obj (.text:_ltostr)
                  20008731    00000003     --HOLE-- [fill = 0]
                  20008734    000000a8     driverlib.a : interrupt.obj (.text:IntEnable)
                  200087dc    000000a0                 : spi.obj (.text:SPIConfigSetExpClk)
                  2000887c    0000009c     rtsv7M4_T_le_eabi.lib : memcpy_t2.asm.obj (.text)
                  20008918    00000096                           : ull_div_t2.asm.obj (.text)
                  200089ae    00000002     --HOLE-- [fill = 0]
                  200089b0    00000094     driverlib.a : prcm.obj (.text:PRCMPeripheralClockGet)
                  20008a44    0000008c     rtsv7M4_T_le_eabi.lib : fputc.c.obj (.text:fputc)
                  20008ad0    00000088     driverlib.a : pin.obj (.text:PinConfigSet)
                  20008b58    00000086     rtsv7M4_T_le_eabi.lib : fd_cmp_t2.asm.obj (.text:__aeabi_cdcmple)
                  20008bde    00000086                           : fd_cmp_t2.asm.obj (.text:__aeabi_cdrcmple)
                  20008c64    00000084     driverlib.a : i2c.obj (.text:I2CMasterInitExpClk)
                  20008ce8    0000007a     rtsv7M4_T_le_eabi.lib : memset_t2.asm.obj (.text)
                  20008d62    00000002     --HOLE-- [fill = 0]
                  20008d64    00000074                           : fclose.c.obj (.text:__TI_closefile)
                  20008dd8    00000070                           : memory.c.obj (.text:split)
                  20008e48    0000006e                           : _printfi.c.obj (.text:_mcpy)
                  20008eb6    00000002     --HOLE-- [fill = 0]
                  20008eb8    0000006c                           : hostrename.c.obj (.text:HOSTrename)
                  20008f24    00000068                           : hostlseek.c.obj (.text:HOSTlseek)
                  20008f8c    00000068                           : copy_decompress_lzss.c.obj (.text:decompress:lzss:__TI_decompress_lzss)
                  20008ff4    00000068                           : printf.c.obj (.text:printf)
                  2000905c    00000064                           : fseek.c.obj (.text:fseek)
                  200090c0    00000062                           : _io_perm.c.obj (.text:__TI_wrt_ok)
                  20009122    00000002     --HOLE-- [fill = 0]
                  20009124    00000060                           : hostopen.c.obj (.text:HOSTopen)
                  20009184    0000005c                           : close.c.obj (.text:close)
                  200091e0    0000005c                           : s_frexp.c.obj (.text:frexp)
                  2000923c    00000058                           : hostread.c.obj (.text:HOSTread)
                  20009294    00000058                           : hostwrite.c.obj (.text:HOSTwrite)
                  200092ec    00000058     driverlib.a : prcm.obj (.text:PRCMPeripheralReset)
                  20009344    00000056     rtsv7M4_T_le_eabi.lib : _printfi.c.obj (.text:_pconv_f)
                  2000939a    00000054                           : ltoa.c.obj (.text:ltoa)
                  200093ee    00000052                           : _printfi.c.obj (.text:_ecpy)
                  20009440    0000004c                           : fflush.c.obj (.text:__TI_doflush)
                  2000948c    0000004c                           : atoi.c.obj (.text:atoi)
                  200094d8    00000048                           : exit.c.obj (.text:exit)
                  20009520    00000048                           : fd_toi_t2.asm.obj (.text)
                  20009568    00000044                           : hostclose.c.obj (.text:HOSTclose)
                  200095ac    00000044                           : hostunlink.c.obj (.text:HOSTunlink)
                  200095f0    00000044                           : autoinit.c.obj (.text:__TI_auto_init_nobinit_nopinit:__TI_auto_init_nobinit_nopinit)
                  20009634    00000044                           : getdevice.c.obj (.text:getdevice)
                  20009678    00000040     driverlib.a : pin.obj (.text:PinModeSet)
                  200096b8    00000040     rtsv7M4_T_le_eabi.lib : strtok.c.obj (.text:strtok)
                  200096f8    0000003e                           : _printfi.c.obj (.text:_fcpy)
                  20009736    00000002     --HOLE-- [fill = 0]
                  20009738    0000003c     driverlib.a : prcm.obj (.text:PRCMPeripheralClkEnable)
                  20009774    00000038     rtsv7M4_T_le_eabi.lib : trgmsg.c.obj (.text:__TI_writemsg)
                  200097ac    00000036     driverlib.a : gpio.obj (.text:GPIODirModeSet)
                  200097e2    00000036     rtsv7M4_T_le_eabi.lib : strncpy.c.obj (.text:strncpy)
                  20009818    00000034                           : fopen.c.obj (.text:__TI_cleanup)
                  2000984c    00000034                           : trgmsg.c.obj (.text:__TI_readmsg)
                  20009880    00000034                           : rand.c.obj (.text:rand)
                  200098b4    00000030     driverlib.a : pin.obj (.text:PinTypeGPIO)
                  200098e4    00000030     rtsv7M4_T_le_eabi.lib : getdevice.c.obj (.text:finddevice)
                  20009914    0000002e                           : i_tofd_t2.asm.obj (.text)
                  20009942    0000002c     driverlib.a : i2c.obj (.text:I2CMasterErr)
                  2000996e    00000002     --HOLE-- [fill = 0]
                  20009970    0000002c                 : prcm.obj (.text:PRCMSysResetCauseGet)
                  2000999c    0000002c     rtsv7M4_T_le_eabi.lib : unlink.c.obj (.text:unlink)
                  200099c8    0000002a                           : strspn.c.obj (.text:strspn)
                  200099f2    00000002     --HOLE-- [fill = 0]
                  200099f4    00000028     driverlib.a : prcm.obj (.text:PRCMPeripheralClkDisable)
                  20009a1c    00000028     rtsv7M4_T_le_eabi.lib : memory.c.obj (.text:free_list_insert)
                  20009a44    00000028                           : lseek.c.obj (.text:lseek)
                  20009a6c    00000028                           : write.c.obj (.text:write)
                  20009a94    00000024                           : boot_cortex_m.c.obj (.text:_c_int00_noargs:_c_int00_noargs)
                  20009ab8    00000024                           : strcspn.c.obj (.text:strcspn)
                  20009adc    00000022     driverlib.a : i2c.obj (.text:I2CMasterSlaveAddrSet)
                  20009afe    00000022                 : spi.obj (.text:SPIReset)
                  20009b20    00000020                 : gpio.obj (.text:GPIOPinWrite)
                  20009b40    00000020                 : spi.obj (.text:SPIDataGet)
                  20009b60    00000020     rtsv7M4_T_le_eabi.lib : memchr.c.obj (.text:memchr)
                  20009b80    0000001e     driverlib.a : i2c.obj (.text:I2CMasterIntStatusEx)
                  20009b9e    0000001e                 : spi.obj (.text:SPIDataPut)
                  20009bbc    0000001c                 : pin.obj (.text:PinTypeI2C)
                  20009bd8    0000001c     rtsv7M4_T_le_eabi.lib : copy_zero_init.c.obj (.text:decompress:ZI:__TI_zero_init_nomemset:__TI_zero_init_nomemset)
                  20009bf4    0000001c                           : memory.c.obj (.text:free_list_remove)
                  20009c10    0000001c                           : memccpy.c.obj (.text:memccpy)
                  20009c2c    0000001a     driverlib.a : pin.obj (.text:PinTypeSPI)
                  20009c46    00000018                 : i2c.obj (.text:I2CMasterIntEnableEx)
                  20009c5e    00000018                 : spi.obj (.text:SPICSDisable)
                  20009c76    00000018                 : spi.obj (.text:SPICSEnable)
                  20009c8e    00000018                 : spi.obj (.text:SPIEnable)
                  20009ca6    00000018     rtsv7M4_T_le_eabi.lib : strcmp.c.obj (.text:strcmp)
                  20009cbe    00000016     driverlib.a : i2c.obj (.text:I2CMasterDataPut)
                  20009cd4    00000016                 : i2c.obj (.text:I2CMasterEnable)
                  20009cea    00000016                 : prcm.obj (.text:PRCMHIBRegRead)
                  20009d00    00000016                 : prcm.obj (.text:PRCMHIBRegWrite)
                  20009d16    00000016     rtsv7M4_T_le_eabi.lib : strchr.c.obj (.text:strchr)
                  20009d2c    00000014     driverlib.a : cpu.obj (.text:CPUcpsie)
                  20009d40    00000014                 : interrupt.obj (.text:IntVTableBaseSet)
                  20009d54    00000014     rtsv7M4_T_le_eabi.lib : strcpy.c.obj (.text:strcpy)
                  20009d68    00000014                           : strlen.c.obj (.text:strlen)
                  20009d7c    00000012     driverlib.a : i2c.obj (.text:I2CMasterControl)
                  20009d8e    00000012                 : i2c.obj (.text:I2CMasterIntClearEx)
                  20009da0    00000012                 : i2c.obj (.text:I2CMasterTimeoutSet)
                  20009db2    00000012     rtsv7M4_T_le_eabi.lib : wcslen.c.obj (.text:wcslen)
                  20009dc4    0000000e     driverlib.a : i2c.obj (.text:I2CMasterDataGet)
                  20009dd2    0000000e     rtsv7M4_T_le_eabi.lib : copy_decompress_none.c.obj (.text:decompress:none:__TI_decompress_none)
                  20009de0    0000000e     startup_ccs.obj (.text)
                  20009dee    0000000c     rtsv7M4_T_le_eabi.lib : s_copysign.c.obj (.text:copysign)
                  20009dfa    0000000a     driverlib.a : interrupt.obj (.text:IntMasterEnable)
                  20009e04    00000008     rtsv7M4_T_le_eabi.lib : errno.c.obj (.text:__aeabi_errno_addr)
                  20009e0c    00000008                           : memory.c.obj (.text:malloc)
                  20009e14    00000006     driverlib.a : utils.obj (.text:UtilsDelay)
                  20009e1a    00000004     rtsv7M4_T_le_eabi.lib : printf.c.obj (.text:_outc)
                  20009e1e    00000004                           : printf.c.obj (.text:_outs)
                  20009e22    00000004                           : pre_init.c.obj (.text:_system_pre_init)
                  20009e26    00000004                           : exit.c.obj (.text:abort:abort)

.const     0    20009e30    000009f0     
                  20009e30    000004fb     Adafruit_GFX.obj (.const:.string:font)
                  2000a32b    00000101     rtsv7M4_T_le_eabi.lib : ctype.c.obj (.const:.string:_ctypes_)
                  2000a42c    00000100     main.obj (.const:.string:$P$T0$1)
                  2000a52c    00000100     main.obj (.const:.string:$P$T1$2)
                  2000a62c    00000100     driverlib.a : pin.obj (.const:g_ulPinToPadMap)
                  2000a72c    000000a8                 : prcm.obj (.const:PRCM_PeriphRegsList)
                  2000a7d4    00000004     --HOLE-- [fill = 0]
                  2000a7d8    00000030     rtsv7M4_T_le_eabi.lib : e_pow.c.obj (.const:$O1$$)
                  2000a808    00000018     driverlib.a : interrupt.obj (.const:g_pulEnRegs)

.cinit     0    2000a820    000000a0     
                  2000a820    0000007c     (.cinit..data.load) [load image, compression = lzss]
                  2000a89c    0000000c     (__TI_handler_table)
                  2000a8a8    00000008     (.cinit..bss.load) [load image, compression = zero_init]
                  2000a8b0    00000010     (__TI_cinit_table)

.sysmem    0    20017000    00000800     UNINITIALIZED
                  20017000    00000010     rtsv7M4_T_le_eabi.lib : memory.c.obj (.sysmem)
                  20017010    000007f0     --HOLE--

.data      0    20017800    00000208     UNINITIALIZED
                  20017800    000000f0     rtsv7M4_T_le_eabi.lib : defs.c.obj (.data:_ftable)
                  200178f0    00000078                           : host_device.c.obj (.data:_device)
                  20017968    00000050                           : host_device.c.obj (.data:_stream)
                  200179b8    00000015     Adafruit_GFX.obj (.data)
                  200179cd    00000003     --HOLE--
                  200179d0    00000010     rtsv7M4_T_le_eabi.lib : defs.c.obj (.data)
                  200179e0    0000000c                           : exit.c.obj (.data:$O1$$)
                  200179ec    00000008                           : _lock.c.obj (.data:$O1$$)
                  200179f4    00000008                           : memory.c.obj (.data:$O1$$)
                  200179fc    00000004                           : errno.c.obj (.data)
                  20017a00    00000004                           : rand.c.obj (.data)
                  20017a04    00000004                           : strtok.c.obj (.data)

.bss       0    20017a08    000001c8     UNINITIALIZED
                  20017a08    00000120     rtsv7M4_T_le_eabi.lib : trgmsg.c.obj (.bss:_CIOBUF_)
                  20017b28    000000a0     (.common:__TI_tmpnams)
                  20017bc8    00000008     (.common:parmbuf)

.stack     0    2002f800    00000800     UNINITIALIZED
                  2002f800    00000004     rtsv7M4_T_le_eabi.lib : boot_cortex_m.c.obj (.stack)
                  2002f804    000007fc     --HOLE--

MODULE SUMMARY

       Module                       code    ro data   rw data
       ------                       ----    -------   -------
    .\
       Adafruit_GFX.obj             2688    1275      21     
       main.obj                     2152    512       0      
       Adafruit_OLED.obj            1194    0         0      
       startup_ccs.obj              14      1024      0      
       i2c_if.obj                   692     0         0      
       pin_mux_config.obj           272     0         0      
    +--+----------------------------+-------+---------+---------+
       Total:                       7012    2811      21     
                                                             
    C:/ti/CC3200SDK_1.3.0/cc3200-sdk/driverlib/ccs/Release/driverlib.a
       prcm.obj                     800     168       0      
       pin.obj                      302     256       0      
       i2c.obj                      376     0         0      
       spi.obj                      328     0         0      
       interrupt.obj                198     24        0      
       gpio.obj                     86      0         0      
       cpu.obj                      20      0         0      
       utils.obj                    6       0         0      
    +--+----------------------------+-------+---------+---------+
       Total:                       2116    448       0      
                                                             
    C:\ti\ccs930\ccs\tools\compiler\ti-cgt-arm_18.12.4.LTS\lib\rtsv7M4_T_le_eabi.lib
       _printfi.c.obj               4835    0         0      
       e_pow.c.obj                  2492    48        0      
       memory.c.obj                 696     0         8      
       fd_add_t2.asm.obj            438     0         0      
       defs.c.obj                   0       0         416    
       trgmsg.c.obj                 108     0         288    
       e_sqrt.c.obj                 348     0         0      
       fd_div_t2.asm.obj            310     0         0      
       fputs.c.obj                  276     0         0      
       strtoul.c.obj                272     0         0      
       fd_cmp_t2.asm.obj            268     0         0      
       ctype.c.obj                  0       257       0      
       fd_mul_t2.asm.obj            252     0         0      
       setvbuf.c.obj                220     0         0      
       s_scalbn.c.obj               208     0         0      
       host_device.c.obj            0       0         200    
       memcpy_t2.asm.obj            156     0         0      
       ull_div_t2.asm.obj           150     0         0      
       fputc.c.obj                  140     0         0      
       memset_t2.asm.obj            122     0         0      
       fclose.c.obj                 116     0         0      
       getdevice.c.obj              116     0         0      
       printf.c.obj                 112     0         0      
       hostrename.c.obj             108     0         0      
       copy_decompress_lzss.c.obj   104     0         0      
       hostlseek.c.obj              104     0         0      
       hostopen.c.obj               96      0         8      
       fseek.c.obj                  100     0         0      
       _io_perm.c.obj               98      0         0      
       close.c.obj                  92      0         0      
       s_frexp.c.obj                92      0         0      
       exit.c.obj                   76      0         12     
       hostread.c.obj               88      0         0      
       hostwrite.c.obj              88      0         0      
       ltoa.c.obj                   84      0         0      
       atoi.c.obj                   76      0         0      
       fflush.c.obj                 76      0         0      
       fd_toi_t2.asm.obj            72      0         0      
       autoinit.c.obj               68      0         0      
       hostclose.c.obj              68      0         0      
       hostunlink.c.obj             68      0         0      
       strtok.c.obj                 64      0         4      
       rand.c.obj                   52      0         4      
       strncpy.c.obj                54      0         0      
       fopen.c.obj                  52      0         0      
       i_tofd_t2.asm.obj            46      0         0      
       unlink.c.obj                 44      0         0      
       strspn.c.obj                 42      0         0      
       lseek.c.obj                  40      0         0      
       write.c.obj                  40      0         0      
       boot_cortex_m.c.obj          36      0         0      
       strcspn.c.obj                36      0         0      
       memchr.c.obj                 32      0         0      
       copy_zero_init.c.obj         28      0         0      
       memccpy.c.obj                28      0         0      
       strcmp.c.obj                 24      0         0      
       strchr.c.obj                 22      0         0      
       strcpy.c.obj                 20      0         0      
       strlen.c.obj                 20      0         0      
       wcslen.c.obj                 18      0         0      
       copy_decompress_none.c.obj   14      0         0      
       errno.c.obj                  8       0         4      
       s_copysign.c.obj             12      0         0      
       _lock.c.obj                  2       0         8      
       pre_init.c.obj               4       0         0      
       div0.asm.obj                 2       0         0      
    +--+----------------------------+-------+---------+---------+
       Total:                       13933   305       952    
                                                             
       Heap:                        0       0         2048   
       Stack:                       0       0         2048   
       Linker Generated:            0       160       0      
    +--+----------------------------+-------+---------+---------+
       Grand Total:                 23061   3724      5069   


LINKER GENERATED COPY TABLES

__TI_cinit_table @ 2000a8b0 records: 2, size/record: 8, table size: 16
	.data: load addr=2000a820, load size=0000007c bytes, run addr=20017800, run size=00000208 bytes, compression=lzss
	.bss: load addr=2000a8a8, load size=00000008 bytes, run addr=20017a08, run size=000001c8 bytes, compression=zero_init


LINKER GENERATED HANDLER TABLE

__TI_handler_table @ 2000a89c records: 3, size/record: 4, table size: 12
	index: 0, handler: __TI_decompress_lzss
	index: 1, handler: __TI_decompress_none
	index: 2, handler: __TI_zero_init


GLOBAL SYMBOLS: SORTED ALPHABETICALLY BY Name 

address   name                           
-------   ----                           
20006b89  Adafruit_Init                  
20009e27  C$$EXIT                        
200097a3  C$$IO$$                        
20009d2d  CPUcpsie                       
20006cff  Color565                       
200062d3  DisplayBuffer                  
200097ad  GPIODirModeSet                 
20009b21  GPIOPinWrite                   
20009569  HOSTclose                      
20008f25  HOSTlseek                      
20009125  HOSTopen                       
2000923d  HOSTread                       
20008eb9  HOSTrename                     
200095ad  HOSTunlink                     
20009295  HOSTwrite                      
20009d7d  I2CMasterControl               
20009dc5  I2CMasterDataGet               
20009cbf  I2CMasterDataPut               
20009cd5  I2CMasterEnable                
20009943  I2CMasterErr                   
20008c65  I2CMasterInitExpClk            
20009d8f  I2CMasterIntClearEx            
20009c47  I2CMasterIntEnableEx           
20009b81  I2CMasterIntStatusEx           
20009add  I2CMasterSlaveAddrSet          
20009da1  I2CMasterTimeoutSet            
2000723f  I2C_IF_Close                   
200071d9  I2C_IF_Open                    
200070d7  I2C_IF_Read                    
20007193  I2C_IF_ReadFrom                
20007027  I2C_IF_Write                   
20008735  IntEnable                      
20009dfb  IntMasterEnable                
20009d41  IntVTableBaseSet               
2000628d  MasterMain                     
20004dab  Outstr                         
20007841  PRCMCC3200MCUInit              
20009ceb  PRCMHIBRegRead                 
20009d01  PRCMHIBRegWrite                
200099f5  PRCMPeripheralClkDisable       
20009739  PRCMPeripheralClkEnable        
200089b1  PRCMPeripheralClockGet         
200092ed  PRCMPeripheralReset            
20009971  PRCMSysResetCauseGet           
20006661  ParseNProcessCmd               
20008ad1  PinConfigSet                   
20009679  PinModeSet                     
200080d5  PinMuxConfig                   
200098b5  PinTypeGPIO                    
20009bbd  PinTypeI2C                     
20009c2d  PinTypeSPI                     
2000631b  ProcessReadCommand             
200063a1  ProcessReadRegCommand          
20006577  ProcessWriteCommand            
20006465  ProcessWriteRegCommand         
20009de1  ResetISR                       
20009c5f  SPICSDisable                   
20009c77  SPICSEnable                    
200087dd  SPIConfigSetExpClk             
20009b41  SPIDataGet                     
20009b9f  SPIDataPut                     
20009c8f  SPIEnable                      
20009aff  SPIReset                       
20009e15  UtilsDelay                     
20017a08  __CIOBUF_                      
20030000  __STACK_END                    
00000800  __STACK_SIZE                   
00000800  __SYSMEM_SIZE                  
2000a8b0  __TI_CINIT_Base                
2000a8c0  __TI_CINIT_Limit               
2000a89c  __TI_Handler_Table_Base        
2000a8a8  __TI_Handler_Table_Limit       
200095f1  __TI_auto_init_nobinit_nopinit 
20009819  __TI_cleanup                   
200179e0  __TI_cleanup_ptr               
20008d65  __TI_closefile                 
20008f8d  __TI_decompress_lzss           
20009dd3  __TI_decompress_none           
20009441  __TI_doflush                   
200179e4  __TI_dtors_ptr                 
200179e8  __TI_enable_exit_profile_output
200179d0  __TI_ft_end                    
ffffffff  __TI_pprof_out_hndl            
20004e81  __TI_printfi                   
ffffffff  __TI_prof_data_size            
ffffffff  __TI_prof_data_start           
2000984d  __TI_readmsg                   
2000a820  __TI_static_base__             
20017b28  __TI_tmpnams                   
20009775  __TI_writemsg                  
200090c1  __TI_wrt_ok                    
20009bd9  __TI_zero_init_nomemset        
20008b59  __aeabi_cdcmpeq                
20008b59  __aeabi_cdcmple                
20008bdf  __aeabi_cdrcmple               
20009521  __aeabi_d2iz                   
20007693  __aeabi_dadd                   
20007c51  __aeabi_ddiv                   
200082f5  __aeabi_dmul                   
20007689  __aeabi_dsub                   
20009e05  __aeabi_errno_addr             
20009915  __aeabi_i2d                    
20006f9f  __aeabi_idiv0                  
20006f9f  __aeabi_ldiv0                  
20008ce9  __aeabi_memclr                 
20008ce9  __aeabi_memclr4                
20008ce9  __aeabi_memclr8                
2000887d  __aeabi_memcpy                 
2000887d  __aeabi_memcpy4                
2000887d  __aeabi_memcpy8                
20008ceb  __aeabi_memset                 
20008ceb  __aeabi_memset4                
20008ceb  __aeabi_memset8                
200179dc  __aeabi_stderr                 
200179d4  __aeabi_stdin                  
200179d8  __aeabi_stdout                 
20008919  __aeabi_uldivmod               
ffffffff  __binit__                      
ffffffff  __c_args__                     
UNDEFED   __mpu_init                     
2002f800  __stack                        
20009a95  _c_int00_noargs                
2000a32b  _ctypes_                       
200178f0  _device                        
20017800  _ftable                        
200179ec  _lock                          
200058cf  _nop                           
20017968  _stream                        
20017000  _sys_memory                    
UNDEFED   _system_post_cinit             
20009e23  _system_pre_init               
200179f0  _unlock                        
20009e27  abort                          
20007ea9  aligned_alloc                  
2000948d  atoi                           
ffffffff  binit                          
20009185  close                          
20009def  copysign                       
20009def  copysignl                      
200179b8  cursor_x                       
200179bc  cursor_y                       
20004c5f  drawChar                       
20004401  drawCircle                     
20004535  drawCircleHelper               
20006ea9  drawFastHLine                  
20006e09  drawFastVLine                  
2000477b  drawLine                       
20006f45  drawPixel                      
20004867  drawRect                       
200048b5  drawRoundRect                  
20004a1d  drawTriangle                   
200179fc  errno                          
200094d9  exit                           
20004653  fillCircle                     
2000468d  fillCircleHelper               
20006d57  fillRect                       
200049a3  fillRoundRect                  
20006d41  fillScreen                     
20004a5f  fillTriangle                   
200098e5  finddevice                     
20008a45  fputc                          
20007fc1  fputs                          
200083f1  free                           
200091e1  frexp                          
200091e1  frexpl                         
2000905d  fseek                          
20004000  g_pfnVectors                   
20009635  getdevice                      
20006cbb  goTo                           
20004e5f  height                         
20006f83  invert                         
200085b1  ldexp                          
200085b1  ldexpl                         
20009a45  lseek                          
2000939b  ltoa                           
20006765  main                           
20009e0d  malloc                         
20007ea9  memalign                       
20009c11  memccpy                        
20009b61  memchr                         
2000887d  memcpy                         
20008cf1  memset                         
20017bc8  parmbuf                        
200058d1  pow                            
200058d1  powl                           
20008ff5  printf                         
20008a45  putc                           
20009881  rand                           
2000999d  remove                         
200085b1  scalbn                         
200085b1  scalbnl                        
20004df7  setCursor                      
20004e2f  setTextColor                   
20004e0f  setTextSize                    
20004e47  setTextWrap                    
200084d5  setvbuf                        
200079b9  sqrt                           
200079b9  sqrtl                          
20009d17  strchr                         
20009ca7  strcmp                         
20009d55  strcpy                         
20009ab9  strcspn                        
20009d69  strlen                         
200097e3  strncpy                        
200099c9  strspn                         
200096b9  strtok                         
200081e5  strtoul                        
200179c8  textbgcolor                    
200179c4  textcolor                      
200179c0  textsize                       
2000999d  unlink                         
20009db3  wcslen                         
20004e5b  width                          
200179cc  wrap                           
20009a6d  write                          
20006af5  writeCommand                   
20006b3f  writeData                      


GLOBAL SYMBOLS: SORTED BY Symbol Address 

address   name                           
-------   ----                           
00000800  __STACK_SIZE                   
00000800  __SYSMEM_SIZE                  
20004000  g_pfnVectors                   
20004401  drawCircle                     
20004535  drawCircleHelper               
20004653  fillCircle                     
2000468d  fillCircleHelper               
2000477b  drawLine                       
20004867  drawRect                       
200048b5  drawRoundRect                  
200049a3  fillRoundRect                  
20004a1d  drawTriangle                   
20004a5f  fillTriangle                   
20004c5f  drawChar                       
20004dab  Outstr                         
20004df7  setCursor                      
20004e0f  setTextSize                    
20004e2f  setTextColor                   
20004e47  setTextWrap                    
20004e5b  width                          
20004e5f  height                         
20004e81  __TI_printfi                   
200058cf  _nop                           
200058d1  pow                            
200058d1  powl                           
2000628d  MasterMain                     
200062d3  DisplayBuffer                  
2000631b  ProcessReadCommand             
200063a1  ProcessReadRegCommand          
20006465  ProcessWriteRegCommand         
20006577  ProcessWriteCommand            
20006661  ParseNProcessCmd               
20006765  main                           
20006af5  writeCommand                   
20006b3f  writeData                      
20006b89  Adafruit_Init                  
20006cbb  goTo                           
20006cff  Color565                       
20006d41  fillScreen                     
20006d57  fillRect                       
20006e09  drawFastVLine                  
20006ea9  drawFastHLine                  
20006f45  drawPixel                      
20006f83  invert                         
20006f9f  __aeabi_idiv0                  
20006f9f  __aeabi_ldiv0                  
20007027  I2C_IF_Write                   
200070d7  I2C_IF_Read                    
20007193  I2C_IF_ReadFrom                
200071d9  I2C_IF_Open                    
2000723f  I2C_IF_Close                   
20007689  __aeabi_dsub                   
20007693  __aeabi_dadd                   
20007841  PRCMCC3200MCUInit              
200079b9  sqrt                           
200079b9  sqrtl                          
20007c51  __aeabi_ddiv                   
20007ea9  aligned_alloc                  
20007ea9  memalign                       
20007fc1  fputs                          
200080d5  PinMuxConfig                   
200081e5  strtoul                        
200082f5  __aeabi_dmul                   
200083f1  free                           
200084d5  setvbuf                        
200085b1  ldexp                          
200085b1  ldexpl                         
200085b1  scalbn                         
200085b1  scalbnl                        
20008735  IntEnable                      
200087dd  SPIConfigSetExpClk             
2000887d  __aeabi_memcpy                 
2000887d  __aeabi_memcpy4                
2000887d  __aeabi_memcpy8                
2000887d  memcpy                         
20008919  __aeabi_uldivmod               
200089b1  PRCMPeripheralClockGet         
20008a45  fputc                          
20008a45  putc                           
20008ad1  PinConfigSet                   
20008b59  __aeabi_cdcmpeq                
20008b59  __aeabi_cdcmple                
20008bdf  __aeabi_cdrcmple               
20008c65  I2CMasterInitExpClk            
20008ce9  __aeabi_memclr                 
20008ce9  __aeabi_memclr4                
20008ce9  __aeabi_memclr8                
20008ceb  __aeabi_memset                 
20008ceb  __aeabi_memset4                
20008ceb  __aeabi_memset8                
20008cf1  memset                         
20008d65  __TI_closefile                 
20008eb9  HOSTrename                     
20008f25  HOSTlseek                      
20008f8d  __TI_decompress_lzss           
20008ff5  printf                         
2000905d  fseek                          
200090c1  __TI_wrt_ok                    
20009125  HOSTopen                       
20009185  close                          
200091e1  frexp                          
200091e1  frexpl                         
2000923d  HOSTread                       
20009295  HOSTwrite                      
200092ed  PRCMPeripheralReset            
2000939b  ltoa                           
20009441  __TI_doflush                   
2000948d  atoi                           
200094d9  exit                           
20009521  __aeabi_d2iz                   
20009569  HOSTclose                      
200095ad  HOSTunlink                     
200095f1  __TI_auto_init_nobinit_nopinit 
20009635  getdevice                      
20009679  PinModeSet                     
200096b9  strtok                         
20009739  PRCMPeripheralClkEnable        
20009775  __TI_writemsg                  
200097a3  C$$IO$$                        
200097ad  GPIODirModeSet                 
200097e3  strncpy                        
20009819  __TI_cleanup                   
2000984d  __TI_readmsg                   
20009881  rand                           
200098b5  PinTypeGPIO                    
200098e5  finddevice                     
20009915  __aeabi_i2d                    
20009943  I2CMasterErr                   
20009971  PRCMSysResetCauseGet           
2000999d  remove                         
2000999d  unlink                         
200099c9  strspn                         
200099f5  PRCMPeripheralClkDisable       
20009a45  lseek                          
20009a6d  write                          
20009a95  _c_int00_noargs                
20009ab9  strcspn                        
20009add  I2CMasterSlaveAddrSet          
20009aff  SPIReset                       
20009b21  GPIOPinWrite                   
20009b41  SPIDataGet                     
20009b61  memchr                         
20009b81  I2CMasterIntStatusEx           
20009b9f  SPIDataPut                     
20009bbd  PinTypeI2C                     
20009bd9  __TI_zero_init_nomemset        
20009c11  memccpy                        
20009c2d  PinTypeSPI                     
20009c47  I2CMasterIntEnableEx           
20009c5f  SPICSDisable                   
20009c77  SPICSEnable                    
20009c8f  SPIEnable                      
20009ca7  strcmp                         
20009cbf  I2CMasterDataPut               
20009cd5  I2CMasterEnable                
20009ceb  PRCMHIBRegRead                 
20009d01  PRCMHIBRegWrite                
20009d17  strchr                         
20009d2d  CPUcpsie                       
20009d41  IntVTableBaseSet               
20009d55  strcpy                         
20009d69  strlen                         
20009d7d  I2CMasterControl               
20009d8f  I2CMasterIntClearEx            
20009da1  I2CMasterTimeoutSet            
20009db3  wcslen                         
20009dc5  I2CMasterDataGet               
20009dd3  __TI_decompress_none           
20009de1  ResetISR                       
20009def  copysign                       
20009def  copysignl                      
20009dfb  IntMasterEnable                
20009e05  __aeabi_errno_addr             
20009e0d  malloc                         
20009e15  UtilsDelay                     
20009e23  _system_pre_init               
20009e27  C$$EXIT                        
20009e27  abort                          
2000a32b  _ctypes_                       
2000a820  __TI_static_base__             
2000a89c  __TI_Handler_Table_Base        
2000a8a8  __TI_Handler_Table_Limit       
2000a8b0  __TI_CINIT_Base                
2000a8c0  __TI_CINIT_Limit               
20017000  _sys_memory                    
20017800  _ftable                        
200178f0  _device                        
20017968  _stream                        
200179b8  cursor_x                       
200179bc  cursor_y                       
200179c0  textsize                       
200179c4  textcolor                      
200179c8  textbgcolor                    
200179cc  wrap                           
200179d0  __TI_ft_end                    
200179d4  __aeabi_stdin                  
200179d8  __aeabi_stdout                 
200179dc  __aeabi_stderr                 
200179e0  __TI_cleanup_ptr               
200179e4  __TI_dtors_ptr                 
200179e8  __TI_enable_exit_profile_output
200179ec  _lock                          
200179f0  _unlock                        
200179fc  errno                          
20017a08  __CIOBUF_                      
20017b28  __TI_tmpnams                   
20017bc8  parmbuf                        
2002f800  __stack                        
20030000  __STACK_END                    
ffffffff  __TI_pprof_out_hndl            
ffffffff  __TI_prof_data_size            
ffffffff  __TI_prof_data_start           
ffffffff  __binit__                      
ffffffff  __c_args__                     
ffffffff  binit                          
UNDEFED   __mpu_init                     
UNDEFED   _system_post_cinit             

[217 symbols]
